******************************************************************************
                  TI ARM Linker PC v20.2.7                     
******************************************************************************
>> Linked Fri Sep 23 16:52:28 2022

OUTPUT FILE NAME:   <EGR326_Lab3_Part2.out>
ENTRY POINT SYMBOL: "_c_int00_noargs"  address: 00000db9


MEMORY CONFIGURATION

         name            origin    length      used     unused   attr    fill
----------------------  --------  ---------  --------  --------  ----  --------
  MAIN                  00000000   00040000  00000e8a  0003f176  R  X
  INFO                  00200000   00004000  00000000  00004000  R  X
  SRAM_CODE             01000000   00010000  00000228  0000fdd8  RW X
  SRAM_DATA             20000000   00010000  00000228  0000fdd8  RW  


SEGMENT ALLOCATION MAP

run origin  load origin   length   init length attrs members
----------  ----------- ---------- ----------- ----- -------
00000000    00000000    00000e90   00000e90    r-x
  00000000    00000000    000000e4   000000e4    r-- .intvecs
  000000e4    000000e4    00000d76   00000d76    r-x .text
  00000e60    00000e60    00000030   00000030    r-- .cinit
20000000    20000000    00000028   00000000    rw-
  20000000    20000000    00000024   00000000    rw- .bss
  20000024    20000024    00000004   00000000    rw- .data
2000fe00    2000fe00    00000200   00000000    rw-
  2000fe00    2000fe00    00000200   00000000    rw- .stack


SECTION ALLOCATION MAP

 output                                  attributes/
section   page    origin      length       input sections
--------  ----  ----------  ----------   ----------------
.intvecs   0    00000000    000000e4     
                  00000000    000000e4     startup_msp432p401r_ccs.obj (.intvecs:retain)

.text      0    000000e4    00000d76     
                  000000e4    00000334     system_msp432p401r.obj (.text)
                  00000418    000001b6     rtsv7M4_T_le_v4SPD16_eabi.lib : fd_add_t2.asm.obj (.text)
                  000005ce    00000002     --HOLE-- [fill = 0]
                  000005d0    000001b0     EGR326_Lab3_Part2.obj (.text)
                  00000780    00000136     rtsv7M4_T_le_v4SPD16_eabi.lib : fd_div_t2.asm.obj (.text)
                  000008b6    00000002     --HOLE-- [fill = 0]
                  000008b8    00000128     sonar.obj (.text)
                  000009e0    000000fc     rtsv7M4_T_le_v4SPD16_eabi.lib : fd_mul_t2.asm.obj (.text)
                  00000adc    0000009c                                   : memcpy_t2.asm.obj (.text)
                  00000b78    00000088     SysTickTimer.obj (.text)
                  00000c00    00000086     rtsv7M4_T_le_v4SPD16_eabi.lib : fd_cmp_t2.asm.obj (.text:__aeabi_cdcmple)
                  00000c86    00000086                                   : fd_cmp_t2.asm.obj (.text:__aeabi_cdrcmple)
                  00000d0c    00000068                                   : copy_decompress_lzss.c.obj (.text:decompress:lzss:__TI_decompress_lzss)
                  00000d74    00000044                                   : autoinit.c.obj (.text:__TI_auto_init_nobinit_nopinit:__TI_auto_init_nobinit_nopinit)
                  00000db8    00000034                                   : boot_cortex_m.c.obj (.text:_c_int00_noargs:_c_int00_noargs)
                  00000dec    0000002e                                   : i_tofd_t2.asm.obj (.text)
                  00000e1a    0000001c                                   : copy_zero_init.c.obj (.text:decompress:ZI:__TI_zero_init_nomemset:__TI_zero_init_nomemset)
                  00000e36    0000000e                                   : copy_decompress_none.c.obj (.text:decompress:none:__TI_decompress_none)
                  00000e44    0000000e     startup_msp432p401r_ccs.obj (.text)
                  00000e52    00000004     rtsv7M4_T_le_v4SPD16_eabi.lib : pre_init.c.obj (.text:_system_pre_init)
                  00000e56    00000004                                   : exit.c.obj (.text:abort:abort)

.cinit     0    00000e60    00000030     
                  00000e60    0000000c     (__TI_handler_table)
                  00000e6c    00000004     --HOLE-- [fill = 0]
                  00000e70    00000008     (.cinit..bss.load) [load image, compression = zero_init]
                  00000e78    00000008     (.cinit..data.load) [load image, compression = lzss]
                  00000e80    00000010     (__TI_cinit_table)

.init_array 
*          0    00000000    00000000     UNINITIALIZED

.binit     0    00000000    00000000     

.bss       0    20000000    00000024     UNINITIALIZED
                  20000000    00000008     (.common:distance)
                  20000008    00000008     (.common:distance_in)
                  20000010    00000008     (.common:echo_length)
                  20000018    00000004     (.common:blinkOn)
                  2000001c    00000004     (.common:echo_on)
                  20000020    00000004     (.common:intervalCnt)

.data      0    20000024    00000004     UNINITIALIZED
                  20000024    00000004     system_msp432p401r.obj (.data)

.stack     0    2000fe00    00000200     UNINITIALIZED
                  2000fe00    00000004     rtsv7M4_T_le_v4SPD16_eabi.lib : boot_cortex_m.c.obj (.stack)
                  2000fe04    000001fc     --HOLE--

__llvm_prf_cnts 
*          0    20000000    00000000     UNINITIALIZED

MODULE SUMMARY

       Module                        code   ro data   rw data
       ------                        ----   -------   -------
    .\
       system_msp432p401r.obj        820    0         8      
       EGR326_Lab3_Part2.obj         432    0         72     
       sonar.obj                     296    0         0      
       startup_msp432p401r_ccs.obj   14     228       0      
       SysTickTimer.obj              136    0         0      
    +--+-----------------------------+------+---------+---------+
       Total:                        1698   228       80     
                                                             
    C:\ti\ccs1040\ccs\tools\compiler\ti-cgt-arm_20.2.7.LTS\lib\rtsv7M4_T_le_v4SPD16_eabi.lib
       fd_add_t2.asm.obj             438    0         0      
       fd_div_t2.asm.obj             310    0         0      
       fd_cmp_t2.asm.obj             268    0         0      
       fd_mul_t2.asm.obj             252    0         0      
       memcpy_t2.asm.obj             156    0         0      
       copy_decompress_lzss.c.obj    104    0         0      
       autoinit.c.obj                68     0         0      
       boot_cortex_m.c.obj           52     0         0      
       i_tofd_t2.asm.obj             46     0         0      
       copy_zero_init.c.obj          28     0         0      
       copy_decompress_none.c.obj    14     0         0      
       exit.c.obj                    4      0         0      
       pre_init.c.obj                4      0         0      
    +--+-----------------------------+------+---------+---------+
       Total:                        1744   0         0      
                                                             
       Stack:                        0      0         1024   
       Linker Generated:             0      44        0      
    +--+-----------------------------+------+---------+---------+
       Grand Total:                  3442   272       1104   


LINKER GENERATED COPY TABLES

__TI_cinit_table @ 00000e80 records: 2, size/record: 8, table size: 16
	.bss: load addr=00000e70, load size=00000008 bytes, run addr=20000000, run size=00000024 bytes, compression=zero_init
	.data: load addr=00000e78, load size=00000008 bytes, run addr=20000024, run size=00000004 bytes, compression=lzss


LINKER GENERATED HANDLER TABLE

__TI_handler_table @ 00000e60 records: 3, size/record: 4, table size: 12
	index: 0, handler: __TI_decompress_lzss
	index: 1, handler: __TI_decompress_none
	index: 2, handler: __TI_zero_init


GLOBAL SYMBOLS: SORTED ALPHABETICALLY BY Name 

address   name                          
-------   ----                          
00000e51  ADC14_IRQHandler              
00000e51  AES256_IRQHandler             
00000e51  BusFault_Handler              
00000e57  C$$EXIT                       
00000e51  COMP_E0_IRQHandler            
00000e51  COMP_E1_IRQHandler            
00000e51  CS_IRQHandler                 
00000e51  DMA_ERR_IRQHandler            
00000e51  DMA_INT0_IRQHandler           
00000e51  DMA_INT1_IRQHandler           
00000e51  DMA_INT2_IRQHandler           
00000e51  DMA_INT3_IRQHandler           
00000e51  DebugMon_Handler              
00000e51  Default_Handler               
00000e51  EUSCIA0_IRQHandler            
00000e51  EUSCIA1_IRQHandler            
00000e51  EUSCIA2_IRQHandler            
00000e51  EUSCIA3_IRQHandler            
00000e51  EUSCIB0_IRQHandler            
00000e51  EUSCIB1_IRQHandler            
00000e51  EUSCIB2_IRQHandler            
00000e51  EUSCIB3_IRQHandler            
00000e51  FLCTL_IRQHandler              
00000e51  FPU_IRQHandler                
00000e51  HardFault_Handler             
00000e51  MemManage_Handler             
00000e51  NMI_Handler                   
00000e51  PCM_IRQHandler                
00000e51  PORT1_IRQHandler              
00000e51  PORT2_IRQHandler              
00000e51  PORT3_IRQHandler              
00000e51  PORT4_IRQHandler              
00000e51  PORT5_IRQHandler              
00000e51  PORT6_IRQHandler              
00000e51  PSS_IRQHandler                
00000e51  PendSV_Handler                
00000e51  RTC_C_IRQHandler              
00000e45  Reset_Handler                 
00000e51  SVC_Handler                   
00000b79  SysTickTimer                  
00000bd7  SysTick_Handler               
00000bd7  SysTick_Handler               
00000b9f  SysTick_init                  
00000bbb  SysTick_init_interrupt        
20000024  SystemCoreClock               
000000e5  SystemCoreClockUpdate         
0000035d  SystemInit                    
00000e51  T32_INT1_IRQHandler           
00000e51  T32_INT2_IRQHandler           
00000e51  T32_INTC_IRQHandler           
00000e51  TA0_0_IRQHandler              
0000096f  TA0_N_IRQHandler              
0000096f  TA0_N_IRQHandler              
00000e51  TA1_0_IRQHandler              
00000e51  TA1_N_IRQHandler              
00000e51  TA2_0_IRQHandler              
00000e51  TA2_N_IRQHandler              
00000e51  TA3_0_IRQHandler              
00000e51  TA3_N_IRQHandler              
00000e51  UsageFault_Handler            
4000480c  WDTCTL_SYM                    
00000e51  WDT_A_IRQHandler              
20010000  __STACK_END                   
00000200  __STACK_SIZE                  
00000e80  __TI_CINIT_Base               
00000e90  __TI_CINIT_Limit              
00000e60  __TI_Handler_Table_Base       
00000e6c  __TI_Handler_Table_Limit      
00000d75  __TI_auto_init_nobinit_nopinit
00000d0d  __TI_decompress_lzss          
00000e37  __TI_decompress_none          
ffffffff  __TI_pprof_out_hndl           
ffffffff  __TI_prof_data_size           
ffffffff  __TI_prof_data_start          
00000000  __TI_static_base__            
00000e1b  __TI_zero_init_nomemset       
00000c01  __aeabi_cdcmpeq               
00000c01  __aeabi_cdcmple               
00000c87  __aeabi_cdrcmple              
00000423  __aeabi_dadd                  
00000781  __aeabi_ddiv                  
000009e1  __aeabi_dmul                  
00000419  __aeabi_dsub                  
00000ded  __aeabi_i2d                   
00000add  __aeabi_memcpy                
00000add  __aeabi_memcpy4               
00000add  __aeabi_memcpy8               
ffffffff  __binit__                     
ffffffff  __c_args__                    
UNDEFED   __mpu_init                    
2000fe00  __stack                       
20000000  __start___llvm_prf_cnts       
20000000  __stop___llvm_prf_cnts        
00000db9  _c_int00_noargs               
UNDEFED   _system_post_cinit            
00000e53  _system_pre_init              
00000e57  abort                         
ffffffff  binit                         
20000018  blinkOn                       
20000000  distance                      
20000008  distance_in                   
20000010  echo_length                   
2000001c  echo_on                       
00000000  interruptVectors              
20000020  intervalCnt                   
000005fd  main                          
00000add  memcpy                        
000008c9  sonar_pin_init                
000008b9  sonar_trig                    
00000943  timerA_init_echo              
00000925  timerA_init_trigger           


GLOBAL SYMBOLS: SORTED BY Symbol Address 

address   name                          
-------   ----                          
00000000  __TI_static_base__            
00000000  interruptVectors              
000000e5  SystemCoreClockUpdate         
00000200  __STACK_SIZE                  
0000035d  SystemInit                    
00000419  __aeabi_dsub                  
00000423  __aeabi_dadd                  
000005fd  main                          
00000781  __aeabi_ddiv                  
000008b9  sonar_trig                    
000008c9  sonar_pin_init                
00000925  timerA_init_trigger           
00000943  timerA_init_echo              
0000096f  TA0_N_IRQHandler              
0000096f  TA0_N_IRQHandler              
000009e1  __aeabi_dmul                  
00000add  __aeabi_memcpy                
00000add  __aeabi_memcpy4               
00000add  __aeabi_memcpy8               
00000add  memcpy                        
00000b79  SysTickTimer                  
00000b9f  SysTick_init                  
00000bbb  SysTick_init_interrupt        
00000bd7  SysTick_Handler               
00000bd7  SysTick_Handler               
00000c01  __aeabi_cdcmpeq               
00000c01  __aeabi_cdcmple               
00000c87  __aeabi_cdrcmple              
00000d0d  __TI_decompress_lzss          
00000d75  __TI_auto_init_nobinit_nopinit
00000db9  _c_int00_noargs               
00000ded  __aeabi_i2d                   
00000e1b  __TI_zero_init_nomemset       
00000e37  __TI_decompress_none          
00000e45  Reset_Handler                 
00000e51  ADC14_IRQHandler              
00000e51  AES256_IRQHandler             
00000e51  BusFault_Handler              
00000e51  COMP_E0_IRQHandler            
00000e51  COMP_E1_IRQHandler            
00000e51  CS_IRQHandler                 
00000e51  DMA_ERR_IRQHandler            
00000e51  DMA_INT0_IRQHandler           
00000e51  DMA_INT1_IRQHandler           
00000e51  DMA_INT2_IRQHandler           
00000e51  DMA_INT3_IRQHandler           
00000e51  DebugMon_Handler              
00000e51  Default_Handler               
00000e51  EUSCIA0_IRQHandler            
00000e51  EUSCIA1_IRQHandler            
00000e51  EUSCIA2_IRQHandler            
00000e51  EUSCIA3_IRQHandler            
00000e51  EUSCIB0_IRQHandler            
00000e51  EUSCIB1_IRQHandler            
00000e51  EUSCIB2_IRQHandler            
00000e51  EUSCIB3_IRQHandler            
00000e51  FLCTL_IRQHandler              
00000e51  FPU_IRQHandler                
00000e51  HardFault_Handler             
00000e51  MemManage_Handler             
00000e51  NMI_Handler                   
00000e51  PCM_IRQHandler                
00000e51  PORT1_IRQHandler              
00000e51  PORT2_IRQHandler              
00000e51  PORT3_IRQHandler              
00000e51  PORT4_IRQHandler              
00000e51  PORT5_IRQHandler              
00000e51  PORT6_IRQHandler              
00000e51  PSS_IRQHandler                
00000e51  PendSV_Handler                
00000e51  RTC_C_IRQHandler              
00000e51  SVC_Handler                   
00000e51  T32_INT1_IRQHandler           
00000e51  T32_INT2_IRQHandler           
00000e51  T32_INTC_IRQHandler           
00000e51  TA0_0_IRQHandler              
00000e51  TA1_0_IRQHandler              
00000e51  TA1_N_IRQHandler              
00000e51  TA2_0_IRQHandler              
00000e51  TA2_N_IRQHandler              
00000e51  TA3_0_IRQHandler              
00000e51  TA3_N_IRQHandler              
00000e51  UsageFault_Handler            
00000e51  WDT_A_IRQHandler              
00000e53  _system_pre_init              
00000e57  C$$EXIT                       
00000e57  abort                         
00000e60  __TI_Handler_Table_Base       
00000e6c  __TI_Handler_Table_Limit      
00000e80  __TI_CINIT_Base               
00000e90  __TI_CINIT_Limit              
20000000  __start___llvm_prf_cnts       
20000000  __stop___llvm_prf_cnts        
20000000  distance                      
20000008  distance_in                   
20000010  echo_length                   
20000018  blinkOn                       
2000001c  echo_on                       
20000020  intervalCnt                   
20000024  SystemCoreClock               
2000fe00  __stack                       
20010000  __STACK_END                   
4000480c  WDTCTL_SYM                    
ffffffff  __TI_pprof_out_hndl           
ffffffff  __TI_prof_data_size           
ffffffff  __TI_prof_data_start          
ffffffff  __binit__                     
ffffffff  __c_args__                    
ffffffff  binit                         
UNDEFED   __mpu_init                    
UNDEFED   _system_post_cinit            

[111 symbols]
