******************************************************************************
                  TI ARM Linker PC v20.2.7                     
******************************************************************************
>> Linked Fri Oct 28 01:06:42 2022

OUTPUT FILE NAME:   <lab8.out>
ENTRY POINT SYMBOL: "_c_int00_noargs"  address: 000009b9


MEMORY CONFIGURATION

         name            origin    length      used     unused   attr    fill
----------------------  --------  ---------  --------  --------  ----  --------
  MAIN                  00000000   00040000  00000a5c  0003f5a4  R  X
  INFO                  00200000   00004000  00000000  00004000  R  X
  SRAM_CODE             01000000   00010000  00000209  0000fdf7  RW X
  SRAM_DATA             20000000   00010000  00000209  0000fdf7  RW  


SEGMENT ALLOCATION MAP

run origin  load origin   length   init length attrs members
----------  ----------- ---------- ----------- ----- -------
00000000    00000000    00000a60   00000a60    r-x
  00000000    00000000    000000e4   000000e4    r-- .intvecs
  000000e4    000000e4    00000948   00000948    r-x .text
  00000a30    00000a30    00000030   00000030    r-- .cinit
20000000    20000000    0000000c   00000000    rw-
  20000000    20000000    00000005   00000000    rw- .bss
  20000008    20000008    00000004   00000000    rw- .data
2000fe00    2000fe00    00000200   00000000    rw-
  2000fe00    2000fe00    00000200   00000000    rw- .stack


SECTION ALLOCATION MAP

 output                                  attributes/
section   page    origin      length       input sections
--------  ----  ----------  ----------   ----------------
.intvecs   0    00000000    000000e4     
                  00000000    000000e4     startup_msp432p401r_ccs.obj (.intvecs:retain)

.text      0    000000e4    00000948     
                  000000e4    00000334     system_msp432p401r.obj (.text)
                  00000418    00000160     pinsInint.obj (.text)
                  00000578    00000114     main.obj (.text)
                  0000068c    000000d0     SPI.obj (.text)
                  0000075c    0000009c     rtsv7M4_T_le_v4SPD16_eabi.lib : memcpy_t2.asm.obj (.text)
                  000007f8    00000094     Toggle.obj (.text)
                  0000088c    00000080     systick.obj (.text)
                  0000090c    00000068     rtsv7M4_T_le_v4SPD16_eabi.lib : copy_decompress_lzss.c.obj (.text:decompress:lzss:__TI_decompress_lzss)
                  00000974    00000044                                   : autoinit.c.obj (.text:__TI_auto_init_nobinit_nopinit:__TI_auto_init_nobinit_nopinit)
                  000009b8    00000034                                   : boot_cortex_m.c.obj (.text:_c_int00_noargs:_c_int00_noargs)
                  000009ec    0000001c                                   : copy_zero_init.c.obj (.text:decompress:ZI:__TI_zero_init_nomemset:__TI_zero_init_nomemset)
                  00000a08    0000000e                                   : copy_decompress_none.c.obj (.text:decompress:none:__TI_decompress_none)
                  00000a16    0000000e     startup_msp432p401r_ccs.obj (.text)
                  00000a24    00000004     rtsv7M4_T_le_v4SPD16_eabi.lib : pre_init.c.obj (.text:_system_pre_init)
                  00000a28    00000004                                   : exit.c.obj (.text:abort:abort)

.cinit     0    00000a30    00000030     
                  00000a30    0000000c     (__TI_handler_table)
                  00000a3c    00000004     --HOLE-- [fill = 0]
                  00000a40    00000008     (.cinit..bss.load) [load image, compression = zero_init]
                  00000a48    00000008     (.cinit..data.load) [load image, compression = lzss]
                  00000a50    00000010     (__TI_cinit_table)

.init_array 
*          0    00000000    00000000     UNINITIALIZED

.binit     0    00000000    00000000     

.bss       0    20000000    00000005     UNINITIALIZED
                  20000000    00000004     (.common:s_csPin7Seg)
                  20000004    00000001     (.common:tens)

.data      0    20000008    00000004     UNINITIALIZED
                  20000008    00000004     system_msp432p401r.obj (.data)

.stack     0    2000fe00    00000200     UNINITIALIZED
                  2000fe00    00000004     rtsv7M4_T_le_v4SPD16_eabi.lib : boot_cortex_m.c.obj (.stack)
                  2000fe04    000001fc     --HOLE--

__llvm_prf_cnts 
*          0    20000000    00000000     UNINITIALIZED

MODULE SUMMARY

       Module                        code   ro data   rw data
       ------                        ----   -------   -------
    .\
       system_msp432p401r.obj        820    0         8      
       pinsInint.obj                 352    0         0      
       main.obj                      276    0         2      
       startup_msp432p401r_ccs.obj   14     228       0      
       SPI.obj                       208    0         8      
       Toggle.obj                    148    0         0      
       systick.obj                   128    0         0      
    +--+-----------------------------+------+---------+---------+
       Total:                        1946   228       18     
                                                             
    C:\ti\ccs1200\ccs\tools\compiler\ti-cgt-arm_20.2.7.LTS\lib\rtsv7M4_T_le_v4SPD16_eabi.lib
       memcpy_t2.asm.obj             156    0         0      
       copy_decompress_lzss.c.obj    104    0         0      
       autoinit.c.obj                68     0         0      
       boot_cortex_m.c.obj           52     0         0      
       copy_zero_init.c.obj          28     0         0      
       copy_decompress_none.c.obj    14     0         0      
       exit.c.obj                    4      0         0      
       pre_init.c.obj                4      0         0      
    +--+-----------------------------+------+---------+---------+
       Total:                        430    0         0      
                                                             
       Stack:                        0      0         1024   
       Linker Generated:             0      44        0      
    +--+-----------------------------+------+---------+---------+
       Grand Total:                  2376   272       1042   


LINKER GENERATED COPY TABLES

__TI_cinit_table @ 00000a50 records: 2, size/record: 8, table size: 16
	.bss: load addr=00000a40, load size=00000008 bytes, run addr=20000000, run size=00000005 bytes, compression=zero_init
	.data: load addr=00000a48, load size=00000008 bytes, run addr=20000008, run size=00000004 bytes, compression=lzss


LINKER GENERATED HANDLER TABLE

__TI_handler_table @ 00000a30 records: 3, size/record: 4, table size: 12
	index: 0, handler: __TI_decompress_lzss
	index: 1, handler: __TI_decompress_none
	index: 2, handler: __TI_zero_init


GLOBAL SYMBOLS: SORTED ALPHABETICALLY BY Name 

address   name                          
-------   ----                          
00000a23  ADC14_IRQHandler              
00000a23  AES256_IRQHandler             
00000a23  BusFault_Handler              
00000a29  C$$EXIT                       
00000a23  COMP_E0_IRQHandler            
00000a23  COMP_E1_IRQHandler            
00000a23  CS_IRQHandler                 
00000a23  DMA_ERR_IRQHandler            
00000a23  DMA_INT0_IRQHandler           
00000a23  DMA_INT1_IRQHandler           
00000a23  DMA_INT2_IRQHandler           
00000a23  DMA_INT3_IRQHandler           
00000a23  DebugMon_Handler              
00000a23  Default_Handler               
00000a23  EUSCIA0_IRQHandler            
00000a23  EUSCIA1_IRQHandler            
00000a23  EUSCIA2_IRQHandler            
00000a23  EUSCIA3_IRQHandler            
00000a23  EUSCIB0_IRQHandler            
00000a23  EUSCIB1_IRQHandler            
00000a23  EUSCIB2_IRQHandler            
00000a23  EUSCIB3_IRQHandler            
00000a23  FLCTL_IRQHandler              
00000a23  FPU_IRQHandler                
00000a23  HardFault_Handler             
00000a23  MemManage_Handler             
00000a23  NMI_Handler                   
00000a23  PCM_IRQHandler                
00000a23  PORT1_IRQHandler              
00000a23  PORT2_IRQHandler              
00000a23  PORT3_IRQHandler              
00000a23  PORT4_IRQHandler              
00000a23  PORT5_IRQHandler              
00000a23  PORT6_IRQHandler              
00000a23  PSS_IRQHandler                
00000a23  PendSV_Handler                
00000a23  RTC_C_IRQHandler              
00000a17  Reset_Handler                 
00000a23  SVC_Handler                   
00000a23  SysTick_Handler               
20000008  SystemCoreClock               
000000e5  SystemCoreClockUpdate         
0000035d  SystemInit                    
00000a23  T32_INT1_IRQHandler           
00000a23  T32_INT2_IRQHandler           
00000a23  T32_INTC_IRQHandler           
00000a23  TA0_0_IRQHandler              
00000a23  TA0_N_IRQHandler              
00000a23  TA1_0_IRQHandler              
00000a23  TA1_N_IRQHandler              
00000a23  TA2_0_IRQHandler              
00000a23  TA2_N_IRQHandler              
00000a23  TA3_0_IRQHandler              
00000a23  TA3_N_IRQHandler              
00000a23  UsageFault_Handler            
4000480c  WDTCTL_SYM                    
00000a23  WDT_A_IRQHandler              
20010000  __STACK_END                   
00000200  __STACK_SIZE                  
00000a50  __TI_CINIT_Base               
00000a60  __TI_CINIT_Limit              
00000a30  __TI_Handler_Table_Base       
00000a3c  __TI_Handler_Table_Limit      
00000975  __TI_auto_init_nobinit_nopinit
0000090d  __TI_decompress_lzss          
00000a09  __TI_decompress_none          
ffffffff  __TI_pprof_out_hndl           
ffffffff  __TI_prof_data_size           
ffffffff  __TI_prof_data_start          
00000000  __TI_static_base__            
000009ed  __TI_zero_init_nomemset       
0000075d  __aeabi_memcpy                
0000075d  __aeabi_memcpy4               
0000075d  __aeabi_memcpy8               
ffffffff  __binit__                     
ffffffff  __c_args__                    
UNDEFED   __mpu_init                    
2000fe00  __stack                       
20000000  __start___llvm_prf_cnts       
20000000  __stop___llvm_prf_cnts        
000009b9  _c_int00_noargs               
UNDEFED   _system_post_cinit            
00000a25  _system_pre_init              
00000a29  abort                         
ffffffff  binit                         
00000000  interruptVectors              
00000579  main                          
0000075d  memcpy                        
20000000  s_csPin7Seg                   
20000004  tens                          
000004bf  vPrv_pinsInit_InitConfig      
0000068d  vSPI_Initlize                 
000006dd  vSPI_writeByte                
0000088d  vSysTick_Init                 
000008d3  vSysTick_IntteruptInit        
000008a9  vSysTick_mSecDelay            
0000086d  vToggle_toggle                
000007f9  vToggle_turnPinHigh           
00000833  vToggle_turnPinLow            
00000419  vpinsInit_GPIO                


GLOBAL SYMBOLS: SORTED BY Symbol Address 

address   name                          
-------   ----                          
00000000  __TI_static_base__            
00000000  interruptVectors              
000000e5  SystemCoreClockUpdate         
00000200  __STACK_SIZE                  
0000035d  SystemInit                    
00000419  vpinsInit_GPIO                
000004bf  vPrv_pinsInit_InitConfig      
00000579  main                          
0000068d  vSPI_Initlize                 
000006dd  vSPI_writeByte                
0000075d  __aeabi_memcpy                
0000075d  __aeabi_memcpy4               
0000075d  __aeabi_memcpy8               
0000075d  memcpy                        
000007f9  vToggle_turnPinHigh           
00000833  vToggle_turnPinLow            
0000086d  vToggle_toggle                
0000088d  vSysTick_Init                 
000008a9  vSysTick_mSecDelay            
000008d3  vSysTick_IntteruptInit        
0000090d  __TI_decompress_lzss          
00000975  __TI_auto_init_nobinit_nopinit
000009b9  _c_int00_noargs               
000009ed  __TI_zero_init_nomemset       
00000a09  __TI_decompress_none          
00000a17  Reset_Handler                 
00000a23  ADC14_IRQHandler              
00000a23  AES256_IRQHandler             
00000a23  BusFault_Handler              
00000a23  COMP_E0_IRQHandler            
00000a23  COMP_E1_IRQHandler            
00000a23  CS_IRQHandler                 
00000a23  DMA_ERR_IRQHandler            
00000a23  DMA_INT0_IRQHandler           
00000a23  DMA_INT1_IRQHandler           
00000a23  DMA_INT2_IRQHandler           
00000a23  DMA_INT3_IRQHandler           
00000a23  DebugMon_Handler              
00000a23  Default_Handler               
00000a23  EUSCIA0_IRQHandler            
00000a23  EUSCIA1_IRQHandler            
00000a23  EUSCIA2_IRQHandler            
00000a23  EUSCIA3_IRQHandler            
00000a23  EUSCIB0_IRQHandler            
00000a23  EUSCIB1_IRQHandler            
00000a23  EUSCIB2_IRQHandler            
00000a23  EUSCIB3_IRQHandler            
00000a23  FLCTL_IRQHandler              
00000a23  FPU_IRQHandler                
00000a23  HardFault_Handler             
00000a23  MemManage_Handler             
00000a23  NMI_Handler                   
00000a23  PCM_IRQHandler                
00000a23  PORT1_IRQHandler              
00000a23  PORT2_IRQHandler              
00000a23  PORT3_IRQHandler              
00000a23  PORT4_IRQHandler              
00000a23  PORT5_IRQHandler              
00000a23  PORT6_IRQHandler              
00000a23  PSS_IRQHandler                
00000a23  PendSV_Handler                
00000a23  RTC_C_IRQHandler              
00000a23  SVC_Handler                   
00000a23  SysTick_Handler               
00000a23  T32_INT1_IRQHandler           
00000a23  T32_INT2_IRQHandler           
00000a23  T32_INTC_IRQHandler           
00000a23  TA0_0_IRQHandler              
00000a23  TA0_N_IRQHandler              
00000a23  TA1_0_IRQHandler              
00000a23  TA1_N_IRQHandler              
00000a23  TA2_0_IRQHandler              
00000a23  TA2_N_IRQHandler              
00000a23  TA3_0_IRQHandler              
00000a23  TA3_N_IRQHandler              
00000a23  UsageFault_Handler            
00000a23  WDT_A_IRQHandler              
00000a25  _system_pre_init              
00000a29  C$$EXIT                       
00000a29  abort                         
00000a30  __TI_Handler_Table_Base       
00000a3c  __TI_Handler_Table_Limit      
00000a50  __TI_CINIT_Base               
00000a60  __TI_CINIT_Limit              
20000000  __start___llvm_prf_cnts       
20000000  __stop___llvm_prf_cnts        
20000000  s_csPin7Seg                   
20000004  tens                          
20000008  SystemCoreClock               
2000fe00  __stack                       
20010000  __STACK_END                   
4000480c  WDTCTL_SYM                    
ffffffff  __TI_pprof_out_hndl           
ffffffff  __TI_prof_data_size           
ffffffff  __TI_prof_data_start          
ffffffff  __binit__                     
ffffffff  __c_args__                    
ffffffff  binit                         
UNDEFED   __mpu_init                    
UNDEFED   _system_post_cinit            

[100 symbols]
