******************************************************************************
                  TI ARM Linker PC v20.2.7                     
******************************************************************************
>> Linked Fri Oct 28 01:03:58 2022

OUTPUT FILE NAME:   <EGR326_Lab8.out>
ENTRY POINT SYMBOL: "_c_int00_noargs"  address: 00000881


MEMORY CONFIGURATION

         name            origin    length      used     unused   attr    fill
----------------------  --------  ---------  --------  --------  ----  --------
  MAIN                  00000000   00040000  00000924  0003f6dc  R  X
  INFO                  00200000   00004000  00000000  00004000  R  X
  SRAM_CODE             01000000   00010000  00000219  0000fde7  RW X
  SRAM_DATA             20000000   00010000  00000219  0000fde7  RW  


SEGMENT ALLOCATION MAP

run origin  load origin   length   init length attrs members
----------  ----------- ---------- ----------- ----- -------
00000000    00000000    00000928   00000928    r-x
  00000000    00000000    000000e4   000000e4    r-- .intvecs
  000000e4    000000e4    00000810   00000810    r-x .text
  000008f8    000008f8    00000030   00000030    r-- .cinit
20000000    20000000    0000001c   00000000    rw-
  20000000    20000000    00000015   00000000    rw- .bss
  20000018    20000018    00000004   00000000    rw- .data
2000fe00    2000fe00    00000200   00000000    rw-
  2000fe00    2000fe00    00000200   00000000    rw- .stack


SECTION ALLOCATION MAP

 output                                  attributes/
section   page    origin      length       input sections
--------  ----  ----------  ----------   ----------------
.intvecs   0    00000000    000000e4     
                  00000000    000000e4     startup_msp432p401r_ccs.obj (.intvecs:retain)

.text      0    000000e4    00000810     
                  000000e4    00000334     system_msp432p401r.obj (.text)
                  00000418    0000011c     main.obj (.text)
                  00000534    000000ec     spi.obj (.text)
                  00000620    000000c8     GPIO_Interrupt.obj (.text)
                  000006e8    0000009c     rtsv7M4_T_le_v4SPD16_eabi.lib : memcpy_t2.asm.obj (.text)
                  00000784    00000068                                   : copy_decompress_lzss.c.obj (.text:decompress:lzss:__TI_decompress_lzss)
                  000007ec    00000050     SysTickTimer.obj (.text)
                  0000083c    00000044     rtsv7M4_T_le_v4SPD16_eabi.lib : autoinit.c.obj (.text:__TI_auto_init_nobinit_nopinit:__TI_auto_init_nobinit_nopinit)
                  00000880    00000034                                   : boot_cortex_m.c.obj (.text:_c_int00_noargs:_c_int00_noargs)
                  000008b4    0000001c                                   : copy_zero_init.c.obj (.text:decompress:ZI:__TI_zero_init_nomemset:__TI_zero_init_nomemset)
                  000008d0    0000000e                                   : copy_decompress_none.c.obj (.text:decompress:none:__TI_decompress_none)
                  000008de    0000000e     startup_msp432p401r_ccs.obj (.text)
                  000008ec    00000004     rtsv7M4_T_le_v4SPD16_eabi.lib : pre_init.c.obj (.text:_system_pre_init)
                  000008f0    00000004                                   : exit.c.obj (.text:abort:abort)

.cinit     0    000008f8    00000030     
                  000008f8    0000000c     (__TI_handler_table)
                  00000904    00000004     --HOLE-- [fill = 0]
                  00000908    00000008     (.cinit..bss.load) [load image, compression = zero_init]
                  00000910    00000008     (.cinit..data.load) [load image, compression = lzss]
                  00000918    00000010     (__TI_cinit_table)

.init_array 
*          0    00000000    00000000     UNINITIALIZED

.binit     0    00000000    00000000     

.bss       0    20000000    00000015     UNINITIALIZED
                  20000000    00000004     (.common:i)
                  20000004    00000004     (.common:j)
                  20000008    00000004     (.common:k)
                  2000000c    00000004     (.common:numPress)
                  20000010    00000004     (.common:numPress2)
                  20000014    00000001     (.common:pressed)

.data      0    20000018    00000004     UNINITIALIZED
                  20000018    00000004     system_msp432p401r.obj (.data)

.stack     0    2000fe00    00000200     UNINITIALIZED
                  2000fe00    00000004     rtsv7M4_T_le_v4SPD16_eabi.lib : boot_cortex_m.c.obj (.stack)
                  2000fe04    000001fc     --HOLE--

__llvm_prf_cnts 
*          0    20000000    00000000     UNINITIALIZED

MODULE SUMMARY

       Module                        code   ro data   rw data
       ------                        ----   -------   -------
    .\
       system_msp432p401r.obj        820    0         8      
       main.obj                      284    0         32     
       startup_msp432p401r_ccs.obj   14     228       0      
       spi.obj                       236    0         0      
       GPIO_Interrupt.obj            200    0         10     
       SysTickTimer.obj              80     0         0      
    +--+-----------------------------+------+---------+---------+
       Total:                        1634   228       50     
                                                             
    C:\ti\ccs1040\ccs\tools\compiler\ti-cgt-arm_20.2.7.LTS\lib\rtsv7M4_T_le_v4SPD16_eabi.lib
       memcpy_t2.asm.obj             156    0         0      
       copy_decompress_lzss.c.obj    104    0         0      
       autoinit.c.obj                68     0         0      
       boot_cortex_m.c.obj           52     0         0      
       copy_zero_init.c.obj          28     0         0      
       copy_decompress_none.c.obj    14     0         0      
       exit.c.obj                    4      0         0      
       pre_init.c.obj                4      0         0      
    +--+-----------------------------+------+---------+---------+
       Total:                        430    0         0      
                                                             
       Stack:                        0      0         1024   
       Linker Generated:             0      44        0      
    +--+-----------------------------+------+---------+---------+
       Grand Total:                  2064   272       1074   


LINKER GENERATED COPY TABLES

__TI_cinit_table @ 00000918 records: 2, size/record: 8, table size: 16
	.bss: load addr=00000908, load size=00000008 bytes, run addr=20000000, run size=00000015 bytes, compression=zero_init
	.data: load addr=00000910, load size=00000008 bytes, run addr=20000018, run size=00000004 bytes, compression=lzss


LINKER GENERATED HANDLER TABLE

__TI_handler_table @ 000008f8 records: 3, size/record: 4, table size: 12
	index: 0, handler: __TI_decompress_lzss
	index: 1, handler: __TI_decompress_none
	index: 2, handler: __TI_zero_init


GLOBAL SYMBOLS: SORTED ALPHABETICALLY BY Name 

address   name                          
-------   ----                          
000008eb  ADC14_IRQHandler              
000008eb  AES256_IRQHandler             
000008eb  BusFault_Handler              
000008f1  C$$EXIT                       
000008eb  COMP_E0_IRQHandler            
000008eb  COMP_E1_IRQHandler            
000008eb  CS_IRQHandler                 
000008eb  DMA_ERR_IRQHandler            
000008eb  DMA_INT0_IRQHandler           
000008eb  DMA_INT1_IRQHandler           
000008eb  DMA_INT2_IRQHandler           
000008eb  DMA_INT3_IRQHandler           
000008eb  DebugMon_Handler              
000008eb  Default_Handler               
000008eb  EUSCIA0_IRQHandler            
000008eb  EUSCIA1_IRQHandler            
000008eb  EUSCIA2_IRQHandler            
000008eb  EUSCIA3_IRQHandler            
000008eb  EUSCIB0_IRQHandler            
000008eb  EUSCIB1_IRQHandler            
000008eb  EUSCIB2_IRQHandler            
000008eb  EUSCIB3_IRQHandler            
000008eb  FLCTL_IRQHandler              
000008eb  FPU_IRQHandler                
000008eb  HardFault_Handler             
000008eb  MemManage_Handler             
000008eb  NMI_Handler                   
000008eb  PCM_IRQHandler                
00000621  PORT1_IRQHandler              
00000621  PORT1_IRQHandler              
000008eb  PORT2_IRQHandler              
000008eb  PORT3_IRQHandler              
000008eb  PORT4_IRQHandler              
000008eb  PORT5_IRQHandler              
000008eb  PORT6_IRQHandler              
000008eb  PSS_IRQHandler                
000008eb  PendSV_Handler                
000008eb  RTC_C_IRQHandler              
000008df  Reset_Handler                 
000008eb  SVC_Handler                   
00000813  SysTickInit                   
000007ed  SysTickTimer                  
000008eb  SysTick_Handler               
20000018  SystemCoreClock               
000000e5  SystemCoreClockUpdate         
0000035d  SystemInit                    
000008eb  T32_INT1_IRQHandler           
000008eb  T32_INT2_IRQHandler           
000008eb  T32_INTC_IRQHandler           
000008eb  TA0_0_IRQHandler              
000008eb  TA0_N_IRQHandler              
000008eb  TA1_0_IRQHandler              
000008eb  TA1_N_IRQHandler              
000008eb  TA2_0_IRQHandler              
000008eb  TA2_N_IRQHandler              
000008eb  TA3_0_IRQHandler              
000008eb  TA3_N_IRQHandler              
000008eb  UsageFault_Handler            
4000480c  WDTCTL_SYM                    
000008eb  WDT_A_IRQHandler              
20010000  __STACK_END                   
00000200  __STACK_SIZE                  
00000918  __TI_CINIT_Base               
00000928  __TI_CINIT_Limit              
000008f8  __TI_Handler_Table_Base       
00000904  __TI_Handler_Table_Limit      
0000083d  __TI_auto_init_nobinit_nopinit
00000785  __TI_decompress_lzss          
000008d1  __TI_decompress_none          
ffffffff  __TI_pprof_out_hndl           
ffffffff  __TI_prof_data_size           
ffffffff  __TI_prof_data_start          
00000000  __TI_static_base__            
000008b5  __TI_zero_init_nomemset       
000006e9  __aeabi_memcpy                
000006e9  __aeabi_memcpy4               
000006e9  __aeabi_memcpy8               
ffffffff  __binit__                     
ffffffff  __c_args__                    
UNDEFED   __mpu_init                    
2000fe00  __stack                       
20000000  __start___llvm_prf_cnts       
20000000  __stop___llvm_prf_cnts        
00000881  _c_int00_noargs               
UNDEFED   _system_post_cinit            
000008ed  _system_pre_init              
000008f1  abort                         
ffffffff  binit                         
20000000  i                             
00000000  interruptVectors              
20000004  j                             
20000008  k                             
00000419  main                          
000006e9  memcpy                        
2000000c  numPress                      
20000010  numPress2                     
0000066b  pin_init                      
20000014  pressed                       
00000535  spi_init                      
00000591  spi_write                     


GLOBAL SYMBOLS: SORTED BY Symbol Address 

address   name                          
-------   ----                          
00000000  __TI_static_base__            
00000000  interruptVectors              
000000e5  SystemCoreClockUpdate         
00000200  __STACK_SIZE                  
0000035d  SystemInit                    
00000419  main                          
00000535  spi_init                      
00000591  spi_write                     
00000621  PORT1_IRQHandler              
00000621  PORT1_IRQHandler              
0000066b  pin_init                      
000006e9  __aeabi_memcpy                
000006e9  __aeabi_memcpy4               
000006e9  __aeabi_memcpy8               
000006e9  memcpy                        
00000785  __TI_decompress_lzss          
000007ed  SysTickTimer                  
00000813  SysTickInit                   
0000083d  __TI_auto_init_nobinit_nopinit
00000881  _c_int00_noargs               
000008b5  __TI_zero_init_nomemset       
000008d1  __TI_decompress_none          
000008df  Reset_Handler                 
000008eb  ADC14_IRQHandler              
000008eb  AES256_IRQHandler             
000008eb  BusFault_Handler              
000008eb  COMP_E0_IRQHandler            
000008eb  COMP_E1_IRQHandler            
000008eb  CS_IRQHandler                 
000008eb  DMA_ERR_IRQHandler            
000008eb  DMA_INT0_IRQHandler           
000008eb  DMA_INT1_IRQHandler           
000008eb  DMA_INT2_IRQHandler           
000008eb  DMA_INT3_IRQHandler           
000008eb  DebugMon_Handler              
000008eb  Default_Handler               
000008eb  EUSCIA0_IRQHandler            
000008eb  EUSCIA1_IRQHandler            
000008eb  EUSCIA2_IRQHandler            
000008eb  EUSCIA3_IRQHandler            
000008eb  EUSCIB0_IRQHandler            
000008eb  EUSCIB1_IRQHandler            
000008eb  EUSCIB2_IRQHandler            
000008eb  EUSCIB3_IRQHandler            
000008eb  FLCTL_IRQHandler              
000008eb  FPU_IRQHandler                
000008eb  HardFault_Handler             
000008eb  MemManage_Handler             
000008eb  NMI_Handler                   
000008eb  PCM_IRQHandler                
000008eb  PORT2_IRQHandler              
000008eb  PORT3_IRQHandler              
000008eb  PORT4_IRQHandler              
000008eb  PORT5_IRQHandler              
000008eb  PORT6_IRQHandler              
000008eb  PSS_IRQHandler                
000008eb  PendSV_Handler                
000008eb  RTC_C_IRQHandler              
000008eb  SVC_Handler                   
000008eb  SysTick_Handler               
000008eb  T32_INT1_IRQHandler           
000008eb  T32_INT2_IRQHandler           
000008eb  T32_INTC_IRQHandler           
000008eb  TA0_0_IRQHandler              
000008eb  TA0_N_IRQHandler              
000008eb  TA1_0_IRQHandler              
000008eb  TA1_N_IRQHandler              
000008eb  TA2_0_IRQHandler              
000008eb  TA2_N_IRQHandler              
000008eb  TA3_0_IRQHandler              
000008eb  TA3_N_IRQHandler              
000008eb  UsageFault_Handler            
000008eb  WDT_A_IRQHandler              
000008ed  _system_pre_init              
000008f1  C$$EXIT                       
000008f1  abort                         
000008f8  __TI_Handler_Table_Base       
00000904  __TI_Handler_Table_Limit      
00000918  __TI_CINIT_Base               
00000928  __TI_CINIT_Limit              
20000000  __start___llvm_prf_cnts       
20000000  __stop___llvm_prf_cnts        
20000000  i                             
20000004  j                             
20000008  k                             
2000000c  numPress                      
20000010  numPress2                     
20000014  pressed                       
20000018  SystemCoreClock               
2000fe00  __stack                       
20010000  __STACK_END                   
4000480c  WDTCTL_SYM                    
ffffffff  __TI_pprof_out_hndl           
ffffffff  __TI_prof_data_size           
ffffffff  __TI_prof_data_start          
ffffffff  __binit__                     
ffffffff  __c_args__                    
ffffffff  binit                         
UNDEFED   __mpu_init                    
UNDEFED   _system_post_cinit            

[100 symbols]
