******************************************************************************
                  TI ARM Linker PC v20.2.7                     
******************************************************************************
>> Linked Tue Dec  6 22:46:41 2022

OUTPUT FILE NAME:   <finalPrjSlave.out>
ENTRY POINT SYMBOL: "_c_int00_noargs"  address: 000031b5


MEMORY CONFIGURATION

         name            origin    length      used     unused   attr    fill
----------------------  --------  ---------  --------  --------  ----  --------
  MAIN                  00000000   00040000  000035b9  0003ca47  R  X
  INFO                  00200000   00004000  00000000  00004000  R  X
  SRAM_CODE             01000000   00010000  000009cc  0000f634  RW X
  SRAM_DATA             20000000   00010000  000009cc  0000f634  RW  


SEGMENT ALLOCATION MAP

run origin  load origin   length   init length attrs members
----------  ----------- ---------- ----------- ----- -------
00000000    00000000    000035c0   000035c0    r-x
  00000000    00000000    000000e4   000000e4    r-- .intvecs
  000000e4    000000e4    0000333c   0000333c    r-x .text
  00003420    00003420    00000101   00000101    r-- .const
  00003528    00003528    00000098   00000098    r-- .cinit
20000000    20000000    000007ce   00000000    rw-
  20000000    20000000    00000400   00000000    rw- .sysmem
  20000400    20000400    000001f2   00000000    rw- .data
  200005f4    200005f4    000001da   00000000    rw- .bss
2000fe00    2000fe00    00000200   00000000    rw-
  2000fe00    2000fe00    00000200   00000000    rw- .stack


SECTION ALLOCATION MAP

 output                                  attributes/
section   page    origin      length       input sections
--------  ----  ----------  ----------   ----------------
.intvecs   0    00000000    000000e4     
                  00000000    000000e4     startup_msp432p401r_ccs.obj (.intvecs:retain)

.text      0    000000e4    0000333c     
                  000000e4    00000a4e     rtsv7M4_T_le_v4SPD16_eabi.lib : _printfi.c.obj (.text:__TI_printfi)
                  00000b32    00000002                                   : _lock.c.obj (.text:_nop)
                  00000b34    00000334     system_msp432p401r.obj (.text)
                  00000e68    00000270     rtsv7M4_T_le_v4SPD16_eabi.lib : _printfi.c.obj (.text:_pconv_a)
                  000010d8    00000210     main.obj (.text)
                  000012e8    000001d0     rtsv7M4_T_le_v4SPD16_eabi.lib : _printfi.c.obj (.text:_pconv_g)
                  000014b8    000001b6                                   : fd_add_t2.asm.obj (.text)
                  0000166e    00000002                                   : div0.asm.obj (.text)
                  00001670    0000017c     pinsInint.obj (.text)
                  000017ec    0000013c     rtsv7M4_T_le_v4SPD16_eabi.lib : _printfi.c.obj (.text:_pconv_e)
                  00001928    00000136                                   : fd_div_t2.asm.obj (.text)
                  00001a5e    00000002     --HOLE-- [fill = 0]
                  00001a60    00000124                                   : _printfi.c.obj (.text:fcvt)
                  00001b84    00000114                                   : fputs.c.obj (.text:fputs)
                  00001c98    00000110     HC-SR04.obj (.text)
                  00001da8    00000110     rtsv7M4_T_le_v4SPD16_eabi.lib : s_scalbn.c.obj (.text:scalbn)
                  00001eb8    00000100                                   : memory.c.obj (.text:aligned_alloc)
                  00001fb8    000000fc                                   : fd_mul_t2.asm.obj (.text)
                  000020b4    000000e4                                   : memory.c.obj (.text:free)
                  00002198    000000dc                                   : setvbuf.c.obj (.text:setvbuf)
                  00002274    000000b1                                   : _printfi.c.obj (.text:_ltostr)
                  00002325    00000003     --HOLE-- [fill = 0]
                  00002328    000000b0     readInputs.obj (.text)
                  000023d8    0000009c     rtsv7M4_T_le_v4SPD16_eabi.lib : memcpy_t2.asm.obj (.text)
                  00002474    00000096                                   : ull_div_t2.asm.obj (.text)
                  0000250a    00000002     --HOLE-- [fill = 0]
                  0000250c    0000008c                                   : fputc.c.obj (.text:fputc)
                  00002598    00000086                                   : fd_cmp_t2.asm.obj (.text:__aeabi_cdcmple)
                  0000261e    00000086                                   : fd_cmp_t2.asm.obj (.text:__aeabi_cdrcmple)
                  000026a4    00000080     speakerSound.obj (.text)
                  00002724    0000007a     rtsv7M4_T_le_v4SPD16_eabi.lib : memset_t2.asm.obj (.text)
                  0000279e    00000002     --HOLE-- [fill = 0]
                  000027a0    00000074                                   : fclose.c.obj (.text:__TI_closefile)
                  00002814    00000070                                   : memory.c.obj (.text:split)
                  00002884    0000006e                                   : _printfi.c.obj (.text:_mcpy)
                  000028f2    00000002     --HOLE-- [fill = 0]
                  000028f4    0000006c                                   : hostrename.c.obj (.text:HOSTrename)
                  00002960    00000068                                   : hostlseek.c.obj (.text:HOSTlseek)
                  000029c8    00000068                                   : copy_decompress_lzss.c.obj (.text:decompress:lzss:__TI_decompress_lzss)
                  00002a30    00000068                                   : printf.c.obj (.text:printf)
                  00002a98    00000064                                   : s_frexp.c.obj (.text:frexp)
                  00002afc    00000064                                   : fseek.c.obj (.text:fseek)
                  00002b60    00000062                                   : _io_perm.c.obj (.text:__TI_wrt_ok)
                  00002bc2    00000002     --HOLE-- [fill = 0]
                  00002bc4    00000060                                   : hostopen.c.obj (.text:HOSTopen)
                  00002c24    0000005c                                   : close.c.obj (.text:close)
                  00002c80    00000058                                   : hostread.c.obj (.text:HOSTread)
                  00002cd8    00000058                                   : hostwrite.c.obj (.text:HOSTwrite)
                  00002d30    00000056                                   : _printfi.c.obj (.text:_pconv_f)
                  00002d86    00000054                                   : _ltoa.c.obj (.text:__TI_ltoa)
                  00002dda    00000052                                   : _printfi.c.obj (.text:_ecpy)
                  00002e2c    0000004c                                   : fflush.c.obj (.text:__TI_doflush)
                  00002e78    0000004c                                   : atoi.c.obj (.text:atoi)
                  00002ec4    00000048                                   : exit.c.obj (.text:exit)
                  00002f0c    00000048                                   : fd_toi_t2.asm.obj (.text)
                  00002f54    00000044                                   : hostclose.c.obj (.text:HOSTclose)
                  00002f98    00000044                                   : hostunlink.c.obj (.text:HOSTunlink)
                  00002fdc    00000044                                   : autoinit.c.obj (.text:__TI_auto_init_nobinit_nopinit:__TI_auto_init_nobinit_nopinit)
                  00003020    00000044                                   : getdevice.c.obj (.text:getdevice)
                  00003064    0000003e                                   : _printfi.c.obj (.text:_fcpy)
                  000030a2    00000002     --HOLE-- [fill = 0]
                  000030a4    00000038                                   : trgmsg.c.obj (.text:__TI_writemsg)
                  000030dc    00000038                                   : fs_tod_t2.asm.obj (.text)
                  00003114    00000036                                   : strncpy.c.obj (.text:strncpy)
                  0000314a    00000002     --HOLE-- [fill = 0]
                  0000314c    00000034                                   : fopen.c.obj (.text:__TI_cleanup)
                  00003180    00000034                                   : trgmsg.c.obj (.text:__TI_readmsg)
                  000031b4    00000034                                   : boot_cortex_m.c.obj (.text:_c_int00_noargs:_c_int00_noargs)
                  000031e8    00000030                                   : getdevice.c.obj (.text:finddevice)
                  00003218    0000002e                                   : i_tofd_t2.asm.obj (.text)
                  00003246    00000002     --HOLE-- [fill = 0]
                  00003248    0000002c                                   : unlink.c.obj (.text:unlink)
                  00003274    00000028                                   : memory.c.obj (.text:free_list_insert)
                  0000329c    00000028                                   : lseek.c.obj (.text:lseek)
                  000032c4    00000028                                   : write.c.obj (.text:write)
                  000032ec    00000020                                   : memchr.c.obj (.text:memchr)
                  0000330c    0000001c                                   : copy_zero_init.c.obj (.text:decompress:ZI:__TI_zero_init_nomemset:__TI_zero_init_nomemset)
                  00003328    0000001c                                   : memory.c.obj (.text:free_list_remove)
                  00003344    0000001c                                   : memccpy.c.obj (.text:memccpy)
                  00003360    0000001a                                   : s_copysign.c.obj (.text:copysign)
                  0000337a    00000018                                   : strcmp.c.obj (.text:strcmp)
                  00003392    00000016                                   : strchr.c.obj (.text:strchr)
                  000033a8    00000014                                   : strcpy.c.obj (.text:strcpy)
                  000033bc    00000014                                   : strlen.c.obj (.text:strlen)
                  000033d0    00000012                                   : wcslen.c.obj (.text:wcslen)
                  000033e2    0000000e                                   : copy_decompress_none.c.obj (.text:decompress:none:__TI_decompress_none)
                  000033f0    0000000e     startup_msp432p401r_ccs.obj (.text)
                  000033fe    00000002     --HOLE-- [fill = 0]
                  00003400    00000008     rtsv7M4_T_le_v4SPD16_eabi.lib : errno.c.obj (.text:__aeabi_errno_addr)
                  00003408    00000008                                   : memory.c.obj (.text:malloc)
                  00003410    00000004                                   : printf.c.obj (.text:_outc)
                  00003414    00000004                                   : printf.c.obj (.text:_outs)
                  00003418    00000004                                   : pre_init.c.obj (.text:_system_pre_init)
                  0000341c    00000004                                   : exit.c.obj (.text:abort:abort)

.const     0    00003420    00000101     
                  00003420    00000101     rtsv7M4_T_le_v4SPD16_eabi.lib : ctype.c.obj (.const:.string:_ctypes_)

.cinit     0    00003528    00000098     
                  00003528    00000070     (.cinit..data.load) [load image, compression = lzss]
                  00003598    0000000c     (__TI_handler_table)
                  000035a4    00000004     --HOLE-- [fill = 0]
                  000035a8    00000008     (.cinit..bss.load) [load image, compression = zero_init]
                  000035b0    00000010     (__TI_cinit_table)

.init_array 
*          0    00000000    00000000     UNINITIALIZED

.binit     0    00000000    00000000     

.sysmem    0    20000000    00000400     UNINITIALIZED
                  20000000    00000010     rtsv7M4_T_le_v4SPD16_eabi.lib : memory.c.obj (.sysmem)
                  20000010    000003f0     --HOLE--

.data      0    20000400    000001f2     UNINITIALIZED
                  20000400    000000f0     rtsv7M4_T_le_v4SPD16_eabi.lib : defs.c.obj (.data:_ftable)
                  200004f0    00000078                                   : host_device.c.obj (.data:_device)
                  20000568    00000050                                   : host_device.c.obj (.data:_stream)
                  200005b8    00000010                                   : defs.c.obj (.data)
                  200005c8    0000000c                                   : exit.c.obj (.data:$O1$$)
                  200005d4    00000008                                   : _lock.c.obj (.data:$O1$$)
                  200005dc    00000008                                   : memory.c.obj (.data:$O1$$)
                  200005e4    00000004                                   : errno.c.obj (.data)
                  200005e8    00000004     system_msp432p401r.obj (.data)
                  200005ec    00000002     HC-SR04.obj (.data)
                  200005ee    00000002     main.obj (.data)
                  200005f0    00000002     readInputs.obj (.data)

.bss       0    200005f4    000001da     UNINITIALIZED
                  200005f4    00000120     rtsv7M4_T_le_v4SPD16_eabi.lib : trgmsg.c.obj (.bss:_CIOBUF_)
                  20000714    000000a0     (.common:__TI_tmpnams)
                  200007b4    00000008     (.common:parmbuf)
                  200007bc    00000004     (.common:HC_SRO4_Distance)
                  200007c0    00000004     (.common:s_VolDownButton)
                  200007c4    00000004     (.common:s_VolUpButton)
                  200007c8    00000002     (.common:HC_SRO4_ConvertedValue)
                  200007ca    00000002     (.common:HC_SRO4_lastConvertedValue)
                  200007cc    00000002     (.common:fallingEdge)

.stack     0    2000fe00    00000200     UNINITIALIZED
                  2000fe00    00000004     rtsv7M4_T_le_v4SPD16_eabi.lib : boot_cortex_m.c.obj (.stack)
                  2000fe04    000001fc     --HOLE--

__llvm_prf_cnts 
*          0    20000000    00000000     UNINITIALIZED

MODULE SUMMARY

       Module                        code    ro data   rw data
       ------                        ----    -------   -------
    .\
       system_msp432p401r.obj        820     0         8      
       main.obj                      528     0         36     
       pinsInint.obj                 380     0         0      
       HC-SR04.obj                   272     0         8      
       startup_msp432p401r_ccs.obj   14      228       0      
       readInputs.obj                176     0         4      
       speakerSound.obj              128     0         0      
    +--+-----------------------------+-------+---------+---------+
       Total:                        2318    228       56     
                                                              
    C:\ti\ccs1200\ccs\tools\compiler\ti-cgt-arm_20.2.7.LTS\lib\rtsv7M4_T_le_v4SPD16_eabi.lib
       _printfi.c.obj                4851    0         0      
       defs.c.obj                    0       0         832    
       memory.c.obj                  672     0         16     
       trgmsg.c.obj                  108     0         576    
       fd_add_t2.asm.obj             438     0         0      
       host_device.c.obj             0       0         400    
       fd_div_t2.asm.obj             310     0         0      
       fputs.c.obj                   276     0         0      
       s_scalbn.c.obj                272     0         0      
       fd_cmp_t2.asm.obj             268     0         0      
       ctype.c.obj                   0       257       0      
       fd_mul_t2.asm.obj             252     0         0      
       setvbuf.c.obj                 220     0         0      
       memcpy_t2.asm.obj             156     0         0      
       ull_div_t2.asm.obj            150     0         0      
       fputc.c.obj                   140     0         0      
       memset_t2.asm.obj             122     0         0      
       fclose.c.obj                  116     0         0      
       getdevice.c.obj               116     0         0      
       hostopen.c.obj                96      0         16     
       printf.c.obj                  112     0         0      
       hostrename.c.obj              108     0         0      
       copy_decompress_lzss.c.obj    104     0         0      
       hostlseek.c.obj               104     0         0      
       exit.c.obj                    76      0         24     
       fseek.c.obj                   100     0         0      
       s_frexp.c.obj                 100     0         0      
       _io_perm.c.obj                98      0         0      
       close.c.obj                   92      0         0      
       hostread.c.obj                88      0         0      
       hostwrite.c.obj               88      0         0      
       _ltoa.c.obj                   84      0         0      
       atoi.c.obj                    76      0         0      
       fflush.c.obj                  76      0         0      
       fd_toi_t2.asm.obj             72      0         0      
       autoinit.c.obj                68      0         0      
       hostclose.c.obj               68      0         0      
       hostunlink.c.obj              68      0         0      
       fs_tod_t2.asm.obj             56      0         0      
       strncpy.c.obj                 54      0         0      
       boot_cortex_m.c.obj           52      0         0      
       fopen.c.obj                   52      0         0      
       i_tofd_t2.asm.obj             46      0         0      
       unlink.c.obj                  44      0         0      
       lseek.c.obj                   40      0         0      
       write.c.obj                   40      0         0      
       memchr.c.obj                  32      0         0      
       copy_zero_init.c.obj          28      0         0      
       memccpy.c.obj                 28      0         0      
       s_copysign.c.obj              26      0         0      
       strcmp.c.obj                  24      0         0      
       strchr.c.obj                  22      0         0      
       strcpy.c.obj                  20      0         0      
       strlen.c.obj                  20      0         0      
       _lock.c.obj                   2       0         16     
       wcslen.c.obj                  18      0         0      
       errno.c.obj                   8       0         8      
       copy_decompress_none.c.obj    14      0         0      
       pre_init.c.obj                4       0         0      
       div0.asm.obj                  2       0         0      
    +--+-----------------------------+-------+---------+---------+
       Total:                        10777   257       1888   
                                                              
       Heap:                         0       0         2048   
       Stack:                        0       0         1024   
       Linker Generated:             0       148       0      
    +--+-----------------------------+-------+---------+---------+
       Grand Total:                  13095   633       5016   


LINKER GENERATED COPY TABLES

__TI_cinit_table @ 000035b0 records: 2, size/record: 8, table size: 16
	.data: load addr=00003528, load size=00000070 bytes, run addr=20000400, run size=000001f2 bytes, compression=lzss
	.bss: load addr=000035a8, load size=00000008 bytes, run addr=200005f4, run size=000001da bytes, compression=zero_init


LINKER GENERATED HANDLER TABLE

__TI_handler_table @ 00003598 records: 3, size/record: 4, table size: 12
	index: 0, handler: __TI_decompress_lzss
	index: 1, handler: __TI_decompress_none
	index: 2, handler: __TI_zero_init


GLOBAL SYMBOLS: SORTED ALPHABETICALLY BY Name 

address   name                           
-------   ----                           
000033fd  ADC14_IRQHandler               
000033fd  AES256_IRQHandler              
000033fd  BusFault_Handler               
0000341d  C$$EXIT                        
000030d3  C$$IO$$                        
000033fd  COMP_E0_IRQHandler             
000033fd  COMP_E1_IRQHandler             
000033fd  CS_IRQHandler                  
000033fd  DMA_ERR_IRQHandler             
000033fd  DMA_INT0_IRQHandler            
000033fd  DMA_INT1_IRQHandler            
000033fd  DMA_INT2_IRQHandler            
000033fd  DMA_INT3_IRQHandler            
000033fd  DebugMon_Handler               
000033fd  Default_Handler                
000033fd  EUSCIA0_IRQHandler             
000033fd  EUSCIA1_IRQHandler             
000033fd  EUSCIA2_IRQHandler             
000033fd  EUSCIA3_IRQHandler             
000033fd  EUSCIB0_IRQHandler             
000033fd  EUSCIB1_IRQHandler             
000033fd  EUSCIB2_IRQHandler             
000033fd  EUSCIB3_IRQHandler             
000033fd  FLCTL_IRQHandler               
000033fd  FPU_IRQHandler                 
200007c8  HC_SRO4_ConvertedValue         
200007bc  HC_SRO4_Distance               
200007ca  HC_SRO4_lastConvertedValue     
00002f55  HOSTclose                      
00002961  HOSTlseek                      
00002bc5  HOSTopen                       
00002c81  HOSTread                       
000028f5  HOSTrename                     
00002f99  HOSTunlink                     
00002cd9  HOSTwrite                      
000033fd  HardFault_Handler              
000033fd  MemManage_Handler              
000033fd  NMI_Handler                    
000033fd  PCM_IRQHandler                 
000033fd  PORT1_IRQHandler               
000011fd  PORT2_IRQHandler               
000011fd  PORT2_IRQHandler               
000033fd  PORT3_IRQHandler               
000033fd  PORT4_IRQHandler               
000033fd  PORT5_IRQHandler               
000033fd  PORT6_IRQHandler               
000033fd  PSS_IRQHandler                 
000033fd  PendSV_Handler                 
000033fd  RTC_C_IRQHandler               
000033f1  Reset_Handler                  
000033fd  SVC_Handler                    
000033fd  SysTick_Handler                
200005e8  SystemCoreClock                
00000b35  SystemCoreClockUpdate          
00000dad  SystemInit                     
000033fd  T32_INT1_IRQHandler            
000033fd  T32_INT2_IRQHandler            
000033fd  T32_INTC_IRQHandler            
000033fd  TA0_0_IRQHandler               
000033fd  TA0_N_IRQHandler               
000033fd  TA1_0_IRQHandler               
000033fd  TA1_N_IRQHandler               
000033fd  TA2_0_IRQHandler               
000011bf  TA2_N_IRQHandler               
000011bf  TA2_N_IRQHandler               
000033fd  TA3_0_IRQHandler               
000033fd  TA3_N_IRQHandler               
000033fd  UsageFault_Handler             
4000480c  WDTCTL_SYM                     
000033fd  WDT_A_IRQHandler               
200005f4  __CIOBUF_                      
20010000  __STACK_END                    
00000200  __STACK_SIZE                   
00000400  __SYSMEM_SIZE                  
000035b0  __TI_CINIT_Base                
000035c0  __TI_CINIT_Limit               
00003598  __TI_Handler_Table_Base        
000035a4  __TI_Handler_Table_Limit       
00002fdd  __TI_auto_init_nobinit_nopinit 
0000314d  __TI_cleanup                   
200005c8  __TI_cleanup_ptr               
000027a1  __TI_closefile                 
000029c9  __TI_decompress_lzss           
000033e3  __TI_decompress_none           
00002e2d  __TI_doflush                   
200005cc  __TI_dtors_ptr                 
200005d0  __TI_enable_exit_profile_output
200005b8  __TI_ft_end                    
00002d87  __TI_ltoa                      
ffffffff  __TI_pprof_out_hndl            
000000e5  __TI_printfi                   
ffffffff  __TI_prof_data_size            
ffffffff  __TI_prof_data_start           
00003181  __TI_readmsg                   
00000000  __TI_static_base__             
20000714  __TI_tmpnams                   
000030a5  __TI_writemsg                  
00002b61  __TI_wrt_ok                    
0000330d  __TI_zero_init_nomemset        
00002599  __aeabi_cdcmpeq                
00002599  __aeabi_cdcmple                
0000261f  __aeabi_cdrcmple               
00002f0d  __aeabi_d2iz                   
000014c3  __aeabi_dadd                   
00001929  __aeabi_ddiv                   
00001fb9  __aeabi_dmul                   
000014b9  __aeabi_dsub                   
00003401  __aeabi_errno_addr             
000030dd  __aeabi_f2d                    
00003219  __aeabi_i2d                    
0000166f  __aeabi_idiv0                  
0000166f  __aeabi_ldiv0                  
00002725  __aeabi_memclr                 
00002725  __aeabi_memclr4                
00002725  __aeabi_memclr8                
000023d9  __aeabi_memcpy                 
000023d9  __aeabi_memcpy4                
000023d9  __aeabi_memcpy8                
00002727  __aeabi_memset                 
00002727  __aeabi_memset4                
00002727  __aeabi_memset8                
200005c4  __aeabi_stderr                 
200005bc  __aeabi_stdin                  
200005c0  __aeabi_stdout                 
00002475  __aeabi_uldivmod               
ffffffff  __binit__                      
ffffffff  __c_args__                     
UNDEFED   __mpu_init                     
2000fe00  __stack                        
20000000  __start___llvm_prf_cnts        
20000000  __stop___llvm_prf_cnts         
000031b5  _c_int00_noargs                
00003420  _ctypes_                       
200004f0  _device                        
20000400  _ftable                        
200005d4  _lock                          
00000b33  _nop                           
20000568  _stream                        
20000000  _sys_memory                    
UNDEFED   _system_post_cinit             
00003419  _system_pre_init               
200005d8  _unlock                        
0000341d  abort                          
00001eb9  aligned_alloc                  
00002e79  atoi                           
ffffffff  binit                          
00002c25  close                          
00003361  copysign                       
00003361  copysignl                      
200005e4  errno                          
00002ec5  exit                           
200007cc  fallingEdge                    
000031e9  finddevice                     
0000250d  fputc                          
00001b85  fputs                          
000020b5  free                           
00002a99  frexp                          
00002a99  frexpl                         
00002afd  fseek                          
00003021  getdevice                      
00000000  interruptVectors               
00001da9  ldexp                          
00001da9  ldexpl                         
0000329d  lseek                          
00001105  main                           
00003409  malloc                         
00001eb9  memalign                       
00003345  memccpy                        
000032ed  memchr                         
000023d9  memcpy                         
0000272d  memset                         
200007b4  parmbuf                        
00002a31  printf                         
0000250d  putc                           
00003249  remove                         
200005ec  risingEdge                     
200007c0  s_VolDownButton                
200007c4  s_VolUpButton                  
00001da9  scalbn                         
00001da9  scalbnl                        
00002199  setvbuf                        
200005ee  speakerVolume                  
00003393  strchr                         
0000337b  strcmp                         
000033a9  strcpy                         
000033bd  strlen                         
00003115  strncpy                        
00003249  unlink                         
000026e9  vSpeakerSound_AdjustNoteVol    
000026a5  vSpeakerSound_Initlize         
00001671  vpinsInit_GPIO                 
000033d1  wcslen                         
000032c5  write                          
00001cdf  xHCSR04_GetSonarValue          
00001c99  xHCSR04_InitlizeTimerA         
00002329  xReadInputs_ReadPin            
0000236d  xReadInputs_read               


GLOBAL SYMBOLS: SORTED BY Symbol Address 

address   name                           
-------   ----                           
00000000  __TI_static_base__             
00000000  interruptVectors               
000000e5  __TI_printfi                   
00000200  __STACK_SIZE                   
00000400  __SYSMEM_SIZE                  
00000b33  _nop                           
00000b35  SystemCoreClockUpdate          
00000dad  SystemInit                     
00001105  main                           
000011bf  TA2_N_IRQHandler               
000011bf  TA2_N_IRQHandler               
000011fd  PORT2_IRQHandler               
000011fd  PORT2_IRQHandler               
000014b9  __aeabi_dsub                   
000014c3  __aeabi_dadd                   
0000166f  __aeabi_idiv0                  
0000166f  __aeabi_ldiv0                  
00001671  vpinsInit_GPIO                 
00001929  __aeabi_ddiv                   
00001b85  fputs                          
00001c99  xHCSR04_InitlizeTimerA         
00001cdf  xHCSR04_GetSonarValue          
00001da9  ldexp                          
00001da9  ldexpl                         
00001da9  scalbn                         
00001da9  scalbnl                        
00001eb9  aligned_alloc                  
00001eb9  memalign                       
00001fb9  __aeabi_dmul                   
000020b5  free                           
00002199  setvbuf                        
00002329  xReadInputs_ReadPin            
0000236d  xReadInputs_read               
000023d9  __aeabi_memcpy                 
000023d9  __aeabi_memcpy4                
000023d9  __aeabi_memcpy8                
000023d9  memcpy                         
00002475  __aeabi_uldivmod               
0000250d  fputc                          
0000250d  putc                           
00002599  __aeabi_cdcmpeq                
00002599  __aeabi_cdcmple                
0000261f  __aeabi_cdrcmple               
000026a5  vSpeakerSound_Initlize         
000026e9  vSpeakerSound_AdjustNoteVol    
00002725  __aeabi_memclr                 
00002725  __aeabi_memclr4                
00002725  __aeabi_memclr8                
00002727  __aeabi_memset                 
00002727  __aeabi_memset4                
00002727  __aeabi_memset8                
0000272d  memset                         
000027a1  __TI_closefile                 
000028f5  HOSTrename                     
00002961  HOSTlseek                      
000029c9  __TI_decompress_lzss           
00002a31  printf                         
00002a99  frexp                          
00002a99  frexpl                         
00002afd  fseek                          
00002b61  __TI_wrt_ok                    
00002bc5  HOSTopen                       
00002c25  close                          
00002c81  HOSTread                       
00002cd9  HOSTwrite                      
00002d87  __TI_ltoa                      
00002e2d  __TI_doflush                   
00002e79  atoi                           
00002ec5  exit                           
00002f0d  __aeabi_d2iz                   
00002f55  HOSTclose                      
00002f99  HOSTunlink                     
00002fdd  __TI_auto_init_nobinit_nopinit 
00003021  getdevice                      
000030a5  __TI_writemsg                  
000030d3  C$$IO$$                        
000030dd  __aeabi_f2d                    
00003115  strncpy                        
0000314d  __TI_cleanup                   
00003181  __TI_readmsg                   
000031b5  _c_int00_noargs                
000031e9  finddevice                     
00003219  __aeabi_i2d                    
00003249  remove                         
00003249  unlink                         
0000329d  lseek                          
000032c5  write                          
000032ed  memchr                         
0000330d  __TI_zero_init_nomemset        
00003345  memccpy                        
00003361  copysign                       
00003361  copysignl                      
0000337b  strcmp                         
00003393  strchr                         
000033a9  strcpy                         
000033bd  strlen                         
000033d1  wcslen                         
000033e3  __TI_decompress_none           
000033f1  Reset_Handler                  
000033fd  ADC14_IRQHandler               
000033fd  AES256_IRQHandler              
000033fd  BusFault_Handler               
000033fd  COMP_E0_IRQHandler             
000033fd  COMP_E1_IRQHandler             
000033fd  CS_IRQHandler                  
000033fd  DMA_ERR_IRQHandler             
000033fd  DMA_INT0_IRQHandler            
000033fd  DMA_INT1_IRQHandler            
000033fd  DMA_INT2_IRQHandler            
000033fd  DMA_INT3_IRQHandler            
000033fd  DebugMon_Handler               
000033fd  Default_Handler                
000033fd  EUSCIA0_IRQHandler             
000033fd  EUSCIA1_IRQHandler             
000033fd  EUSCIA2_IRQHandler             
000033fd  EUSCIA3_IRQHandler             
000033fd  EUSCIB0_IRQHandler             
000033fd  EUSCIB1_IRQHandler             
000033fd  EUSCIB2_IRQHandler             
000033fd  EUSCIB3_IRQHandler             
000033fd  FLCTL_IRQHandler               
000033fd  FPU_IRQHandler                 
000033fd  HardFault_Handler              
000033fd  MemManage_Handler              
000033fd  NMI_Handler                    
000033fd  PCM_IRQHandler                 
000033fd  PORT1_IRQHandler               
000033fd  PORT3_IRQHandler               
000033fd  PORT4_IRQHandler               
000033fd  PORT5_IRQHandler               
000033fd  PORT6_IRQHandler               
000033fd  PSS_IRQHandler                 
000033fd  PendSV_Handler                 
000033fd  RTC_C_IRQHandler               
000033fd  SVC_Handler                    
000033fd  SysTick_Handler                
000033fd  T32_INT1_IRQHandler            
000033fd  T32_INT2_IRQHandler            
000033fd  T32_INTC_IRQHandler            
000033fd  TA0_0_IRQHandler               
000033fd  TA0_N_IRQHandler               
000033fd  TA1_0_IRQHandler               
000033fd  TA1_N_IRQHandler               
000033fd  TA2_0_IRQHandler               
000033fd  TA3_0_IRQHandler               
000033fd  TA3_N_IRQHandler               
000033fd  UsageFault_Handler             
000033fd  WDT_A_IRQHandler               
00003401  __aeabi_errno_addr             
00003409  malloc                         
00003419  _system_pre_init               
0000341d  C$$EXIT                        
0000341d  abort                          
00003420  _ctypes_                       
00003598  __TI_Handler_Table_Base        
000035a4  __TI_Handler_Table_Limit       
000035b0  __TI_CINIT_Base                
000035c0  __TI_CINIT_Limit               
20000000  __start___llvm_prf_cnts        
20000000  __stop___llvm_prf_cnts         
20000000  _sys_memory                    
20000400  _ftable                        
200004f0  _device                        
20000568  _stream                        
200005b8  __TI_ft_end                    
200005bc  __aeabi_stdin                  
200005c0  __aeabi_stdout                 
200005c4  __aeabi_stderr                 
200005c8  __TI_cleanup_ptr               
200005cc  __TI_dtors_ptr                 
200005d0  __TI_enable_exit_profile_output
200005d4  _lock                          
200005d8  _unlock                        
200005e4  errno                          
200005e8  SystemCoreClock                
200005ec  risingEdge                     
200005ee  speakerVolume                  
200005f4  __CIOBUF_                      
20000714  __TI_tmpnams                   
200007b4  parmbuf                        
200007bc  HC_SRO4_Distance               
200007c0  s_VolDownButton                
200007c4  s_VolUpButton                  
200007c8  HC_SRO4_ConvertedValue         
200007ca  HC_SRO4_lastConvertedValue     
200007cc  fallingEdge                    
2000fe00  __stack                        
20010000  __STACK_END                    
4000480c  WDTCTL_SYM                     
ffffffff  __TI_pprof_out_hndl            
ffffffff  __TI_prof_data_size            
ffffffff  __TI_prof_data_start           
ffffffff  __binit__                      
ffffffff  __c_args__                     
ffffffff  binit                          
UNDEFED   __mpu_init                     
UNDEFED   _system_post_cinit             

[197 symbols]
