******************************************************************************
                  TI ARM Linker PC v20.2.7                     
******************************************************************************
>> Linked Thu Oct 27 15:06:58 2022

OUTPUT FILE NAME:   <lab7.out>
ENTRY POINT SYMBOL: "_c_int00_noargs"  address: 000042bd


MEMORY CONFIGURATION

         name            origin    length      used     unused   attr    fill
----------------------  --------  ---------  --------  --------  ----  --------
  MAIN                  00000000   00040000  00004eb3  0003b14d  R  X
  INFO                  00200000   00004000  00000000  00004000  R  X
  SRAM_CODE             01000000   00010000  000009fd  0000f603  RW X
  SRAM_DATA             20000000   00010000  000009fd  0000f603  RW  


SEGMENT ALLOCATION MAP

run origin  load origin   length   init length attrs members
----------  ----------- ---------- ----------- ----- -------
00000000    00000000    00004eb8   00004eb8    r-x
  00000000    00000000    000000e4   000000e4    r-- .intvecs
  000000e4    000000e4    00004444   00004444    r-x .text
  00004528    00004528    000008e3   000008e3    r-- .const
  00004e10    00004e10    000000a8   000000a8    r-- .cinit
20000000    20000000    000007fd   00000000    rw-
  20000000    20000000    00000400   00000000    rw- .sysmem
  20000400    20000400    00000210   00000000    rw- .data
  20000610    20000610    000001ed   00000000    rw- .bss
2000fe00    2000fe00    00000200   00000000    rw-
  2000fe00    2000fe00    00000200   00000000    rw- .stack


SECTION ALLOCATION MAP

 output                                  attributes/
section   page    origin      length       input sections
--------  ----  ----------  ----------   ----------------
.intvecs   0    00000000    000000e4     
                  00000000    000000e4     startup_msp432p401r_ccs.obj (.intvecs:retain)

.text      0    000000e4    00004444     
                  000000e4    0000139c     ST7735.obj (.text)
                  00001480    00000a4e     rtsv7M4_T_le_v4SPD16_eabi.lib : _printfi.c.obj (.text:__TI_printfi)
                  00001ece    00000002                                   : _lock.c.obj (.text:_nop)
                  00001ed0    00000400     main.obj (.text)
                  000022d0    00000334     system_msp432p401r.obj (.text)
                  00002604    00000270     rtsv7M4_T_le_v4SPD16_eabi.lib : _printfi.c.obj (.text:_pconv_a)
                  00002874    000001d0                                   : _printfi.c.obj (.text:_pconv_g)
                  00002a44    000001b6                                   : fd_add_t2.asm.obj (.text)
                  00002bfa    00000002                                   : div0.asm.obj (.text)
                  00002bfc    0000013c                                   : _printfi.c.obj (.text:_pconv_e)
                  00002d38    00000136                                   : fd_div_t2.asm.obj (.text)
                  00002e6e    00000002     --HOLE-- [fill = 0]
                  00002e70    00000124                                   : _printfi.c.obj (.text:fcvt)
                  00002f94    00000114                                   : fputs.c.obj (.text:fputs)
                  000030a8    00000110                                   : s_scalbn.c.obj (.text:scalbn)
                  000031b8    00000100                                   : memory.c.obj (.text:aligned_alloc)
                  000032b8    000000fc                                   : fd_mul_t2.asm.obj (.text)
                  000033b4    000000e4                                   : memory.c.obj (.text:free)
                  00003498    000000dc                                   : setvbuf.c.obj (.text:setvbuf)
                  00003574    000000b1                                   : _printfi.c.obj (.text:_ltostr)
                  00003625    00000001     --HOLE-- [fill = 0]
                  00003626    0000009c                                   : memcpy_t2.asm.obj (.text)
                  000036c2    00000096                                   : ull_div_t2.asm.obj (.text)
                  00003758    00000086                                   : fd_cmp_t2.asm.obj (.text:__aeabi_cdcmple)
                  000037de    00000086                                   : fd_cmp_t2.asm.obj (.text:__aeabi_cdrcmple)
                  00003864    0000007a                                   : memset_t2.asm.obj (.text)
                  000038de    00000002     --HOLE-- [fill = 0]
                  000038e0    00000074                                   : fclose.c.obj (.text:__TI_closefile)
                  00003954    00000070                                   : memory.c.obj (.text:split)
                  000039c4    0000006e                                   : _printfi.c.obj (.text:_mcpy)
                  00003a32    00000002     --HOLE-- [fill = 0]
                  00003a34    0000006c                                   : hostrename.c.obj (.text:HOSTrename)
                  00003aa0    00000068                                   : hostlseek.c.obj (.text:HOSTlseek)
                  00003b08    00000068                                   : copy_decompress_lzss.c.obj (.text:decompress:lzss:__TI_decompress_lzss)
                  00003b70    00000068                                   : printf.c.obj (.text:printf)
                  00003bd8    00000064                                   : s_frexp.c.obj (.text:frexp)
                  00003c3c    00000064                                   : fseek.c.obj (.text:fseek)
                  00003ca0    00000062                                   : _io_perm.c.obj (.text:__TI_wrt_ok)
                  00003d02    00000002     --HOLE-- [fill = 0]
                  00003d04    00000060                                   : hostopen.c.obj (.text:HOSTopen)
                  00003d64    0000005c                                   : close.c.obj (.text:close)
                  00003dc0    00000058                                   : hostread.c.obj (.text:HOSTread)
                  00003e18    00000058                                   : hostwrite.c.obj (.text:HOSTwrite)
                  00003e70    00000056                                   : _printfi.c.obj (.text:_pconv_f)
                  00003ec6    00000054                                   : _ltoa.c.obj (.text:__TI_ltoa)
                  00003f1a    00000052                                   : _printfi.c.obj (.text:_ecpy)
                  00003f6c    0000004c                                   : fflush.c.obj (.text:__TI_doflush)
                  00003fb8    0000004c                                   : atoi.c.obj (.text:atoi)
                  00004004    00000048                                   : exit.c.obj (.text:exit)
                  0000404c    00000048                                   : fd_toi_t2.asm.obj (.text)
                  00004094    00000044                                   : hostclose.c.obj (.text:HOSTclose)
                  000040d8    00000044                                   : hostunlink.c.obj (.text:HOSTunlink)
                  0000411c    00000044                                   : autoinit.c.obj (.text:__TI_auto_init_nobinit_nopinit:__TI_auto_init_nobinit_nopinit)
                  00004160    00000044                                   : getdevice.c.obj (.text:getdevice)
                  000041a4    0000003e                                   : _printfi.c.obj (.text:_fcpy)
                  000041e2    00000002     --HOLE-- [fill = 0]
                  000041e4    00000038                                   : trgmsg.c.obj (.text:__TI_writemsg)
                  0000421c    00000036                                   : strncpy.c.obj (.text:strncpy)
                  00004252    00000002     --HOLE-- [fill = 0]
                  00004254    00000034                                   : fopen.c.obj (.text:__TI_cleanup)
                  00004288    00000034                                   : trgmsg.c.obj (.text:__TI_readmsg)
                  000042bc    00000034                                   : boot_cortex_m.c.obj (.text:_c_int00_noargs:_c_int00_noargs)
                  000042f0    00000030                                   : getdevice.c.obj (.text:finddevice)
                  00004320    0000002e                                   : i_tofd_t2.asm.obj (.text)
                  0000434e    00000002     --HOLE-- [fill = 0]
                  00004350    0000002c                                   : unlink.c.obj (.text:unlink)
                  0000437c    00000028                                   : memory.c.obj (.text:free_list_insert)
                  000043a4    00000028                                   : lseek.c.obj (.text:lseek)
                  000043cc    00000028                                   : write.c.obj (.text:write)
                  000043f4    00000020                                   : memchr.c.obj (.text:memchr)
                  00004414    0000001c                                   : copy_zero_init.c.obj (.text:decompress:ZI:__TI_zero_init_nomemset:__TI_zero_init_nomemset)
                  00004430    0000001c                                   : memory.c.obj (.text:free_list_remove)
                  0000444c    0000001c                                   : memccpy.c.obj (.text:memccpy)
                  00004468    0000001a                                   : s_copysign.c.obj (.text:copysign)
                  00004482    00000018                                   : strcmp.c.obj (.text:strcmp)
                  0000449a    00000016                                   : strchr.c.obj (.text:strchr)
                  000044b0    00000014                                   : strcpy.c.obj (.text:strcpy)
                  000044c4    00000014                                   : strlen.c.obj (.text:strlen)
                  000044d8    00000012                                   : wcslen.c.obj (.text:wcslen)
                  000044ea    0000000e                                   : copy_decompress_none.c.obj (.text:decompress:none:__TI_decompress_none)
                  000044f8    0000000e     startup_msp432p401r_ccs.obj (.text)
                  00004506    00000002     --HOLE-- [fill = 0]
                  00004508    00000008     rtsv7M4_T_le_v4SPD16_eabi.lib : errno.c.obj (.text:__aeabi_errno_addr)
                  00004510    00000008                                   : memory.c.obj (.text:malloc)
                  00004518    00000004                                   : printf.c.obj (.text:_outc)
                  0000451c    00000004                                   : printf.c.obj (.text:_outs)
                  00004520    00000004                                   : pre_init.c.obj (.text:_system_pre_init)
                  00004524    00000004                                   : exit.c.obj (.text:abort:abort)

.const     0    00004528    000008e3     
                  00004528    000004fb     ST7735.obj (.const:.string:Font)
                  00004a23    00000200     ST7735.obj (.const:.string:dBfs)
                  00004c23    00000101     rtsv7M4_T_le_v4SPD16_eabi.lib : ctype.c.obj (.const:.string:_ctypes_)
                  00004d24    00000067     ST7735.obj (.const:.string:Bcmd)
                  00004d8b    0000003b     ST7735.obj (.const:.string:Rcmd1)
                  00004dc6    0000002b     ST7735.obj (.const:.string:Rcmd3)
                  00004df1    0000000d     ST7735.obj (.const:.string:Rcmd2green)
                  00004dfe    0000000d     ST7735.obj (.const:.string:Rcmd2red)

.cinit     0    00004e10    000000a8     
                  00004e10    00000082     (.cinit..data.load) [load image, compression = lzss]
                  00004e92    00000002     --HOLE-- [fill = 0]
                  00004e94    0000000c     (__TI_handler_table)
                  00004ea0    00000008     (.cinit..bss.load) [load image, compression = zero_init]
                  00004ea8    00000010     (__TI_cinit_table)

.init_array 
*          0    00000000    00000000     UNINITIALIZED

.binit     0    00000000    00000000     

.sysmem    0    20000000    00000400     UNINITIALIZED
                  20000000    00000010     rtsv7M4_T_le_v4SPD16_eabi.lib : memory.c.obj (.sysmem)
                  20000010    000003f0     --HOLE--

.data      0    20000400    00000210     UNINITIALIZED
                  20000400    000000f0     rtsv7M4_T_le_v4SPD16_eabi.lib : defs.c.obj (.data:_ftable)
                  200004f0    00000078                                   : host_device.c.obj (.data:_device)
                  20000568    00000050                                   : host_device.c.obj (.data:_stream)
                  200005b8    00000014     ST7735.obj (.data)
                  200005cc    00000010     main.obj (.data)
                  200005dc    00000010     rtsv7M4_T_le_v4SPD16_eabi.lib : defs.c.obj (.data)
                  200005ec    0000000c                                   : exit.c.obj (.data:$O1$$)
                  200005f8    00000008                                   : _lock.c.obj (.data:$O1$$)
                  20000600    00000008                                   : memory.c.obj (.data:$O1$$)
                  20000608    00000004                                   : errno.c.obj (.data)
                  2000060c    00000004     system_msp432p401r.obj (.data)

.bss       0    20000610    000001ed     UNINITIALIZED
                  20000610    00000120     rtsv7M4_T_le_v4SPD16_eabi.lib : trgmsg.c.obj (.bss:_CIOBUF_)
                  20000730    000000a0     (.common:__TI_tmpnams)
                  200007d0    0000000c     (.common:Message)
                  200007dc    00000008     (.common:parmbuf)
                  200007e4    00000004     ST7735.obj (.bss)
                  200007e8    00000004     (.common:Messageindex)
                  200007ec    00000004     (.common:X)
                  200007f0    00000004     (.common:Ymax)
                  200007f4    00000004     (.common:Ymin)
                  200007f8    00000004     (.common:Yrange)
                  200007fc    00000001     (.common:TXData)

.stack     0    2000fe00    00000200     UNINITIALIZED
                  2000fe00    00000004     rtsv7M4_T_le_v4SPD16_eabi.lib : boot_cortex_m.c.obj (.stack)
                  2000fe04    000001fc     --HOLE--

__llvm_prf_cnts 
*          0    20000000    00000000     UNINITIALIZED

MODULE SUMMARY

       Module                        code    ro data   rw data
       ------                        ----    -------   -------
    .\
       ST7735.obj                    5020    2018      112    
       main.obj                      1024    0         34     
       system_msp432p401r.obj        820     0         8      
       startup_msp432p401r_ccs.obj   14      228       0      
    +--+-----------------------------+-------+---------+---------+
       Total:                        6878    2246      154    
                                                              
    C:\ti\ccs1200\ccs\tools\compiler\ti-cgt-arm_20.2.7.LTS\lib\rtsv7M4_T_le_v4SPD16_eabi.lib
       _printfi.c.obj                4851    0         0      
       defs.c.obj                    0       0         832    
       memory.c.obj                  672     0         16     
       trgmsg.c.obj                  108     0         576    
       fd_add_t2.asm.obj             438     0         0      
       host_device.c.obj             0       0         400    
       fd_div_t2.asm.obj             310     0         0      
       fputs.c.obj                   276     0         0      
       s_scalbn.c.obj                272     0         0      
       fd_cmp_t2.asm.obj             268     0         0      
       ctype.c.obj                   0       257       0      
       fd_mul_t2.asm.obj             252     0         0      
       setvbuf.c.obj                 220     0         0      
       memcpy_t2.asm.obj             156     0         0      
       ull_div_t2.asm.obj            150     0         0      
       memset_t2.asm.obj             122     0         0      
       fclose.c.obj                  116     0         0      
       getdevice.c.obj               116     0         0      
       hostopen.c.obj                96      0         16     
       printf.c.obj                  112     0         0      
       hostrename.c.obj              108     0         0      
       copy_decompress_lzss.c.obj    104     0         0      
       hostlseek.c.obj               104     0         0      
       exit.c.obj                    76      0         24     
       fseek.c.obj                   100     0         0      
       s_frexp.c.obj                 100     0         0      
       _io_perm.c.obj                98      0         0      
       close.c.obj                   92      0         0      
       hostread.c.obj                88      0         0      
       hostwrite.c.obj               88      0         0      
       _ltoa.c.obj                   84      0         0      
       atoi.c.obj                    76      0         0      
       fflush.c.obj                  76      0         0      
       fd_toi_t2.asm.obj             72      0         0      
       autoinit.c.obj                68      0         0      
       hostclose.c.obj               68      0         0      
       hostunlink.c.obj              68      0         0      
       strncpy.c.obj                 54      0         0      
       boot_cortex_m.c.obj           52      0         0      
       fopen.c.obj                   52      0         0      
       i_tofd_t2.asm.obj             46      0         0      
       unlink.c.obj                  44      0         0      
       lseek.c.obj                   40      0         0      
       write.c.obj                   40      0         0      
       memchr.c.obj                  32      0         0      
       copy_zero_init.c.obj          28      0         0      
       memccpy.c.obj                 28      0         0      
       s_copysign.c.obj              26      0         0      
       strcmp.c.obj                  24      0         0      
       strchr.c.obj                  22      0         0      
       strcpy.c.obj                  20      0         0      
       strlen.c.obj                  20      0         0      
       _lock.c.obj                   2       0         16     
       wcslen.c.obj                  18      0         0      
       errno.c.obj                   8       0         8      
       copy_decompress_none.c.obj    14      0         0      
       pre_init.c.obj                4       0         0      
       div0.asm.obj                  2       0         0      
    +--+-----------------------------+-------+---------+---------+
       Total:                        10581   257       1888   
                                                              
       Heap:                         0       0         2048   
       Stack:                        0       0         1024   
       Linker Generated:             0       166       0      
    +--+-----------------------------+-------+---------+---------+
       Grand Total:                  17459   2669      5114   


LINKER GENERATED COPY TABLES

__TI_cinit_table @ 00004ea8 records: 2, size/record: 8, table size: 16
	.data: load addr=00004e10, load size=00000082 bytes, run addr=20000400, run size=00000210 bytes, compression=lzss
	.bss: load addr=00004ea0, load size=00000008 bytes, run addr=20000610, run size=000001ed bytes, compression=zero_init


LINKER GENERATED HANDLER TABLE

__TI_handler_table @ 00004e94 records: 3, size/record: 4, table size: 12
	index: 0, handler: __TI_decompress_lzss
	index: 1, handler: __TI_decompress_none
	index: 2, handler: __TI_zero_init


GLOBAL SYMBOLS: SORTED ALPHABETICALLY BY Name 

address   name                           
-------   ----                           
00004505  ADC14_IRQHandler               
00004505  AES256_IRQHandler              
00004505  BusFault_Handler               
00004525  C$$EXIT                        
00004213  C$$IO$$                        
00004505  COMP_E0_IRQHandler             
00004505  COMP_E1_IRQHandler             
00004505  CS_IRQHandler                  
00004505  DMA_ERR_IRQHandler             
00004505  DMA_INT0_IRQHandler            
00004505  DMA_INT1_IRQHandler            
00004505  DMA_INT2_IRQHandler            
00004505  DMA_INT3_IRQHandler            
00004505  DebugMon_Handler               
00004505  Default_Handler                
0000015b  Delay1ms                       
00004505  EUSCIA0_IRQHandler             
00004505  EUSCIA1_IRQHandler             
00004505  EUSCIA2_IRQHandler             
00004505  EUSCIA3_IRQHandler             
000020d9  EUSCIB0_IRQHandler             
000020d9  EUSCIB0_IRQHandler             
00004505  EUSCIB1_IRQHandler             
00004505  EUSCIB2_IRQHandler             
00004505  EUSCIB3_IRQHandler             
00004505  FLCTL_IRQHandler               
00004505  FPU_IRQHandler                 
00004095  HOSTclose                      
00003aa1  HOSTlseek                      
00003d05  HOSTopen                       
00003dc1  HOSTread                       
00003a35  HOSTrename                     
000040d9  HOSTunlink                     
00003e19  HOSTwrite                      
00004505  HardFault_Handler              
00004505  MemManage_Handler              
200007d0  Message                        
200007e8  Messageindex                   
00004505  NMI_Handler                    
0000141f  Output_Clear                   
00001439  Output_Color                   
0000140f  Output_Init                    
00001429  Output_Off                     
00001431  Output_On                      
00004505  PCM_IRQHandler                 
00004505  PORT1_IRQHandler               
00004505  PORT2_IRQHandler               
00004505  PORT3_IRQHandler               
00004505  PORT4_IRQHandler               
00004505  PORT5_IRQHandler               
00004505  PORT6_IRQHandler               
00004505  PSS_IRQHandler                 
00004505  PendSV_Handler                 
00004505  RTC_C_IRQHandler               
00002149  Read_Keypad                    
000044f9  Reset_Handler                  
0000073d  ST7735_Color565                
000007a1  ST7735_DrawBitmap              
00000b15  ST7735_DrawChar                
0000099f  ST7735_DrawCharS               
00000535  ST7735_DrawFastHLine           
00000477  ST7735_DrawFastVLine           
0000041d  ST7735_DrawPixel               
00000c83  ST7735_DrawString              
00000631  ST7735_FillRect                
000005ed  ST7735_FillScreen              
000002e9  ST7735_InitB                   
00000309  ST7735_InitR                   
00000eb7  ST7735_InvertDisplay           
000012f5  ST7735_OutChar                 
000013b1  ST7735_OutString               
00000d71  ST7735_OutUDec                 
00001201  ST7735_PlotBar                 
00000ecf  ST7735_PlotClear               
00000ff1  ST7735_PlotLine                
000012a1  ST7735_PlotNext                
000012bb  ST7735_PlotNextErase           
00000f2b  ST7735_PlotPoint               
0000112b  ST7735_PlotPoints              
00001257  ST7735_PlotdBfs                
00000d4b  ST7735_SetCursor               
00000ded  ST7735_SetRotation             
000013cf  ST7735_SetTextColor            
00000771  ST7735_SwapColor               
00004505  SVC_Handler                    
200005c0  StTextColor                    
200005b8  StX                            
200005bc  StY                            
0000226d  SysTick_Delay_ms               
00004505  SysTick_Handler                
00002249  SysTick_Initialize             
2000060c  SystemCoreClock                
000022d1  SystemCoreClockUpdate          
00002549  SystemInit                     
00004505  T32_INT1_IRQHandler            
00004505  T32_INT2_IRQHandler            
00004505  T32_INTC_IRQHandler            
00004505  TA0_0_IRQHandler               
00004505  TA0_N_IRQHandler               
00004505  TA1_0_IRQHandler               
00004505  TA1_N_IRQHandler               
00004505  TA2_0_IRQHandler               
00004505  TA2_N_IRQHandler               
00004505  TA3_0_IRQHandler               
00004505  TA3_N_IRQHandler               
200007fc  TXData                         
00004505  UsageFault_Handler             
4000480c  WDTCTL_SYM                     
00004505  WDT_A_IRQHandler               
200007ec  X                              
200007f0  Ymax                           
200007f4  Ymin                           
200007f8  Yrange                         
20000610  __CIOBUF_                      
20010000  __STACK_END                    
00000200  __STACK_SIZE                   
00000400  __SYSMEM_SIZE                  
00004ea8  __TI_CINIT_Base                
00004eb8  __TI_CINIT_Limit               
00004e94  __TI_Handler_Table_Base        
00004ea0  __TI_Handler_Table_Limit       
0000411d  __TI_auto_init_nobinit_nopinit 
00004255  __TI_cleanup                   
200005ec  __TI_cleanup_ptr               
000038e1  __TI_closefile                 
00003b09  __TI_decompress_lzss           
000044eb  __TI_decompress_none           
00003f6d  __TI_doflush                   
200005f0  __TI_dtors_ptr                 
200005f4  __TI_enable_exit_profile_output
200005dc  __TI_ft_end                    
00003ec7  __TI_ltoa                      
ffffffff  __TI_pprof_out_hndl            
00001481  __TI_printfi                   
ffffffff  __TI_prof_data_size            
ffffffff  __TI_prof_data_start           
00004289  __TI_readmsg                   
00000000  __TI_static_base__             
20000730  __TI_tmpnams                   
000041e5  __TI_writemsg                  
00003ca1  __TI_wrt_ok                    
00004415  __TI_zero_init_nomemset        
00003759  __aeabi_cdcmpeq                
00003759  __aeabi_cdcmple                
000037df  __aeabi_cdrcmple               
0000404d  __aeabi_d2iz                   
00002a4f  __aeabi_dadd                   
00002d39  __aeabi_ddiv                   
000032b9  __aeabi_dmul                   
00002a45  __aeabi_dsub                   
00004509  __aeabi_errno_addr             
00004321  __aeabi_i2d                    
00002bfb  __aeabi_idiv0                  
00002bfb  __aeabi_ldiv0                  
00003865  __aeabi_memclr                 
00003865  __aeabi_memclr4                
00003865  __aeabi_memclr8                
00003627  __aeabi_memcpy                 
00003627  __aeabi_memcpy4                
00003627  __aeabi_memcpy8                
00003867  __aeabi_memset                 
00003867  __aeabi_memset4                
00003867  __aeabi_memset8                
200005e8  __aeabi_stderr                 
200005e0  __aeabi_stdin                  
200005e4  __aeabi_stdout                 
000036c3  __aeabi_uldivmod               
ffffffff  __binit__                      
ffffffff  __c_args__                     
UNDEFED   __mpu_init                     
2000fe00  __stack                        
20000000  __start___llvm_prf_cnts        
20000000  __stop___llvm_prf_cnts         
000042bd  _c_int00_noargs                
00004c23  _ctypes_                       
200004f0  _device                        
20000400  _ftable                        
200005f8  _lock                          
00001ecf  _nop                           
20000568  _stream                        
20000000  _sys_memory                    
UNDEFED   _system_post_cinit             
00004521  _system_pre_init               
200005fc  _unlock                        
00004525  abort                          
000031b9  aligned_alloc                  
00003fb9  atoi                           
ffffffff  binit                          
00003d65  close                          
200005d0  color                          
00004469  copysign                       
00004469  copysignl                      
00004a23  dBfs                           
200005d4  display                        
20000608  errno                          
00004005  exit                           
00001401  ferror                         
000013f5  fgetc                          
00000d09  fillmessage                    
000042f1  finddevice                     
000013e3  fputc                          
00002f95  fputs                          
000033b5  free                           
00003bd9  frexp                          
00003bd9  frexpl                         
00003c3d  fseek                          
00004161  getdevice                      
00000000  interruptVectors               
200005c8  lastj                          
000030a9  ldexp                          
000030a9  ldexpl                         
000043a5  lseek                          
00001efd  main                           
00004511  malloc                         
000031b9  memalign                       
0000444d  memccpy                        
000043f5  memchr                         
00003627  memcpy                         
0000386d  memset                         
200005d8  num                            
200007dc  parmbuf                        
0000014d  parrotdelay                    
00003b71  printf                         
00004351  remove                         
000030a9  scalbn                         
000030a9  scalbnl                        
00003499  setvbuf                        
200005cc  size                           
0000449b  strchr                         
00004483  strcmp                         
000044b1  strcpy                         
000044c5  strlen                         
0000421d  strncpy                        
200005ce  textColor                      
00004351  unlink                         
000044d9  wcslen                         
000043cd  write                          


GLOBAL SYMBOLS: SORTED BY Symbol Address 

address   name                           
-------   ----                           
00000000  __TI_static_base__             
00000000  interruptVectors               
0000014d  parrotdelay                    
0000015b  Delay1ms                       
00000200  __STACK_SIZE                   
000002e9  ST7735_InitB                   
00000309  ST7735_InitR                   
00000400  __SYSMEM_SIZE                  
0000041d  ST7735_DrawPixel               
00000477  ST7735_DrawFastVLine           
00000535  ST7735_DrawFastHLine           
000005ed  ST7735_FillScreen              
00000631  ST7735_FillRect                
0000073d  ST7735_Color565                
00000771  ST7735_SwapColor               
000007a1  ST7735_DrawBitmap              
0000099f  ST7735_DrawCharS               
00000b15  ST7735_DrawChar                
00000c83  ST7735_DrawString              
00000d09  fillmessage                    
00000d4b  ST7735_SetCursor               
00000d71  ST7735_OutUDec                 
00000ded  ST7735_SetRotation             
00000eb7  ST7735_InvertDisplay           
00000ecf  ST7735_PlotClear               
00000f2b  ST7735_PlotPoint               
00000ff1  ST7735_PlotLine                
0000112b  ST7735_PlotPoints              
00001201  ST7735_PlotBar                 
00001257  ST7735_PlotdBfs                
000012a1  ST7735_PlotNext                
000012bb  ST7735_PlotNextErase           
000012f5  ST7735_OutChar                 
000013b1  ST7735_OutString               
000013cf  ST7735_SetTextColor            
000013e3  fputc                          
000013f5  fgetc                          
00001401  ferror                         
0000140f  Output_Init                    
0000141f  Output_Clear                   
00001429  Output_Off                     
00001431  Output_On                      
00001439  Output_Color                   
00001481  __TI_printfi                   
00001ecf  _nop                           
00001efd  main                           
000020d9  EUSCIB0_IRQHandler             
000020d9  EUSCIB0_IRQHandler             
00002149  Read_Keypad                    
00002249  SysTick_Initialize             
0000226d  SysTick_Delay_ms               
000022d1  SystemCoreClockUpdate          
00002549  SystemInit                     
00002a45  __aeabi_dsub                   
00002a4f  __aeabi_dadd                   
00002bfb  __aeabi_idiv0                  
00002bfb  __aeabi_ldiv0                  
00002d39  __aeabi_ddiv                   
00002f95  fputs                          
000030a9  ldexp                          
000030a9  ldexpl                         
000030a9  scalbn                         
000030a9  scalbnl                        
000031b9  aligned_alloc                  
000031b9  memalign                       
000032b9  __aeabi_dmul                   
000033b5  free                           
00003499  setvbuf                        
00003627  __aeabi_memcpy                 
00003627  __aeabi_memcpy4                
00003627  __aeabi_memcpy8                
00003627  memcpy                         
000036c3  __aeabi_uldivmod               
00003759  __aeabi_cdcmpeq                
00003759  __aeabi_cdcmple                
000037df  __aeabi_cdrcmple               
00003865  __aeabi_memclr                 
00003865  __aeabi_memclr4                
00003865  __aeabi_memclr8                
00003867  __aeabi_memset                 
00003867  __aeabi_memset4                
00003867  __aeabi_memset8                
0000386d  memset                         
000038e1  __TI_closefile                 
00003a35  HOSTrename                     
00003aa1  HOSTlseek                      
00003b09  __TI_decompress_lzss           
00003b71  printf                         
00003bd9  frexp                          
00003bd9  frexpl                         
00003c3d  fseek                          
00003ca1  __TI_wrt_ok                    
00003d05  HOSTopen                       
00003d65  close                          
00003dc1  HOSTread                       
00003e19  HOSTwrite                      
00003ec7  __TI_ltoa                      
00003f6d  __TI_doflush                   
00003fb9  atoi                           
00004005  exit                           
0000404d  __aeabi_d2iz                   
00004095  HOSTclose                      
000040d9  HOSTunlink                     
0000411d  __TI_auto_init_nobinit_nopinit 
00004161  getdevice                      
000041e5  __TI_writemsg                  
00004213  C$$IO$$                        
0000421d  strncpy                        
00004255  __TI_cleanup                   
00004289  __TI_readmsg                   
000042bd  _c_int00_noargs                
000042f1  finddevice                     
00004321  __aeabi_i2d                    
00004351  remove                         
00004351  unlink                         
000043a5  lseek                          
000043cd  write                          
000043f5  memchr                         
00004415  __TI_zero_init_nomemset        
0000444d  memccpy                        
00004469  copysign                       
00004469  copysignl                      
00004483  strcmp                         
0000449b  strchr                         
000044b1  strcpy                         
000044c5  strlen                         
000044d9  wcslen                         
000044eb  __TI_decompress_none           
000044f9  Reset_Handler                  
00004505  ADC14_IRQHandler               
00004505  AES256_IRQHandler              
00004505  BusFault_Handler               
00004505  COMP_E0_IRQHandler             
00004505  COMP_E1_IRQHandler             
00004505  CS_IRQHandler                  
00004505  DMA_ERR_IRQHandler             
00004505  DMA_INT0_IRQHandler            
00004505  DMA_INT1_IRQHandler            
00004505  DMA_INT2_IRQHandler            
00004505  DMA_INT3_IRQHandler            
00004505  DebugMon_Handler               
00004505  Default_Handler                
00004505  EUSCIA0_IRQHandler             
00004505  EUSCIA1_IRQHandler             
00004505  EUSCIA2_IRQHandler             
00004505  EUSCIA3_IRQHandler             
00004505  EUSCIB1_IRQHandler             
00004505  EUSCIB2_IRQHandler             
00004505  EUSCIB3_IRQHandler             
00004505  FLCTL_IRQHandler               
00004505  FPU_IRQHandler                 
00004505  HardFault_Handler              
00004505  MemManage_Handler              
00004505  NMI_Handler                    
00004505  PCM_IRQHandler                 
00004505  PORT1_IRQHandler               
00004505  PORT2_IRQHandler               
00004505  PORT3_IRQHandler               
00004505  PORT4_IRQHandler               
00004505  PORT5_IRQHandler               
00004505  PORT6_IRQHandler               
00004505  PSS_IRQHandler                 
00004505  PendSV_Handler                 
00004505  RTC_C_IRQHandler               
00004505  SVC_Handler                    
00004505  SysTick_Handler                
00004505  T32_INT1_IRQHandler            
00004505  T32_INT2_IRQHandler            
00004505  T32_INTC_IRQHandler            
00004505  TA0_0_IRQHandler               
00004505  TA0_N_IRQHandler               
00004505  TA1_0_IRQHandler               
00004505  TA1_N_IRQHandler               
00004505  TA2_0_IRQHandler               
00004505  TA2_N_IRQHandler               
00004505  TA3_0_IRQHandler               
00004505  TA3_N_IRQHandler               
00004505  UsageFault_Handler             
00004505  WDT_A_IRQHandler               
00004509  __aeabi_errno_addr             
00004511  malloc                         
00004521  _system_pre_init               
00004525  C$$EXIT                        
00004525  abort                          
00004a23  dBfs                           
00004c23  _ctypes_                       
00004e94  __TI_Handler_Table_Base        
00004ea0  __TI_Handler_Table_Limit       
00004ea8  __TI_CINIT_Base                
00004eb8  __TI_CINIT_Limit               
20000000  __start___llvm_prf_cnts        
20000000  __stop___llvm_prf_cnts         
20000000  _sys_memory                    
20000400  _ftable                        
200004f0  _device                        
20000568  _stream                        
200005b8  StX                            
200005bc  StY                            
200005c0  StTextColor                    
200005c8  lastj                          
200005cc  size                           
200005ce  textColor                      
200005d0  color                          
200005d4  display                        
200005d8  num                            
200005dc  __TI_ft_end                    
200005e0  __aeabi_stdin                  
200005e4  __aeabi_stdout                 
200005e8  __aeabi_stderr                 
200005ec  __TI_cleanup_ptr               
200005f0  __TI_dtors_ptr                 
200005f4  __TI_enable_exit_profile_output
200005f8  _lock                          
200005fc  _unlock                        
20000608  errno                          
2000060c  SystemCoreClock                
20000610  __CIOBUF_                      
20000730  __TI_tmpnams                   
200007d0  Message                        
200007dc  parmbuf                        
200007e8  Messageindex                   
200007ec  X                              
200007f0  Ymax                           
200007f4  Ymin                           
200007f8  Yrange                         
200007fc  TXData                         
2000fe00  __stack                        
20010000  __STACK_END                    
4000480c  WDTCTL_SYM                     
ffffffff  __TI_pprof_out_hndl            
ffffffff  __TI_prof_data_size            
ffffffff  __TI_prof_data_start           
ffffffff  __binit__                      
ffffffff  __c_args__                     
ffffffff  binit                          
UNDEFED   __mpu_init                     
UNDEFED   _system_post_cinit             

[237 symbols]
