******************************************************************************
                  TI ARM Linker PC v20.2.7                     
******************************************************************************
>> Linked Fri Dec  9 03:24:54 2022

OUTPUT FILE NAME:   <lab7.out>
ENTRY POINT SYMBOL: "_c_int00_noargs"  address: 00000675


MEMORY CONFIGURATION

         name            origin    length      used     unused   attr    fill
----------------------  --------  ---------  --------  --------  ----  --------
  MAIN                  00000000   00040000  00000718  0003f8e8  R  X
  INFO                  00200000   00004000  00000000  00004000  R  X
  SRAM_CODE             01000000   00010000  00000205  0000fdfb  RW X
  SRAM_DATA             20000000   00010000  00000205  0000fdfb  RW  


SEGMENT ALLOCATION MAP

run origin  load origin   length   init length attrs members
----------  ----------- ---------- ----------- ----- -------
00000000    00000000    00000718   00000718    r-x
  00000000    00000000    000000e4   000000e4    r-- .intvecs
  000000e4    000000e4    00000604   00000604    r-x .text
  000006e8    000006e8    00000030   00000030    r-- .cinit
20000000    20000000    00000005   00000000    rw-
  20000000    20000000    00000004   00000000    rw- .data
  20000004    20000004    00000001   00000000    rw- .bss
2000fe00    2000fe00    00000200   00000000    rw-
  2000fe00    2000fe00    00000200   00000000    rw- .stack


SECTION ALLOCATION MAP

 output                                  attributes/
section   page    origin      length       input sections
--------  ----  ----------  ----------   ----------------
.intvecs   0    00000000    000000e4     
                  00000000    000000e4     startup_msp432p401r_ccs.obj (.intvecs:retain)

.text      0    000000e4    00000604     
                  000000e4    00000334     system_msp432p401r.obj (.text)
                  00000418    00000114     main.obj (.text)
                  0000052c    0000009c     rtsv7M4_T_le_v4SPD16_eabi.lib : memcpy_t2.asm.obj (.text)
                  000005c8    00000068                                   : copy_decompress_lzss.c.obj (.text:decompress:lzss:__TI_decompress_lzss)
                  00000630    00000044                                   : autoinit.c.obj (.text:__TI_auto_init_nobinit_nopinit:__TI_auto_init_nobinit_nopinit)
                  00000674    00000034                                   : boot_cortex_m.c.obj (.text:_c_int00_noargs:_c_int00_noargs)
                  000006a8    0000001c                                   : copy_zero_init.c.obj (.text:decompress:ZI:__TI_zero_init_nomemset:__TI_zero_init_nomemset)
                  000006c4    0000000e                                   : copy_decompress_none.c.obj (.text:decompress:none:__TI_decompress_none)
                  000006d2    0000000e     startup_msp432p401r_ccs.obj (.text)
                  000006e0    00000004     rtsv7M4_T_le_v4SPD16_eabi.lib : pre_init.c.obj (.text:_system_pre_init)
                  000006e4    00000004                                   : exit.c.obj (.text:abort:abort)

.cinit     0    000006e8    00000030     
                  000006e8    0000000c     (__TI_handler_table)
                  000006f4    00000004     --HOLE-- [fill = 0]
                  000006f8    00000008     (.cinit..bss.load) [load image, compression = zero_init]
                  00000700    00000008     (.cinit..data.load) [load image, compression = lzss]
                  00000708    00000010     (__TI_cinit_table)

.init_array 
*          0    00000000    00000000     UNINITIALIZED

.binit     0    00000000    00000000     

.data      0    20000000    00000004     UNINITIALIZED
                  20000000    00000004     system_msp432p401r.obj (.data)

.bss       0    20000004    00000001     UNINITIALIZED
                  20000004    00000001     (.common:TXData)

.stack     0    2000fe00    00000200     UNINITIALIZED
                  2000fe00    00000004     rtsv7M4_T_le_v4SPD16_eabi.lib : boot_cortex_m.c.obj (.stack)
                  2000fe04    000001fc     --HOLE--

__llvm_prf_cnts 
*          0    20000000    00000000     UNINITIALIZED

MODULE SUMMARY

       Module                        code   ro data   rw data
       ------                        ----   -------   -------
    .\
       system_msp432p401r.obj        820    0         8      
       main.obj                      276    0         2      
       startup_msp432p401r_ccs.obj   14     228       0      
    +--+-----------------------------+------+---------+---------+
       Total:                        1110   228       10     
                                                             
    C:\ti\ccs1200\ccs\tools\compiler\ti-cgt-arm_20.2.7.LTS\lib\rtsv7M4_T_le_v4SPD16_eabi.lib
       memcpy_t2.asm.obj             156    0         0      
       copy_decompress_lzss.c.obj    104    0         0      
       autoinit.c.obj                68     0         0      
       boot_cortex_m.c.obj           52     0         0      
       copy_zero_init.c.obj          28     0         0      
       copy_decompress_none.c.obj    14     0         0      
       exit.c.obj                    4      0         0      
       pre_init.c.obj                4      0         0      
    +--+-----------------------------+------+---------+---------+
       Total:                        430    0         0      
                                                             
       Stack:                        0      0         1024   
       Linker Generated:             0      44        0      
    +--+-----------------------------+------+---------+---------+
       Grand Total:                  1540   272       1034   


LINKER GENERATED COPY TABLES

__TI_cinit_table @ 00000708 records: 2, size/record: 8, table size: 16
	.bss: load addr=000006f8, load size=00000008 bytes, run addr=20000004, run size=00000001 bytes, compression=zero_init
	.data: load addr=00000700, load size=00000008 bytes, run addr=20000000, run size=00000004 bytes, compression=lzss


LINKER GENERATED HANDLER TABLE

__TI_handler_table @ 000006e8 records: 3, size/record: 4, table size: 12
	index: 0, handler: __TI_decompress_lzss
	index: 1, handler: __TI_decompress_none
	index: 2, handler: __TI_zero_init


GLOBAL SYMBOLS: SORTED ALPHABETICALLY BY Name 

address   name                          
-------   ----                          
000006df  ADC14_IRQHandler              
000006df  AES256_IRQHandler             
000006df  BusFault_Handler              
000006e5  C$$EXIT                       
000006df  COMP_E0_IRQHandler            
000006df  COMP_E1_IRQHandler            
000006df  CS_IRQHandler                 
000006df  DMA_ERR_IRQHandler            
000006df  DMA_INT0_IRQHandler           
000006df  DMA_INT1_IRQHandler           
000006df  DMA_INT2_IRQHandler           
000006df  DMA_INT3_IRQHandler           
000006df  DebugMon_Handler              
000006df  Default_Handler               
000006df  EUSCIA0_IRQHandler            
000006df  EUSCIA1_IRQHandler            
000006df  EUSCIA2_IRQHandler            
000006df  EUSCIA3_IRQHandler            
000004c3  EUSCIB0_IRQHandler            
000004c3  EUSCIB0_IRQHandler            
000006df  EUSCIB1_IRQHandler            
000006df  EUSCIB2_IRQHandler            
000006df  EUSCIB3_IRQHandler            
000006df  FLCTL_IRQHandler              
000006df  FPU_IRQHandler                
000006df  HardFault_Handler             
000006df  MemManage_Handler             
000006df  NMI_Handler                   
000006df  PCM_IRQHandler                
000006df  PORT1_IRQHandler              
000006df  PORT2_IRQHandler              
000006df  PORT3_IRQHandler              
000006df  PORT4_IRQHandler              
000006df  PORT5_IRQHandler              
000006df  PORT6_IRQHandler              
000006df  PSS_IRQHandler                
000006df  PendSV_Handler                
000006df  RTC_C_IRQHandler              
000006d3  Reset_Handler                 
000006df  SVC_Handler                   
000006df  SysTick_Handler               
20000000  SystemCoreClock               
000000e5  SystemCoreClockUpdate         
0000035d  SystemInit                    
000006df  T32_INT1_IRQHandler           
000006df  T32_INT2_IRQHandler           
000006df  T32_INTC_IRQHandler           
000006df  TA0_0_IRQHandler              
000006df  TA0_N_IRQHandler              
000006df  TA1_0_IRQHandler              
000006df  TA1_N_IRQHandler              
000006df  TA2_0_IRQHandler              
000006df  TA2_N_IRQHandler              
000006df  TA3_0_IRQHandler              
000006df  TA3_N_IRQHandler              
20000004  TXData                        
000006df  UsageFault_Handler            
4000480c  WDTCTL_SYM                    
000006df  WDT_A_IRQHandler              
20010000  __STACK_END                   
00000200  __STACK_SIZE                  
00000708  __TI_CINIT_Base               
00000718  __TI_CINIT_Limit              
000006e8  __TI_Handler_Table_Base       
000006f4  __TI_Handler_Table_Limit      
00000631  __TI_auto_init_nobinit_nopinit
000005c9  __TI_decompress_lzss          
000006c5  __TI_decompress_none          
ffffffff  __TI_pprof_out_hndl           
ffffffff  __TI_prof_data_size           
ffffffff  __TI_prof_data_start          
00000000  __TI_static_base__            
000006a9  __TI_zero_init_nomemset       
0000052d  __aeabi_memcpy                
0000052d  __aeabi_memcpy4               
0000052d  __aeabi_memcpy8               
ffffffff  __binit__                     
ffffffff  __c_args__                    
UNDEFED   __mpu_init                    
2000fe00  __stack                       
20000000  __start___llvm_prf_cnts       
20000000  __stop___llvm_prf_cnts        
00000675  _c_int00_noargs               
UNDEFED   _system_post_cinit            
000006e1  _system_pre_init              
000006e5  abort                         
ffffffff  binit                         
00000000  interruptVectors              
00000445  main                          
0000052d  memcpy                        


GLOBAL SYMBOLS: SORTED BY Symbol Address 

address   name                          
-------   ----                          
00000000  __TI_static_base__            
00000000  interruptVectors              
000000e5  SystemCoreClockUpdate         
00000200  __STACK_SIZE                  
0000035d  SystemInit                    
00000445  main                          
000004c3  EUSCIB0_IRQHandler            
000004c3  EUSCIB0_IRQHandler            
0000052d  __aeabi_memcpy                
0000052d  __aeabi_memcpy4               
0000052d  __aeabi_memcpy8               
0000052d  memcpy                        
000005c9  __TI_decompress_lzss          
00000631  __TI_auto_init_nobinit_nopinit
00000675  _c_int00_noargs               
000006a9  __TI_zero_init_nomemset       
000006c5  __TI_decompress_none          
000006d3  Reset_Handler                 
000006df  ADC14_IRQHandler              
000006df  AES256_IRQHandler             
000006df  BusFault_Handler              
000006df  COMP_E0_IRQHandler            
000006df  COMP_E1_IRQHandler            
000006df  CS_IRQHandler                 
000006df  DMA_ERR_IRQHandler            
000006df  DMA_INT0_IRQHandler           
000006df  DMA_INT1_IRQHandler           
000006df  DMA_INT2_IRQHandler           
000006df  DMA_INT3_IRQHandler           
000006df  DebugMon_Handler              
000006df  Default_Handler               
000006df  EUSCIA0_IRQHandler            
000006df  EUSCIA1_IRQHandler            
000006df  EUSCIA2_IRQHandler            
000006df  EUSCIA3_IRQHandler            
000006df  EUSCIB1_IRQHandler            
000006df  EUSCIB2_IRQHandler            
000006df  EUSCIB3_IRQHandler            
000006df  FLCTL_IRQHandler              
000006df  FPU_IRQHandler                
000006df  HardFault_Handler             
000006df  MemManage_Handler             
000006df  NMI_Handler                   
000006df  PCM_IRQHandler                
000006df  PORT1_IRQHandler              
000006df  PORT2_IRQHandler              
000006df  PORT3_IRQHandler              
000006df  PORT4_IRQHandler              
000006df  PORT5_IRQHandler              
000006df  PORT6_IRQHandler              
000006df  PSS_IRQHandler                
000006df  PendSV_Handler                
000006df  RTC_C_IRQHandler              
000006df  SVC_Handler                   
000006df  SysTick_Handler               
000006df  T32_INT1_IRQHandler           
000006df  T32_INT2_IRQHandler           
000006df  T32_INTC_IRQHandler           
000006df  TA0_0_IRQHandler              
000006df  TA0_N_IRQHandler              
000006df  TA1_0_IRQHandler              
000006df  TA1_N_IRQHandler              
000006df  TA2_0_IRQHandler              
000006df  TA2_N_IRQHandler              
000006df  TA3_0_IRQHandler              
000006df  TA3_N_IRQHandler              
000006df  UsageFault_Handler            
000006df  WDT_A_IRQHandler              
000006e1  _system_pre_init              
000006e5  C$$EXIT                       
000006e5  abort                         
000006e8  __TI_Handler_Table_Base       
000006f4  __TI_Handler_Table_Limit      
00000708  __TI_CINIT_Base               
00000718  __TI_CINIT_Limit              
20000000  SystemCoreClock               
20000000  __start___llvm_prf_cnts       
20000000  __stop___llvm_prf_cnts        
20000004  TXData                        
2000fe00  __stack                       
20010000  __STACK_END                   
4000480c  WDTCTL_SYM                    
ffffffff  __TI_pprof_out_hndl           
ffffffff  __TI_prof_data_size           
ffffffff  __TI_prof_data_start          
ffffffff  __binit__                     
ffffffff  __c_args__                    
ffffffff  binit                         
UNDEFED   __mpu_init                    
UNDEFED   _system_post_cinit            

[90 symbols]
