******************************************************************************
                  TI ARM Linker PC v20.2.7                     
******************************************************************************
>> Linked Fri Oct 14 16:13:24 2022

OUTPUT FILE NAME:   <lab7.out>
ENTRY POINT SYMBOL: "_c_int00_noargs"  address: 0000086d


MEMORY CONFIGURATION

         name            origin    length      used     unused   attr    fill
----------------------  --------  ---------  --------  --------  ----  --------
  MAIN                  00000000   00040000  00000910  0003f6f0  R  X
  INFO                  00200000   00004000  00000000  00004000  R  X
  SRAM_CODE             01000000   00010000  00000214  0000fdec  RW X
  SRAM_DATA             20000000   00010000  00000214  0000fdec  RW  


SEGMENT ALLOCATION MAP

run origin  load origin   length   init length attrs members
----------  ----------- ---------- ----------- ----- -------
00000000    00000000    00000910   00000910    r-x
  00000000    00000000    000000e4   000000e4    r-- .intvecs
  000000e4    000000e4    000007fc   000007fc    r-x .text
  000008e0    000008e0    00000030   00000030    r-- .cinit
20000000    20000000    00000014   00000000    rw-
  20000000    20000000    00000010   00000000    rw- .bss
  20000010    20000010    00000004   00000000    rw- .data
2000fe00    2000fe00    00000200   00000000    rw-
  2000fe00    2000fe00    00000200   00000000    rw- .stack


SECTION ALLOCATION MAP

 output                                  attributes/
section   page    origin      length       input sections
--------  ----  ----------  ----------   ----------------
.intvecs   0    00000000    000000e4     
                  00000000    000000e4     startup_msp432p401r_ccs.obj (.intvecs:retain)

.text      0    000000e4    000007fc     
                  000000e4    00000334     system_msp432p401r.obj (.text)
                  00000418    00000160     pinsInint.obj (.text)
                  00000578    00000118     main.obj (.text)
                  00000690    0000009c     rtsv7M4_T_le_v4SPD16_eabi.lib : memcpy_t2.asm.obj (.text)
                  0000072c    00000094     Toggle.obj (.text)
                  000007c0    00000068     rtsv7M4_T_le_v4SPD16_eabi.lib : copy_decompress_lzss.c.obj (.text:decompress:lzss:__TI_decompress_lzss)
                  00000828    00000044                                   : autoinit.c.obj (.text:__TI_auto_init_nobinit_nopinit:__TI_auto_init_nobinit_nopinit)
                  0000086c    00000034                                   : boot_cortex_m.c.obj (.text:_c_int00_noargs:_c_int00_noargs)
                  000008a0    0000001c                                   : copy_zero_init.c.obj (.text:decompress:ZI:__TI_zero_init_nomemset:__TI_zero_init_nomemset)
                  000008bc    0000000e                                   : copy_decompress_none.c.obj (.text:decompress:none:__TI_decompress_none)
                  000008ca    0000000e     startup_msp432p401r_ccs.obj (.text)
                  000008d8    00000004     rtsv7M4_T_le_v4SPD16_eabi.lib : pre_init.c.obj (.text:_system_pre_init)
                  000008dc    00000004                                   : exit.c.obj (.text:abort:abort)

.cinit     0    000008e0    00000030     
                  000008e0    0000000c     (__TI_handler_table)
                  000008ec    00000004     --HOLE-- [fill = 0]
                  000008f0    00000008     (.cinit..bss.load) [load image, compression = zero_init]
                  000008f8    00000008     (.cinit..data.load) [load image, compression = lzss]
                  00000900    00000010     (__TI_cinit_table)

.init_array 
*          0    00000000    00000000     UNINITIALIZED

.binit     0    00000000    00000000     

.bss       0    20000000    00000010     UNINITIALIZED
                  20000000    00000004     (.common:motor_a)
                  20000004    00000004     (.common:motor_ap)
                  20000008    00000004     (.common:motor_b)
                  2000000c    00000004     (.common:motor_bp)

.data      0    20000010    00000004     UNINITIALIZED
                  20000010    00000004     system_msp432p401r.obj (.data)

.stack     0    2000fe00    00000200     UNINITIALIZED
                  2000fe00    00000004     rtsv7M4_T_le_v4SPD16_eabi.lib : boot_cortex_m.c.obj (.stack)
                  2000fe04    000001fc     --HOLE--

__llvm_prf_cnts 
*          0    20000000    00000000     UNINITIALIZED

MODULE SUMMARY

       Module                        code   ro data   rw data
       ------                        ----   -------   -------
    .\
       system_msp432p401r.obj        820    0         8      
       pinsInint.obj                 352    0         0      
       main.obj                      280    0         32     
       startup_msp432p401r_ccs.obj   14     228       0      
       Toggle.obj                    148    0         0      
    +--+-----------------------------+------+---------+---------+
       Total:                        1614   228       40     
                                                             
    C:\ti\ccs1200\ccs\tools\compiler\ti-cgt-arm_20.2.7.LTS\lib\rtsv7M4_T_le_v4SPD16_eabi.lib
       memcpy_t2.asm.obj             156    0         0      
       copy_decompress_lzss.c.obj    104    0         0      
       autoinit.c.obj                68     0         0      
       boot_cortex_m.c.obj           52     0         0      
       copy_zero_init.c.obj          28     0         0      
       copy_decompress_none.c.obj    14     0         0      
       exit.c.obj                    4      0         0      
       pre_init.c.obj                4      0         0      
    +--+-----------------------------+------+---------+---------+
       Total:                        430    0         0      
                                                             
       Stack:                        0      0         1024   
       Linker Generated:             0      44        0      
    +--+-----------------------------+------+---------+---------+
       Grand Total:                  2044   272       1064   


LINKER GENERATED COPY TABLES

__TI_cinit_table @ 00000900 records: 2, size/record: 8, table size: 16
	.bss: load addr=000008f0, load size=00000008 bytes, run addr=20000000, run size=00000010 bytes, compression=zero_init
	.data: load addr=000008f8, load size=00000008 bytes, run addr=20000010, run size=00000004 bytes, compression=lzss


LINKER GENERATED HANDLER TABLE

__TI_handler_table @ 000008e0 records: 3, size/record: 4, table size: 12
	index: 0, handler: __TI_decompress_lzss
	index: 1, handler: __TI_decompress_none
	index: 2, handler: __TI_zero_init


GLOBAL SYMBOLS: SORTED ALPHABETICALLY BY Name 

address   name                          
-------   ----                          
000008d7  ADC14_IRQHandler              
000008d7  AES256_IRQHandler             
000008d7  BusFault_Handler              
000008dd  C$$EXIT                       
000008d7  COMP_E0_IRQHandler            
000008d7  COMP_E1_IRQHandler            
000008d7  CS_IRQHandler                 
000008d7  DMA_ERR_IRQHandler            
000008d7  DMA_INT0_IRQHandler           
000008d7  DMA_INT1_IRQHandler           
000008d7  DMA_INT2_IRQHandler           
000008d7  DMA_INT3_IRQHandler           
000008d7  DebugMon_Handler              
000008d7  Default_Handler               
000008d7  EUSCIA0_IRQHandler            
000008d7  EUSCIA1_IRQHandler            
000008d7  EUSCIA2_IRQHandler            
000008d7  EUSCIA3_IRQHandler            
000008d7  EUSCIB0_IRQHandler            
000008d7  EUSCIB1_IRQHandler            
000008d7  EUSCIB2_IRQHandler            
000008d7  EUSCIB3_IRQHandler            
000008d7  FLCTL_IRQHandler              
000008d7  FPU_IRQHandler                
000008d7  HardFault_Handler             
000008d7  MemManage_Handler             
000008d7  NMI_Handler                   
000008d7  PCM_IRQHandler                
000008d7  PORT1_IRQHandler              
000008d7  PORT2_IRQHandler              
000008d7  PORT3_IRQHandler              
000008d7  PORT4_IRQHandler              
000008d7  PORT5_IRQHandler              
000008d7  PORT6_IRQHandler              
000008d7  PSS_IRQHandler                
000008d7  PendSV_Handler                
000008d7  RTC_C_IRQHandler              
000008cb  Reset_Handler                 
000008d7  SVC_Handler                   
000008d7  SysTick_Handler               
20000010  SystemCoreClock               
000000e5  SystemCoreClockUpdate         
0000035d  SystemInit                    
000008d7  T32_INT1_IRQHandler           
000008d7  T32_INT2_IRQHandler           
000008d7  T32_INTC_IRQHandler           
000008d7  TA0_0_IRQHandler              
000008d7  TA0_N_IRQHandler              
000008d7  TA1_0_IRQHandler              
000008d7  TA1_N_IRQHandler              
000008d7  TA2_0_IRQHandler              
000008d7  TA2_N_IRQHandler              
000008d7  TA3_0_IRQHandler              
000008d7  TA3_N_IRQHandler              
000008d7  UsageFault_Handler            
4000480c  WDTCTL_SYM                    
000008d7  WDT_A_IRQHandler              
20010000  __STACK_END                   
00000200  __STACK_SIZE                  
00000900  __TI_CINIT_Base               
00000910  __TI_CINIT_Limit              
000008e0  __TI_Handler_Table_Base       
000008ec  __TI_Handler_Table_Limit      
00000829  __TI_auto_init_nobinit_nopinit
000007c1  __TI_decompress_lzss          
000008bd  __TI_decompress_none          
ffffffff  __TI_pprof_out_hndl           
ffffffff  __TI_prof_data_size           
ffffffff  __TI_prof_data_start          
00000000  __TI_static_base__            
000008a1  __TI_zero_init_nomemset       
00000691  __aeabi_memcpy                
00000691  __aeabi_memcpy4               
00000691  __aeabi_memcpy8               
ffffffff  __binit__                     
ffffffff  __c_args__                    
UNDEFED   __mpu_init                    
2000fe00  __stack                       
20000000  __start___llvm_prf_cnts       
20000000  __stop___llvm_prf_cnts        
0000086d  _c_int00_noargs               
UNDEFED   _system_post_cinit            
000008d9  _system_pre_init              
000008dd  abort                         
ffffffff  binit                         
00000000  interruptVectors              
00000579  main                          
00000691  memcpy                        
20000000  motor_a                       
20000004  motor_ap                      
20000008  motor_b                       
2000000c  motor_bp                      
000004bf  vPrv_pinsInit_InitConfig      
000007a1  vToggle_toggle                
0000072d  vToggle_turnPinHigh           
00000767  vToggle_turnPinLow            
00000419  vpinsInit_GPIO                


GLOBAL SYMBOLS: SORTED BY Symbol Address 

address   name                          
-------   ----                          
00000000  __TI_static_base__            
00000000  interruptVectors              
000000e5  SystemCoreClockUpdate         
00000200  __STACK_SIZE                  
0000035d  SystemInit                    
00000419  vpinsInit_GPIO                
000004bf  vPrv_pinsInit_InitConfig      
00000579  main                          
00000691  __aeabi_memcpy                
00000691  __aeabi_memcpy4               
00000691  __aeabi_memcpy8               
00000691  memcpy                        
0000072d  vToggle_turnPinHigh           
00000767  vToggle_turnPinLow            
000007a1  vToggle_toggle                
000007c1  __TI_decompress_lzss          
00000829  __TI_auto_init_nobinit_nopinit
0000086d  _c_int00_noargs               
000008a1  __TI_zero_init_nomemset       
000008bd  __TI_decompress_none          
000008cb  Reset_Handler                 
000008d7  ADC14_IRQHandler              
000008d7  AES256_IRQHandler             
000008d7  BusFault_Handler              
000008d7  COMP_E0_IRQHandler            
000008d7  COMP_E1_IRQHandler            
000008d7  CS_IRQHandler                 
000008d7  DMA_ERR_IRQHandler            
000008d7  DMA_INT0_IRQHandler           
000008d7  DMA_INT1_IRQHandler           
000008d7  DMA_INT2_IRQHandler           
000008d7  DMA_INT3_IRQHandler           
000008d7  DebugMon_Handler              
000008d7  Default_Handler               
000008d7  EUSCIA0_IRQHandler            
000008d7  EUSCIA1_IRQHandler            
000008d7  EUSCIA2_IRQHandler            
000008d7  EUSCIA3_IRQHandler            
000008d7  EUSCIB0_IRQHandler            
000008d7  EUSCIB1_IRQHandler            
000008d7  EUSCIB2_IRQHandler            
000008d7  EUSCIB3_IRQHandler            
000008d7  FLCTL_IRQHandler              
000008d7  FPU_IRQHandler                
000008d7  HardFault_Handler             
000008d7  MemManage_Handler             
000008d7  NMI_Handler                   
000008d7  PCM_IRQHandler                
000008d7  PORT1_IRQHandler              
000008d7  PORT2_IRQHandler              
000008d7  PORT3_IRQHandler              
000008d7  PORT4_IRQHandler              
000008d7  PORT5_IRQHandler              
000008d7  PORT6_IRQHandler              
000008d7  PSS_IRQHandler                
000008d7  PendSV_Handler                
000008d7  RTC_C_IRQHandler              
000008d7  SVC_Handler                   
000008d7  SysTick_Handler               
000008d7  T32_INT1_IRQHandler           
000008d7  T32_INT2_IRQHandler           
000008d7  T32_INTC_IRQHandler           
000008d7  TA0_0_IRQHandler              
000008d7  TA0_N_IRQHandler              
000008d7  TA1_0_IRQHandler              
000008d7  TA1_N_IRQHandler              
000008d7  TA2_0_IRQHandler              
000008d7  TA2_N_IRQHandler              
000008d7  TA3_0_IRQHandler              
000008d7  TA3_N_IRQHandler              
000008d7  UsageFault_Handler            
000008d7  WDT_A_IRQHandler              
000008d9  _system_pre_init              
000008dd  C$$EXIT                       
000008dd  abort                         
000008e0  __TI_Handler_Table_Base       
000008ec  __TI_Handler_Table_Limit      
00000900  __TI_CINIT_Base               
00000910  __TI_CINIT_Limit              
20000000  __start___llvm_prf_cnts       
20000000  __stop___llvm_prf_cnts        
20000000  motor_a                       
20000004  motor_ap                      
20000008  motor_b                       
2000000c  motor_bp                      
20000010  SystemCoreClock               
2000fe00  __stack                       
20010000  __STACK_END                   
4000480c  WDTCTL_SYM                    
ffffffff  __TI_pprof_out_hndl           
ffffffff  __TI_prof_data_size           
ffffffff  __TI_prof_data_start          
ffffffff  __binit__                     
ffffffff  __c_args__                    
ffffffff  binit                         
UNDEFED   __mpu_init                    
UNDEFED   _system_post_cinit            

[97 symbols]
