******************************************************************************
                  TI ARM Linker PC v20.2.7                     
******************************************************************************
>> Linked Fri Oct 28 15:55:35 2022

OUTPUT FILE NAME:   <lab7.out>
ENTRY POINT SYMBOL: "_c_int00_noargs"  address: 00000a71


MEMORY CONFIGURATION

         name            origin    length      used     unused   attr    fill
----------------------  --------  ---------  --------  --------  ----  --------
  MAIN                  00000000   00040000  00000b34  0003f4cc  R  X
  INFO                  00200000   00004000  00000000  00004000  R  X
  SRAM_CODE             01000000   00010000  0000021b  0000fde5  RW X
  SRAM_DATA             20000000   00010000  0000021b  0000fde5  RW  


SEGMENT ALLOCATION MAP

run origin  load origin   length   init length attrs members
----------  ----------- ---------- ----------- ----- -------
00000000    00000000    00000b38   00000b38    r-x
  00000000    00000000    000000e4   000000e4    r-- .intvecs
  000000e4    000000e4    00000a00   00000a00    r-x .text
  00000ae4    00000ae4    00000020   00000020    r-- .const
  00000b08    00000b08    00000030   00000030    r-- .cinit
20000000    20000000    0000001b   00000000    rw-
  20000000    20000000    00000014   00000000    rw- .bss
  20000014    20000014    00000007   00000000    rw- .data
2000fe00    2000fe00    00000200   00000000    rw-
  2000fe00    2000fe00    00000200   00000000    rw- .stack


SECTION ALLOCATION MAP

 output                                  attributes/
section   page    origin      length       input sections
--------  ----  ----------  ----------   ----------------
.intvecs   0    00000000    000000e4     
                  00000000    000000e4     startup_msp432p401r_ccs.obj (.intvecs:retain)

.text      0    000000e4    00000a00     
                  000000e4    00000334     system_msp432p401r.obj (.text)
                  00000418    000001a0     stepperMotor.obj (.text)
                  000005b8    00000160     pinsInint.obj (.text)
                  00000718    000000cc     main.obj (.text)
                  000007e4    000000b0     readInputs.obj (.text)
                  00000894    0000009c     rtsv7M4_T_le_v4SPD16_eabi.lib : memcpy_t2.asm.obj (.text)
                  00000930    00000094     Toggle.obj (.text)
                  000009c4    00000068     rtsv7M4_T_le_v4SPD16_eabi.lib : copy_decompress_lzss.c.obj (.text:decompress:lzss:__TI_decompress_lzss)
                  00000a2c    00000044                                   : autoinit.c.obj (.text:__TI_auto_init_nobinit_nopinit:__TI_auto_init_nobinit_nopinit)
                  00000a70    00000034                                   : boot_cortex_m.c.obj (.text:_c_int00_noargs:_c_int00_noargs)
                  00000aa4    0000001c                                   : copy_zero_init.c.obj (.text:decompress:ZI:__TI_zero_init_nomemset:__TI_zero_init_nomemset)
                  00000ac0    0000000e                                   : copy_decompress_none.c.obj (.text:decompress:none:__TI_decompress_none)
                  00000ace    0000000e     startup_msp432p401r_ccs.obj (.text)
                  00000adc    00000004     rtsv7M4_T_le_v4SPD16_eabi.lib : pre_init.c.obj (.text:_system_pre_init)
                  00000ae0    00000004                                   : exit.c.obj (.text:abort:abort)

.const     0    00000ae4    00000020     
                  00000ae4    00000010     main.obj (.const:motorPortPins)
                  00000af4    00000010     stepperMotor.obj (.const:stepNumber_t)

.cinit     0    00000b08    00000030     
                  00000b08    0000000c     (__TI_handler_table)
                  00000b14    0000000a     (.cinit..data.load) [load image, compression = lzss]
                  00000b1e    00000002     --HOLE-- [fill = 0]
                  00000b20    00000008     (.cinit..bss.load) [load image, compression = zero_init]
                  00000b28    00000010     (__TI_cinit_table)

.init_array 
*          0    00000000    00000000     UNINITIALIZED

.binit     0    00000000    00000000     

.bss       0    20000000    00000014     UNINITIALIZED
                  20000000    00000004     (.common:button)
                  20000004    00000004     (.common:motor_a)
                  20000008    00000004     (.common:motor_ap)
                  2000000c    00000004     (.common:motor_b)
                  20000010    00000004     (.common:motor_bp)

.data      0    20000014    00000007     UNINITIALIZED
                  20000014    00000004     system_msp432p401r.obj (.data)
                  20000018    00000002     readInputs.obj (.data)
                  2000001a    00000001     main.obj (.data)

.stack     0    2000fe00    00000200     UNINITIALIZED
                  2000fe00    00000004     rtsv7M4_T_le_v4SPD16_eabi.lib : boot_cortex_m.c.obj (.stack)
                  2000fe04    000001fc     --HOLE--

__llvm_prf_cnts 
*          0    20000000    00000000     UNINITIALIZED

MODULE SUMMARY

       Module                        code   ro data   rw data
       ------                        ----   -------   -------
    .\
       system_msp432p401r.obj        820    0         8      
       stepperMotor.obj              416    16        0      
       pinsInint.obj                 352    0         0      
       main.obj                      204    16        42     
       startup_msp432p401r_ccs.obj   14     228       0      
       readInputs.obj                176    0         4      
       Toggle.obj                    148    0         0      
    +--+-----------------------------+------+---------+---------+
       Total:                        2130   260       54     
                                                             
    C:\ti\ccs1200\ccs\tools\compiler\ti-cgt-arm_20.2.7.LTS\lib\rtsv7M4_T_le_v4SPD16_eabi.lib
       memcpy_t2.asm.obj             156    0         0      
       copy_decompress_lzss.c.obj    104    0         0      
       autoinit.c.obj                68     0         0      
       boot_cortex_m.c.obj           52     0         0      
       copy_zero_init.c.obj          28     0         0      
       copy_decompress_none.c.obj    14     0         0      
       exit.c.obj                    4      0         0      
       pre_init.c.obj                4      0         0      
    +--+-----------------------------+------+---------+---------+
       Total:                        430    0         0      
                                                             
       Stack:                        0      0         1024   
       Linker Generated:             0      46        0      
    +--+-----------------------------+------+---------+---------+
       Grand Total:                  2560   306       1078   


LINKER GENERATED COPY TABLES

__TI_cinit_table @ 00000b28 records: 2, size/record: 8, table size: 16
	.data: load addr=00000b14, load size=0000000a bytes, run addr=20000014, run size=00000007 bytes, compression=lzss
	.bss: load addr=00000b20, load size=00000008 bytes, run addr=20000000, run size=00000014 bytes, compression=zero_init


LINKER GENERATED HANDLER TABLE

__TI_handler_table @ 00000b08 records: 3, size/record: 4, table size: 12
	index: 0, handler: __TI_decompress_lzss
	index: 1, handler: __TI_decompress_none
	index: 2, handler: __TI_zero_init


GLOBAL SYMBOLS: SORTED ALPHABETICALLY BY Name 

address   name                          
-------   ----                          
00000adb  ADC14_IRQHandler              
00000adb  AES256_IRQHandler             
00000adb  BusFault_Handler              
00000ae1  C$$EXIT                       
00000adb  COMP_E0_IRQHandler            
00000adb  COMP_E1_IRQHandler            
00000adb  CS_IRQHandler                 
00000adb  DMA_ERR_IRQHandler            
00000adb  DMA_INT0_IRQHandler           
00000adb  DMA_INT1_IRQHandler           
00000adb  DMA_INT2_IRQHandler           
00000adb  DMA_INT3_IRQHandler           
00000adb  DebugMon_Handler              
00000adb  Default_Handler               
00000adb  EUSCIA0_IRQHandler            
00000adb  EUSCIA1_IRQHandler            
00000adb  EUSCIA2_IRQHandler            
00000adb  EUSCIA3_IRQHandler            
00000adb  EUSCIB0_IRQHandler            
00000adb  EUSCIB1_IRQHandler            
00000adb  EUSCIB2_IRQHandler            
00000adb  EUSCIB3_IRQHandler            
00000adb  FLCTL_IRQHandler              
00000adb  FPU_IRQHandler                
00000adb  HardFault_Handler             
00000adb  MemManage_Handler             
00000adb  NMI_Handler                   
00000adb  PCM_IRQHandler                
00000adb  PORT1_IRQHandler              
00000adb  PORT2_IRQHandler              
00000adb  PORT3_IRQHandler              
00000adb  PORT4_IRQHandler              
00000adb  PORT5_IRQHandler              
00000adb  PORT6_IRQHandler              
00000adb  PSS_IRQHandler                
00000adb  PendSV_Handler                
00000adb  RTC_C_IRQHandler              
00000acf  Reset_Handler                 
00000adb  SVC_Handler                   
00000adb  SysTick_Handler               
20000014  SystemCoreClock               
000000e5  SystemCoreClockUpdate         
0000035d  SystemInit                    
00000adb  T32_INT1_IRQHandler           
00000adb  T32_INT2_IRQHandler           
00000adb  T32_INTC_IRQHandler           
00000adb  TA0_0_IRQHandler              
00000adb  TA0_N_IRQHandler              
00000adb  TA1_0_IRQHandler              
00000adb  TA1_N_IRQHandler              
00000adb  TA2_0_IRQHandler              
00000adb  TA2_N_IRQHandler              
00000adb  TA3_0_IRQHandler              
00000adb  TA3_N_IRQHandler              
00000adb  UsageFault_Handler            
4000480c  WDTCTL_SYM                    
00000adb  WDT_A_IRQHandler              
20010000  __STACK_END                   
00000200  __STACK_SIZE                  
00000b28  __TI_CINIT_Base               
00000b38  __TI_CINIT_Limit              
00000b08  __TI_Handler_Table_Base       
00000b14  __TI_Handler_Table_Limit      
00000a2d  __TI_auto_init_nobinit_nopinit
000009c5  __TI_decompress_lzss          
00000ac1  __TI_decompress_none          
ffffffff  __TI_pprof_out_hndl           
ffffffff  __TI_prof_data_size           
ffffffff  __TI_prof_data_start          
00000000  __TI_static_base__            
00000aa5  __TI_zero_init_nomemset       
00000895  __aeabi_memcpy                
00000895  __aeabi_memcpy4               
00000895  __aeabi_memcpy8               
ffffffff  __binit__                     
ffffffff  __c_args__                    
UNDEFED   __mpu_init                    
2000fe00  __stack                       
20000000  __start___llvm_prf_cnts       
20000000  __stop___llvm_prf_cnts        
00000a71  _c_int00_noargs               
UNDEFED   _system_post_cinit            
00000add  _system_pre_init              
00000ae1  abort                         
ffffffff  binit                         
20000000  button                        
2000001a  buttonCount                   
00000000  interruptVectors              
00000719  main                          
00000895  memcpy                        
20000004  motor_a                       
20000008  motor_ap                      
2000000c  motor_b                       
20000010  motor_bp                      
0000076f  vMain_InitMainPorts           
0000065f  vPrv_pinsInit_InitConfig      
00000419  vStepperMotor_turnDeg         
000009a5  vToggle_toggle                
00000931  vToggle_turnPinHigh           
0000096b  vToggle_turnPinLow            
000005b9  vpinsInit_GPIO                
000007e5  xReadInputs_ReadPin           
00000829  xReadInputs_read              


GLOBAL SYMBOLS: SORTED BY Symbol Address 

address   name                          
-------   ----                          
00000000  __TI_static_base__            
00000000  interruptVectors              
000000e5  SystemCoreClockUpdate         
00000200  __STACK_SIZE                  
0000035d  SystemInit                    
00000419  vStepperMotor_turnDeg         
000005b9  vpinsInit_GPIO                
0000065f  vPrv_pinsInit_InitConfig      
00000719  main                          
0000076f  vMain_InitMainPorts           
000007e5  xReadInputs_ReadPin           
00000829  xReadInputs_read              
00000895  __aeabi_memcpy                
00000895  __aeabi_memcpy4               
00000895  __aeabi_memcpy8               
00000895  memcpy                        
00000931  vToggle_turnPinHigh           
0000096b  vToggle_turnPinLow            
000009a5  vToggle_toggle                
000009c5  __TI_decompress_lzss          
00000a2d  __TI_auto_init_nobinit_nopinit
00000a71  _c_int00_noargs               
00000aa5  __TI_zero_init_nomemset       
00000ac1  __TI_decompress_none          
00000acf  Reset_Handler                 
00000adb  ADC14_IRQHandler              
00000adb  AES256_IRQHandler             
00000adb  BusFault_Handler              
00000adb  COMP_E0_IRQHandler            
00000adb  COMP_E1_IRQHandler            
00000adb  CS_IRQHandler                 
00000adb  DMA_ERR_IRQHandler            
00000adb  DMA_INT0_IRQHandler           
00000adb  DMA_INT1_IRQHandler           
00000adb  DMA_INT2_IRQHandler           
00000adb  DMA_INT3_IRQHandler           
00000adb  DebugMon_Handler              
00000adb  Default_Handler               
00000adb  EUSCIA0_IRQHandler            
00000adb  EUSCIA1_IRQHandler            
00000adb  EUSCIA2_IRQHandler            
00000adb  EUSCIA3_IRQHandler            
00000adb  EUSCIB0_IRQHandler            
00000adb  EUSCIB1_IRQHandler            
00000adb  EUSCIB2_IRQHandler            
00000adb  EUSCIB3_IRQHandler            
00000adb  FLCTL_IRQHandler              
00000adb  FPU_IRQHandler                
00000adb  HardFault_Handler             
00000adb  MemManage_Handler             
00000adb  NMI_Handler                   
00000adb  PCM_IRQHandler                
00000adb  PORT1_IRQHandler              
00000adb  PORT2_IRQHandler              
00000adb  PORT3_IRQHandler              
00000adb  PORT4_IRQHandler              
00000adb  PORT5_IRQHandler              
00000adb  PORT6_IRQHandler              
00000adb  PSS_IRQHandler                
00000adb  PendSV_Handler                
00000adb  RTC_C_IRQHandler              
00000adb  SVC_Handler                   
00000adb  SysTick_Handler               
00000adb  T32_INT1_IRQHandler           
00000adb  T32_INT2_IRQHandler           
00000adb  T32_INTC_IRQHandler           
00000adb  TA0_0_IRQHandler              
00000adb  TA0_N_IRQHandler              
00000adb  TA1_0_IRQHandler              
00000adb  TA1_N_IRQHandler              
00000adb  TA2_0_IRQHandler              
00000adb  TA2_N_IRQHandler              
00000adb  TA3_0_IRQHandler              
00000adb  TA3_N_IRQHandler              
00000adb  UsageFault_Handler            
00000adb  WDT_A_IRQHandler              
00000add  _system_pre_init              
00000ae1  C$$EXIT                       
00000ae1  abort                         
00000b08  __TI_Handler_Table_Base       
00000b14  __TI_Handler_Table_Limit      
00000b28  __TI_CINIT_Base               
00000b38  __TI_CINIT_Limit              
20000000  __start___llvm_prf_cnts       
20000000  __stop___llvm_prf_cnts        
20000000  button                        
20000004  motor_a                       
20000008  motor_ap                      
2000000c  motor_b                       
20000010  motor_bp                      
20000014  SystemCoreClock               
2000001a  buttonCount                   
2000fe00  __stack                       
20010000  __STACK_END                   
4000480c  WDTCTL_SYM                    
ffffffff  __TI_pprof_out_hndl           
ffffffff  __TI_prof_data_size           
ffffffff  __TI_prof_data_start          
ffffffff  __binit__                     
ffffffff  __c_args__                    
ffffffff  binit                         
UNDEFED   __mpu_init                    
UNDEFED   _system_post_cinit            

[103 symbols]
