******************************************************************************
                  TI ARM Linker PC v20.2.7                     
******************************************************************************
>> Linked Fri Oct 14 15:53:08 2022

OUTPUT FILE NAME:   <lab7.out>
ENTRY POINT SYMBOL: "_c_int00_noargs"  address: 00000811


MEMORY CONFIGURATION

         name            origin    length      used     unused   attr    fill
----------------------  --------  ---------  --------  --------  ----  --------
  MAIN                  00000000   00040000  000008b4  0003f74c  R  X
  INFO                  00200000   00004000  00000000  00004000  R  X
  SRAM_CODE             01000000   00010000  00000214  0000fdec  RW X
  SRAM_DATA             20000000   00010000  00000214  0000fdec  RW  


SEGMENT ALLOCATION MAP

run origin  load origin   length   init length attrs members
----------  ----------- ---------- ----------- ----- -------
00000000    00000000    000008b8   000008b8    r-x
  00000000    00000000    000000e4   000000e4    r-- .intvecs
  000000e4    000000e4    000007a0   000007a0    r-x .text
  00000888    00000888    00000030   00000030    r-- .cinit
20000000    20000000    00000014   00000000    rw-
  20000000    20000000    00000010   00000000    rw- .bss
  20000010    20000010    00000004   00000000    rw- .data
2000fe00    2000fe00    00000200   00000000    rw-
  2000fe00    2000fe00    00000200   00000000    rw- .stack


SECTION ALLOCATION MAP

 output                                  attributes/
section   page    origin      length       input sections
--------  ----  ----------  ----------   ----------------
.intvecs   0    00000000    000000e4     
                  00000000    000000e4     startup_msp432p401r_ccs.obj (.intvecs:retain)

.text      0    000000e4    000007a0     
                  000000e4    00000334     system_msp432p401r.obj (.text)
                  00000418    00000160     pinsInint.obj (.text)
                  00000578    000000bc     main.obj (.text)
                  00000634    0000009c     rtsv7M4_T_le_v4SPD16_eabi.lib : memcpy_t2.asm.obj (.text)
                  000006d0    00000094     Toggle.obj (.text)
                  00000764    00000068     rtsv7M4_T_le_v4SPD16_eabi.lib : copy_decompress_lzss.c.obj (.text:decompress:lzss:__TI_decompress_lzss)
                  000007cc    00000044                                   : autoinit.c.obj (.text:__TI_auto_init_nobinit_nopinit:__TI_auto_init_nobinit_nopinit)
                  00000810    00000034                                   : boot_cortex_m.c.obj (.text:_c_int00_noargs:_c_int00_noargs)
                  00000844    0000001c                                   : copy_zero_init.c.obj (.text:decompress:ZI:__TI_zero_init_nomemset:__TI_zero_init_nomemset)
                  00000860    0000000e                                   : copy_decompress_none.c.obj (.text:decompress:none:__TI_decompress_none)
                  0000086e    0000000e     startup_msp432p401r_ccs.obj (.text)
                  0000087c    00000004     rtsv7M4_T_le_v4SPD16_eabi.lib : pre_init.c.obj (.text:_system_pre_init)
                  00000880    00000004                                   : exit.c.obj (.text:abort:abort)

.cinit     0    00000888    00000030     
                  00000888    0000000c     (__TI_handler_table)
                  00000894    00000004     --HOLE-- [fill = 0]
                  00000898    00000008     (.cinit..bss.load) [load image, compression = zero_init]
                  000008a0    00000008     (.cinit..data.load) [load image, compression = lzss]
                  000008a8    00000010     (__TI_cinit_table)

.init_array 
*          0    00000000    00000000     UNINITIALIZED

.binit     0    00000000    00000000     

.bss       0    20000000    00000010     UNINITIALIZED
                  20000000    00000004     (.common:motor_a)
                  20000004    00000004     (.common:motor_ap)
                  20000008    00000004     (.common:motor_b)
                  2000000c    00000004     (.common:motor_bp)

.data      0    20000010    00000004     UNINITIALIZED
                  20000010    00000004     system_msp432p401r.obj (.data)

.stack     0    2000fe00    00000200     UNINITIALIZED
                  2000fe00    00000004     rtsv7M4_T_le_v4SPD16_eabi.lib : boot_cortex_m.c.obj (.stack)
                  2000fe04    000001fc     --HOLE--

__llvm_prf_cnts 
*          0    20000000    00000000     UNINITIALIZED

MODULE SUMMARY

       Module                        code   ro data   rw data
       ------                        ----   -------   -------
    .\
       system_msp432p401r.obj        820    0         8      
       pinsInint.obj                 352    0         0      
       startup_msp432p401r_ccs.obj   14     228       0      
       main.obj                      188    0         32     
       Toggle.obj                    148    0         0      
    +--+-----------------------------+------+---------+---------+
       Total:                        1522   228       40     
                                                             
    C:\ti\ccs1200\ccs\tools\compiler\ti-cgt-arm_20.2.7.LTS\lib\rtsv7M4_T_le_v4SPD16_eabi.lib
       memcpy_t2.asm.obj             156    0         0      
       copy_decompress_lzss.c.obj    104    0         0      
       autoinit.c.obj                68     0         0      
       boot_cortex_m.c.obj           52     0         0      
       copy_zero_init.c.obj          28     0         0      
       copy_decompress_none.c.obj    14     0         0      
       exit.c.obj                    4      0         0      
       pre_init.c.obj                4      0         0      
    +--+-----------------------------+------+---------+---------+
       Total:                        430    0         0      
                                                             
       Stack:                        0      0         1024   
       Linker Generated:             0      44        0      
    +--+-----------------------------+------+---------+---------+
       Grand Total:                  1952   272       1064   


LINKER GENERATED COPY TABLES

__TI_cinit_table @ 000008a8 records: 2, size/record: 8, table size: 16
	.bss: load addr=00000898, load size=00000008 bytes, run addr=20000000, run size=00000010 bytes, compression=zero_init
	.data: load addr=000008a0, load size=00000008 bytes, run addr=20000010, run size=00000004 bytes, compression=lzss


LINKER GENERATED HANDLER TABLE

__TI_handler_table @ 00000888 records: 3, size/record: 4, table size: 12
	index: 0, handler: __TI_decompress_lzss
	index: 1, handler: __TI_decompress_none
	index: 2, handler: __TI_zero_init


GLOBAL SYMBOLS: SORTED ALPHABETICALLY BY Name 

address   name                          
-------   ----                          
0000087b  ADC14_IRQHandler              
0000087b  AES256_IRQHandler             
0000087b  BusFault_Handler              
00000881  C$$EXIT                       
0000087b  COMP_E0_IRQHandler            
0000087b  COMP_E1_IRQHandler            
0000087b  CS_IRQHandler                 
0000087b  DMA_ERR_IRQHandler            
0000087b  DMA_INT0_IRQHandler           
0000087b  DMA_INT1_IRQHandler           
0000087b  DMA_INT2_IRQHandler           
0000087b  DMA_INT3_IRQHandler           
0000087b  DebugMon_Handler              
0000087b  Default_Handler               
0000087b  EUSCIA0_IRQHandler            
0000087b  EUSCIA1_IRQHandler            
0000087b  EUSCIA2_IRQHandler            
0000087b  EUSCIA3_IRQHandler            
0000087b  EUSCIB0_IRQHandler            
0000087b  EUSCIB1_IRQHandler            
0000087b  EUSCIB2_IRQHandler            
0000087b  EUSCIB3_IRQHandler            
0000087b  FLCTL_IRQHandler              
0000087b  FPU_IRQHandler                
0000087b  HardFault_Handler             
0000087b  MemManage_Handler             
0000087b  NMI_Handler                   
0000087b  PCM_IRQHandler                
0000087b  PORT1_IRQHandler              
0000087b  PORT2_IRQHandler              
0000087b  PORT3_IRQHandler              
0000087b  PORT4_IRQHandler              
0000087b  PORT5_IRQHandler              
0000087b  PORT6_IRQHandler              
0000087b  PSS_IRQHandler                
0000087b  PendSV_Handler                
0000087b  RTC_C_IRQHandler              
0000086f  Reset_Handler                 
0000087b  SVC_Handler                   
0000087b  SysTick_Handler               
20000010  SystemCoreClock               
000000e5  SystemCoreClockUpdate         
0000035d  SystemInit                    
0000087b  T32_INT1_IRQHandler           
0000087b  T32_INT2_IRQHandler           
0000087b  T32_INTC_IRQHandler           
0000087b  TA0_0_IRQHandler              
0000087b  TA0_N_IRQHandler              
0000087b  TA1_0_IRQHandler              
0000087b  TA1_N_IRQHandler              
0000087b  TA2_0_IRQHandler              
0000087b  TA2_N_IRQHandler              
0000087b  TA3_0_IRQHandler              
0000087b  TA3_N_IRQHandler              
0000087b  UsageFault_Handler            
4000480c  WDTCTL_SYM                    
0000087b  WDT_A_IRQHandler              
20010000  __STACK_END                   
00000200  __STACK_SIZE                  
000008a8  __TI_CINIT_Base               
000008b8  __TI_CINIT_Limit              
00000888  __TI_Handler_Table_Base       
00000894  __TI_Handler_Table_Limit      
000007cd  __TI_auto_init_nobinit_nopinit
00000765  __TI_decompress_lzss          
00000861  __TI_decompress_none          
ffffffff  __TI_pprof_out_hndl           
ffffffff  __TI_prof_data_size           
ffffffff  __TI_prof_data_start          
00000000  __TI_static_base__            
00000845  __TI_zero_init_nomemset       
00000635  __aeabi_memcpy                
00000635  __aeabi_memcpy4               
00000635  __aeabi_memcpy8               
ffffffff  __binit__                     
ffffffff  __c_args__                    
UNDEFED   __mpu_init                    
2000fe00  __stack                       
20000000  __start___llvm_prf_cnts       
20000000  __stop___llvm_prf_cnts        
00000811  _c_int00_noargs               
UNDEFED   _system_post_cinit            
0000087d  _system_pre_init              
00000881  abort                         
ffffffff  binit                         
00000000  interruptVectors              
00000579  main                          
00000635  memcpy                        
20000000  motor_a                       
20000004  motor_ap                      
20000008  motor_b                       
2000000c  motor_bp                      
000004bf  vPrv_pinsInit_InitConfig      
00000745  vToggle_toggle                
000006d1  vToggle_turnPinHigh           
0000070b  vToggle_turnPinLow            
00000419  vpinsInit_GPIO                


GLOBAL SYMBOLS: SORTED BY Symbol Address 

address   name                          
-------   ----                          
00000000  __TI_static_base__            
00000000  interruptVectors              
000000e5  SystemCoreClockUpdate         
00000200  __STACK_SIZE                  
0000035d  SystemInit                    
00000419  vpinsInit_GPIO                
000004bf  vPrv_pinsInit_InitConfig      
00000579  main                          
00000635  __aeabi_memcpy                
00000635  __aeabi_memcpy4               
00000635  __aeabi_memcpy8               
00000635  memcpy                        
000006d1  vToggle_turnPinHigh           
0000070b  vToggle_turnPinLow            
00000745  vToggle_toggle                
00000765  __TI_decompress_lzss          
000007cd  __TI_auto_init_nobinit_nopinit
00000811  _c_int00_noargs               
00000845  __TI_zero_init_nomemset       
00000861  __TI_decompress_none          
0000086f  Reset_Handler                 
0000087b  ADC14_IRQHandler              
0000087b  AES256_IRQHandler             
0000087b  BusFault_Handler              
0000087b  COMP_E0_IRQHandler            
0000087b  COMP_E1_IRQHandler            
0000087b  CS_IRQHandler                 
0000087b  DMA_ERR_IRQHandler            
0000087b  DMA_INT0_IRQHandler           
0000087b  DMA_INT1_IRQHandler           
0000087b  DMA_INT2_IRQHandler           
0000087b  DMA_INT3_IRQHandler           
0000087b  DebugMon_Handler              
0000087b  Default_Handler               
0000087b  EUSCIA0_IRQHandler            
0000087b  EUSCIA1_IRQHandler            
0000087b  EUSCIA2_IRQHandler            
0000087b  EUSCIA3_IRQHandler            
0000087b  EUSCIB0_IRQHandler            
0000087b  EUSCIB1_IRQHandler            
0000087b  EUSCIB2_IRQHandler            
0000087b  EUSCIB3_IRQHandler            
0000087b  FLCTL_IRQHandler              
0000087b  FPU_IRQHandler                
0000087b  HardFault_Handler             
0000087b  MemManage_Handler             
0000087b  NMI_Handler                   
0000087b  PCM_IRQHandler                
0000087b  PORT1_IRQHandler              
0000087b  PORT2_IRQHandler              
0000087b  PORT3_IRQHandler              
0000087b  PORT4_IRQHandler              
0000087b  PORT5_IRQHandler              
0000087b  PORT6_IRQHandler              
0000087b  PSS_IRQHandler                
0000087b  PendSV_Handler                
0000087b  RTC_C_IRQHandler              
0000087b  SVC_Handler                   
0000087b  SysTick_Handler               
0000087b  T32_INT1_IRQHandler           
0000087b  T32_INT2_IRQHandler           
0000087b  T32_INTC_IRQHandler           
0000087b  TA0_0_IRQHandler              
0000087b  TA0_N_IRQHandler              
0000087b  TA1_0_IRQHandler              
0000087b  TA1_N_IRQHandler              
0000087b  TA2_0_IRQHandler              
0000087b  TA2_N_IRQHandler              
0000087b  TA3_0_IRQHandler              
0000087b  TA3_N_IRQHandler              
0000087b  UsageFault_Handler            
0000087b  WDT_A_IRQHandler              
0000087d  _system_pre_init              
00000881  C$$EXIT                       
00000881  abort                         
00000888  __TI_Handler_Table_Base       
00000894  __TI_Handler_Table_Limit      
000008a8  __TI_CINIT_Base               
000008b8  __TI_CINIT_Limit              
20000000  __start___llvm_prf_cnts       
20000000  __stop___llvm_prf_cnts        
20000000  motor_a                       
20000004  motor_ap                      
20000008  motor_b                       
2000000c  motor_bp                      
20000010  SystemCoreClock               
2000fe00  __stack                       
20010000  __STACK_END                   
4000480c  WDTCTL_SYM                    
ffffffff  __TI_pprof_out_hndl           
ffffffff  __TI_prof_data_size           
ffffffff  __TI_prof_data_start          
ffffffff  __binit__                     
ffffffff  __c_args__                    
ffffffff  binit                         
UNDEFED   __mpu_init                    
UNDEFED   _system_post_cinit            

[97 symbols]
