******************************************************************************
                  TI ARM Linker PC v20.2.7                     
******************************************************************************
>> Linked Fri Nov  4 01:59:39 2022

OUTPUT FILE NAME:   <lab9.out>
ENTRY POINT SYMBOL: "_c_int00_noargs"  address: 00000df9


MEMORY CONFIGURATION

         name            origin    length      used     unused   attr    fill
----------------------  --------  ---------  --------  --------  ----  --------
  MAIN                  00000000   00040000  00000efc  0003f104  R  X
  INFO                  00200000   00004000  00000000  00004000  R  X
  SRAM_CODE             01000000   00010000  0000022e  0000fdd2  RW X
  SRAM_DATA             20000000   00010000  0000022e  0000fdd2  RW  


SEGMENT ALLOCATION MAP

run origin  load origin   length   init length attrs members
----------  ----------- ---------- ----------- ----- -------
00000000    00000000    00000f00   00000f00    r-x
  00000000    00000000    000000e4   000000e4    r-- .intvecs
  000000e4    000000e4    00000dc0   00000dc0    r-x .text
  00000ea4    00000ea4    00000020   00000020    r-- .const
  00000ec8    00000ec8    00000038   00000038    r-- .cinit
20000000    20000000    00000030   00000000    rw-
  20000000    20000000    00000026   00000000    rw- .bss
  20000028    20000028    00000008   00000000    rw- .data
2000fe00    2000fe00    00000200   00000000    rw-
  2000fe00    2000fe00    00000200   00000000    rw- .stack


SECTION ALLOCATION MAP

 output                                  attributes/
section   page    origin      length       input sections
--------  ----  ----------  ----------   ----------------
.intvecs   0    00000000    000000e4     
                  00000000    000000e4     startup_msp432p401r_ccs.obj (.intvecs:retain)

.text      0    000000e4    00000dc0     
                  000000e4    00000334     system_msp432p401r.obj (.text)
                  00000418    000001cc     pinsInint.obj (.text)
                  000005e4    000001c0     stepperMotor.obj (.text)
                  000007a4    00000136     rtsv7M4_T_le_v4SPD16_eabi.lib : fd_div_t2.asm.obj (.text)
                  000008da    00000002     --HOLE-- [fill = 0]
                  000008dc    00000134     main.obj (.text)
                  00000a10    000000e4     GPIO_Interrupt.obj (.text)
                  00000af4    000000a8     clk48MHz.obj (.text)
                  00000b9c    0000009c     rtsv7M4_T_le_v4SPD16_eabi.lib : memcpy_t2.asm.obj (.text)
                  00000c38    00000094     Toggle.obj (.text)
                  00000ccc    00000080     systick.obj (.text)
                  00000d4c    00000068     rtsv7M4_T_le_v4SPD16_eabi.lib : copy_decompress_lzss.c.obj (.text:decompress:lzss:__TI_decompress_lzss)
                  00000db4    00000044                                   : autoinit.c.obj (.text:__TI_auto_init_nobinit_nopinit:__TI_auto_init_nobinit_nopinit)
                  00000df8    00000034                                   : boot_cortex_m.c.obj (.text:_c_int00_noargs:_c_int00_noargs)
                  00000e2c    00000020                                   : u_tofd_t2.asm.obj (.text)
                  00000e4c    0000001c                                   : copy_zero_init.c.obj (.text:decompress:ZI:__TI_zero_init_nomemset:__TI_zero_init_nomemset)
                  00000e68    00000018     timer32.obj (.text)
                  00000e80    0000000e     rtsv7M4_T_le_v4SPD16_eabi.lib : copy_decompress_none.c.obj (.text:decompress:none:__TI_decompress_none)
                  00000e8e    0000000e     startup_msp432p401r_ccs.obj (.text)
                  00000e9c    00000004     rtsv7M4_T_le_v4SPD16_eabi.lib : pre_init.c.obj (.text:_system_pre_init)
                  00000ea0    00000004                                   : exit.c.obj (.text:abort:abort)

.const     0    00000ea4    00000020     
                  00000ea4    00000010     main.obj (.const:motorPortPins)
                  00000eb4    00000010     stepperMotor.obj (.const:stepNumber_t)

.cinit     0    00000ec8    00000038     
                  00000ec8    0000000d     (.cinit..data.load) [load image, compression = lzss]
                  00000ed5    00000003     --HOLE-- [fill = 0]
                  00000ed8    0000000c     (__TI_handler_table)
                  00000ee4    00000004     --HOLE-- [fill = 0]
                  00000ee8    00000008     (.cinit..bss.load) [load image, compression = zero_init]
                  00000ef0    00000010     (__TI_cinit_table)

.init_array 
*          0    00000000    00000000     UNINITIALIZED

.binit     0    00000000    00000000     

.bss       0    20000000    00000026     UNINITIALIZED
                  20000000    00000008     (.common:rpm)
                  20000008    00000004     (.common:motor_a)
                  2000000c    00000004     (.common:motor_ap)
                  20000010    00000004     (.common:motor_b)
                  20000014    00000004     (.common:motor_bp)
                  20000018    00000004     (.common:numPress)
                  2000001c    00000004     (.common:numPress2)
                  20000020    00000004     (.common:time)
                  20000024    00000001     (.common:hall)
                  20000025    00000001     (.common:pressed)

.data      0    20000028    00000008     UNINITIALIZED
                  20000028    00000004     main.obj (.data)
                  2000002c    00000004     system_msp432p401r.obj (.data)

.stack     0    2000fe00    00000200     UNINITIALIZED
                  2000fe00    00000004     rtsv7M4_T_le_v4SPD16_eabi.lib : boot_cortex_m.c.obj (.stack)
                  2000fe04    000001fc     --HOLE--

__llvm_prf_cnts 
*          0    20000000    00000000     UNINITIALIZED

MODULE SUMMARY

       Module                        code   ro data   rw data
       ------                        ----   -------   -------
    .\
       system_msp432p401r.obj        820    0         8      
       stepperMotor.obj              448    16        0      
       pinsInint.obj                 460    0         0      
       main.obj                      308    16        66     
       GPIO_Interrupt.obj            228    0         18     
       startup_msp432p401r_ccs.obj   14     228       0      
       clk48MHz.obj                  168    0         0      
       Toggle.obj                    148    0         0      
       systick.obj                   128    0         0      
       timer32.obj                   24     0         0      
    +--+-----------------------------+------+---------+---------+
       Total:                        2746   260       92     
                                                             
    C:\ti\ccs1040\ccs\tools\compiler\ti-cgt-arm_20.2.7.LTS\lib\rtsv7M4_T_le_v4SPD16_eabi.lib
       fd_div_t2.asm.obj             310    0         0      
       memcpy_t2.asm.obj             156    0         0      
       copy_decompress_lzss.c.obj    104    0         0      
       autoinit.c.obj                68     0         0      
       boot_cortex_m.c.obj           52     0         0      
       u_tofd_t2.asm.obj             32     0         0      
       copy_zero_init.c.obj          28     0         0      
       copy_decompress_none.c.obj    14     0         0      
       exit.c.obj                    4      0         0      
       pre_init.c.obj                4      0         0      
    +--+-----------------------------+------+---------+---------+
       Total:                        772    0         0      
                                                             
       Stack:                        0      0         1024   
       Linker Generated:             0      49        0      
    +--+-----------------------------+------+---------+---------+
       Grand Total:                  3518   309       1116   


LINKER GENERATED COPY TABLES

__TI_cinit_table @ 00000ef0 records: 2, size/record: 8, table size: 16
	.data: load addr=00000ec8, load size=0000000d bytes, run addr=20000028, run size=00000008 bytes, compression=lzss
	.bss: load addr=00000ee8, load size=00000008 bytes, run addr=20000000, run size=00000026 bytes, compression=zero_init


LINKER GENERATED HANDLER TABLE

__TI_handler_table @ 00000ed8 records: 3, size/record: 4, table size: 12
	index: 0, handler: __TI_decompress_lzss
	index: 1, handler: __TI_decompress_none
	index: 2, handler: __TI_zero_init


GLOBAL SYMBOLS: SORTED ALPHABETICALLY BY Name 

address   name                          
-------   ----                          
00000e9b  ADC14_IRQHandler              
00000e9b  AES256_IRQHandler             
00000e9b  BusFault_Handler              
00000ea1  C$$EXIT                       
00000e9b  COMP_E0_IRQHandler            
00000e9b  COMP_E1_IRQHandler            
00000e9b  CS_IRQHandler                 
00000e9b  DMA_ERR_IRQHandler            
00000e9b  DMA_INT0_IRQHandler           
00000e9b  DMA_INT1_IRQHandler           
00000e9b  DMA_INT2_IRQHandler           
00000e9b  DMA_INT3_IRQHandler           
00000e9b  DebugMon_Handler              
00000e9b  Default_Handler               
00000e9b  EUSCIA0_IRQHandler            
00000e9b  EUSCIA1_IRQHandler            
00000e9b  EUSCIA2_IRQHandler            
00000e9b  EUSCIA3_IRQHandler            
00000e9b  EUSCIB0_IRQHandler            
00000e9b  EUSCIB1_IRQHandler            
00000e9b  EUSCIB2_IRQHandler            
00000e9b  EUSCIB3_IRQHandler            
00000e9b  FLCTL_IRQHandler              
00000e9b  FPU_IRQHandler                
00000e9b  HardFault_Handler             
00000e9b  MemManage_Handler             
00000e9b  NMI_Handler                   
00000e9b  PCM_IRQHandler                
00000a11  PORT1_IRQHandler              
00000a11  PORT1_IRQHandler              
00000e9b  PORT2_IRQHandler              
00000e9b  PORT3_IRQHandler              
00000e9b  PORT4_IRQHandler              
00000971  PORT5_IRQHandler              
00000971  PORT5_IRQHandler              
00000e9b  PORT6_IRQHandler              
00000e9b  PSS_IRQHandler                
00000e9b  PendSV_Handler                
00000e9b  RTC_C_IRQHandler              
00000e8f  Reset_Handler                 
00000e9b  SVC_Handler                   
00000e9b  SysTick_Handler               
2000002c  SystemCoreClock               
000000e5  SystemCoreClockUpdate         
0000035d  SystemInit                    
00000e9b  T32_INT1_IRQHandler           
00000e9b  T32_INT2_IRQHandler           
00000e9b  T32_INTC_IRQHandler           
00000e9b  TA0_0_IRQHandler              
00000e9b  TA0_N_IRQHandler              
00000e9b  TA1_0_IRQHandler              
00000e9b  TA1_N_IRQHandler              
00000e9b  TA2_0_IRQHandler              
00000e9b  TA2_N_IRQHandler              
00000e9b  TA3_0_IRQHandler              
00000e9b  TA3_N_IRQHandler              
00000e9b  UsageFault_Handler            
4000480c  WDTCTL_SYM                    
00000e9b  WDT_A_IRQHandler              
20010000  __STACK_END                   
00000200  __STACK_SIZE                  
00000ef0  __TI_CINIT_Base               
00000f00  __TI_CINIT_Limit              
00000ed8  __TI_Handler_Table_Base       
00000ee4  __TI_Handler_Table_Limit      
00000db5  __TI_auto_init_nobinit_nopinit
00000d4d  __TI_decompress_lzss          
00000e81  __TI_decompress_none          
ffffffff  __TI_pprof_out_hndl           
ffffffff  __TI_prof_data_size           
ffffffff  __TI_prof_data_start          
00000000  __TI_static_base__            
00000e4d  __TI_zero_init_nomemset       
000007a5  __aeabi_ddiv                  
00000b9d  __aeabi_memcpy                
00000b9d  __aeabi_memcpy4               
00000b9d  __aeabi_memcpy8               
00000e2d  __aeabi_ui2d                  
ffffffff  __binit__                     
ffffffff  __c_args__                    
UNDEFED   __mpu_init                    
2000fe00  __stack                       
20000000  __start___llvm_prf_cnts       
20000000  __stop___llvm_prf_cnts        
00000df9  _c_int00_noargs               
UNDEFED   _system_post_cinit            
00000e9d  _system_pre_init              
00000ea1  abort                         
ffffffff  binit                         
20000024  hall                          
00000000  interruptVectors              
20000028  key                           
000008dd  main                          
00000b9d  memcpy                        
20000008  motor_a                       
2000000c  motor_ap                      
20000010  motor_b                       
20000014  motor_bp                      
20000018  numPress                      
2000001c  numPress2                     
00000a73  pin_init                      
20000025  pressed                       
20000000  rpm                           
20000020  time                          
00000559  vHall_effect_pinsInit         
00000af5  vMain_Initlize48MHz           
000004bf  vPrv_pinsInit_InitConfig      
000005e5  vStepperMotor_turnDeg         
00000ccd  vSysTick_Init                 
00000d13  vSysTick_IntteruptInit        
00000ce9  vSysTick_mSecDelay            
00000e69  vTimer32_init                 
00000cad  vToggle_toggle                
00000c39  vToggle_turnPinHigh           
00000c73  vToggle_turnPinLow            
00000419  vpinsInit_GPIO                


GLOBAL SYMBOLS: SORTED BY Symbol Address 

address   name                          
-------   ----                          
00000000  __TI_static_base__            
00000000  interruptVectors              
000000e5  SystemCoreClockUpdate         
00000200  __STACK_SIZE                  
0000035d  SystemInit                    
00000419  vpinsInit_GPIO                
000004bf  vPrv_pinsInit_InitConfig      
00000559  vHall_effect_pinsInit         
000005e5  vStepperMotor_turnDeg         
000007a5  __aeabi_ddiv                  
000008dd  main                          
00000971  PORT5_IRQHandler              
00000971  PORT5_IRQHandler              
00000a11  PORT1_IRQHandler              
00000a11  PORT1_IRQHandler              
00000a73  pin_init                      
00000af5  vMain_Initlize48MHz           
00000b9d  __aeabi_memcpy                
00000b9d  __aeabi_memcpy4               
00000b9d  __aeabi_memcpy8               
00000b9d  memcpy                        
00000c39  vToggle_turnPinHigh           
00000c73  vToggle_turnPinLow            
00000cad  vToggle_toggle                
00000ccd  vSysTick_Init                 
00000ce9  vSysTick_mSecDelay            
00000d13  vSysTick_IntteruptInit        
00000d4d  __TI_decompress_lzss          
00000db5  __TI_auto_init_nobinit_nopinit
00000df9  _c_int00_noargs               
00000e2d  __aeabi_ui2d                  
00000e4d  __TI_zero_init_nomemset       
00000e69  vTimer32_init                 
00000e81  __TI_decompress_none          
00000e8f  Reset_Handler                 
00000e9b  ADC14_IRQHandler              
00000e9b  AES256_IRQHandler             
00000e9b  BusFault_Handler              
00000e9b  COMP_E0_IRQHandler            
00000e9b  COMP_E1_IRQHandler            
00000e9b  CS_IRQHandler                 
00000e9b  DMA_ERR_IRQHandler            
00000e9b  DMA_INT0_IRQHandler           
00000e9b  DMA_INT1_IRQHandler           
00000e9b  DMA_INT2_IRQHandler           
00000e9b  DMA_INT3_IRQHandler           
00000e9b  DebugMon_Handler              
00000e9b  Default_Handler               
00000e9b  EUSCIA0_IRQHandler            
00000e9b  EUSCIA1_IRQHandler            
00000e9b  EUSCIA2_IRQHandler            
00000e9b  EUSCIA3_IRQHandler            
00000e9b  EUSCIB0_IRQHandler            
00000e9b  EUSCIB1_IRQHandler            
00000e9b  EUSCIB2_IRQHandler            
00000e9b  EUSCIB3_IRQHandler            
00000e9b  FLCTL_IRQHandler              
00000e9b  FPU_IRQHandler                
00000e9b  HardFault_Handler             
00000e9b  MemManage_Handler             
00000e9b  NMI_Handler                   
00000e9b  PCM_IRQHandler                
00000e9b  PORT2_IRQHandler              
00000e9b  PORT3_IRQHandler              
00000e9b  PORT4_IRQHandler              
00000e9b  PORT6_IRQHandler              
00000e9b  PSS_IRQHandler                
00000e9b  PendSV_Handler                
00000e9b  RTC_C_IRQHandler              
00000e9b  SVC_Handler                   
00000e9b  SysTick_Handler               
00000e9b  T32_INT1_IRQHandler           
00000e9b  T32_INT2_IRQHandler           
00000e9b  T32_INTC_IRQHandler           
00000e9b  TA0_0_IRQHandler              
00000e9b  TA0_N_IRQHandler              
00000e9b  TA1_0_IRQHandler              
00000e9b  TA1_N_IRQHandler              
00000e9b  TA2_0_IRQHandler              
00000e9b  TA2_N_IRQHandler              
00000e9b  TA3_0_IRQHandler              
00000e9b  TA3_N_IRQHandler              
00000e9b  UsageFault_Handler            
00000e9b  WDT_A_IRQHandler              
00000e9d  _system_pre_init              
00000ea1  C$$EXIT                       
00000ea1  abort                         
00000ed8  __TI_Handler_Table_Base       
00000ee4  __TI_Handler_Table_Limit      
00000ef0  __TI_CINIT_Base               
00000f00  __TI_CINIT_Limit              
20000000  __start___llvm_prf_cnts       
20000000  __stop___llvm_prf_cnts        
20000000  rpm                           
20000008  motor_a                       
2000000c  motor_ap                      
20000010  motor_b                       
20000014  motor_bp                      
20000018  numPress                      
2000001c  numPress2                     
20000020  time                          
20000024  hall                          
20000025  pressed                       
20000028  key                           
2000002c  SystemCoreClock               
2000fe00  __stack                       
20010000  __STACK_END                   
4000480c  WDTCTL_SYM                    
ffffffff  __TI_pprof_out_hndl           
ffffffff  __TI_prof_data_size           
ffffffff  __TI_prof_data_start          
ffffffff  __binit__                     
ffffffff  __c_args__                    
ffffffff  binit                         
UNDEFED   __mpu_init                    
UNDEFED   _system_post_cinit            

[116 symbols]
