******************************************************************************
                  TI ARM Linker PC v20.2.7                     
******************************************************************************
>> Linked Fri Oct 21 15:09:20 2022

OUTPUT FILE NAME:   <EGR326_Lab7_Part01.out>
ENTRY POINT SYMBOL: "_c_int00_noargs"  address: 00002fc9


MEMORY CONFIGURATION

         name            origin    length      used     unused   attr    fill
----------------------  --------  ---------  --------  --------  ----  --------
  MAIN                  00000000   00040000  000033d0  0003cc30  R  X
  INFO                  00200000   00004000  00000000  00004000  R  X
  SRAM_CODE             01000000   00010000  000009bb  0000f645  RW X
  SRAM_DATA             20000000   00010000  000009bb  0000f645  RW  


SEGMENT ALLOCATION MAP

run origin  load origin   length   init length attrs members
----------  ----------- ---------- ----------- ----- -------
00000000    00000000    000033d0   000033d0    r-x
  00000000    00000000    000000e4   000000e4    r-- .intvecs
  000000e4    000000e4    00003150   00003150    r-x .text
  00003234    00003234    0000010c   0000010c    r-- .const
  00003340    00003340    00000090   00000090    r-- .cinit
20000000    20000000    000007bb   00000000    rw-
  20000000    20000000    00000400   00000000    rw- .sysmem
  20000400    20000400    000001f0   00000000    rw- .data
  200005f0    200005f0    000001cb   00000000    rw- .bss
2000fe00    2000fe00    00000200   00000000    rw-
  2000fe00    2000fe00    00000200   00000000    rw- .stack


SECTION ALLOCATION MAP

 output                                  attributes/
section   page    origin      length       input sections
--------  ----  ----------  ----------   ----------------
.intvecs   0    00000000    000000e4     
                  00000000    000000e4     startup_msp432p401r_ccs.obj (.intvecs:retain)

.text      0    000000e4    00003150     
                  000000e4    00000a4e     rtsv7M4_T_le_v4SPD16_eabi.lib : _printfi.c.obj (.text:__TI_printfi)
                  00000b32    00000002                                   : _lock.c.obj (.text:_nop)
                  00000b34    00000334     system_msp432p401r.obj (.text)
                  00000e68    00000270     rtsv7M4_T_le_v4SPD16_eabi.lib : _printfi.c.obj (.text:_pconv_a)
                  000010d8    000001d0                                   : _printfi.c.obj (.text:_pconv_g)
                  000012a8    000001b6                                   : fd_add_t2.asm.obj (.text)
                  0000145e    00000002                                   : div0.asm.obj (.text)
                  00001460    00000164     Read_Keypad.obj (.text)
                  000015c4    0000013c     rtsv7M4_T_le_v4SPD16_eabi.lib : _printfi.c.obj (.text:_pconv_e)
                  00001700    00000136                                   : fd_div_t2.asm.obj (.text)
                  00001836    00000002     --HOLE-- [fill = 0]
                  00001838    00000124                                   : _printfi.c.obj (.text:fcvt)
                  0000195c    00000114                                   : fputs.c.obj (.text:fputs)
                  00001a70    00000110                                   : s_scalbn.c.obj (.text:scalbn)
                  00001b80    00000100                                   : memory.c.obj (.text:aligned_alloc)
                  00001c80    000000fc                                   : fd_mul_t2.asm.obj (.text)
                  00001d7c    000000ec     stepperMotor.obj (.text)
                  00001e68    000000e4     rtsv7M4_T_le_v4SPD16_eabi.lib : memory.c.obj (.text:free)
                  00001f4c    000000dc                                   : setvbuf.c.obj (.text:setvbuf)
                  00002028    000000c8     GPIO_Interrupt.obj (.text)
                  000020f0    000000b4     main.obj (.text)
                  000021a4    000000b1     rtsv7M4_T_le_v4SPD16_eabi.lib : _printfi.c.obj (.text:_ltostr)
                  00002255    00000001     --HOLE-- [fill = 0]
                  00002256    0000009c                                   : memcpy_t2.asm.obj (.text)
                  000022f2    00000096                                   : ull_div_t2.asm.obj (.text)
                  00002388    0000008c                                   : fputc.c.obj (.text:fputc)
                  00002414    00000086                                   : fd_cmp_t2.asm.obj (.text:__aeabi_cdcmple)
                  0000249a    00000086                                   : fd_cmp_t2.asm.obj (.text:__aeabi_cdrcmple)
                  00002520    0000007a                                   : memset_t2.asm.obj (.text)
                  0000259a    00000002     --HOLE-- [fill = 0]
                  0000259c    00000074                                   : fclose.c.obj (.text:__TI_closefile)
                  00002610    00000070                                   : memory.c.obj (.text:split)
                  00002680    0000006e                                   : _printfi.c.obj (.text:_mcpy)
                  000026ee    00000002     --HOLE-- [fill = 0]
                  000026f0    0000006c                                   : hostrename.c.obj (.text:HOSTrename)
                  0000275c    00000068                                   : hostlseek.c.obj (.text:HOSTlseek)
                  000027c4    00000068                                   : copy_decompress_lzss.c.obj (.text:decompress:lzss:__TI_decompress_lzss)
                  0000282c    00000068                                   : printf.c.obj (.text:printf)
                  00002894    00000064                                   : s_frexp.c.obj (.text:frexp)
                  000028f8    00000064                                   : fseek.c.obj (.text:fseek)
                  0000295c    00000062                                   : _io_perm.c.obj (.text:__TI_wrt_ok)
                  000029be    00000002     --HOLE-- [fill = 0]
                  000029c0    00000060                                   : hostopen.c.obj (.text:HOSTopen)
                  00002a20    0000005c                                   : close.c.obj (.text:close)
                  00002a7c    00000058                                   : hostread.c.obj (.text:HOSTread)
                  00002ad4    00000058                                   : hostwrite.c.obj (.text:HOSTwrite)
                  00002b2c    00000056                                   : _printfi.c.obj (.text:_pconv_f)
                  00002b82    00000054                                   : _ltoa.c.obj (.text:__TI_ltoa)
                  00002bd6    00000052                                   : _printfi.c.obj (.text:_ecpy)
                  00002c28    00000050     SysTickTimer.obj (.text)
                  00002c78    0000004c     rtsv7M4_T_le_v4SPD16_eabi.lib : fflush.c.obj (.text:__TI_doflush)
                  00002cc4    0000004c                                   : atoi.c.obj (.text:atoi)
                  00002d10    00000048                                   : exit.c.obj (.text:exit)
                  00002d58    00000048                                   : fd_toi_t2.asm.obj (.text)
                  00002da0    00000044                                   : hostclose.c.obj (.text:HOSTclose)
                  00002de4    00000044                                   : hostunlink.c.obj (.text:HOSTunlink)
                  00002e28    00000044                                   : autoinit.c.obj (.text:__TI_auto_init_nobinit_nopinit:__TI_auto_init_nobinit_nopinit)
                  00002e6c    00000044                                   : getdevice.c.obj (.text:getdevice)
                  00002eb0    0000003e                                   : _printfi.c.obj (.text:_fcpy)
                  00002eee    00000002     --HOLE-- [fill = 0]
                  00002ef0    00000038                                   : trgmsg.c.obj (.text:__TI_writemsg)
                  00002f28    00000036                                   : strncpy.c.obj (.text:strncpy)
                  00002f5e    00000002     --HOLE-- [fill = 0]
                  00002f60    00000034                                   : fopen.c.obj (.text:__TI_cleanup)
                  00002f94    00000034                                   : trgmsg.c.obj (.text:__TI_readmsg)
                  00002fc8    00000034                                   : boot_cortex_m.c.obj (.text:_c_int00_noargs:_c_int00_noargs)
                  00002ffc    00000030                                   : getdevice.c.obj (.text:finddevice)
                  0000302c    0000002e                                   : i_tofd_t2.asm.obj (.text)
                  0000305a    00000002     --HOLE-- [fill = 0]
                  0000305c    0000002c                                   : unlink.c.obj (.text:unlink)
                  00003088    00000028                                   : memory.c.obj (.text:free_list_insert)
                  000030b0    00000028                                   : lseek.c.obj (.text:lseek)
                  000030d8    00000028                                   : write.c.obj (.text:write)
                  00003100    00000020                                   : memchr.c.obj (.text:memchr)
                  00003120    0000001c                                   : copy_zero_init.c.obj (.text:decompress:ZI:__TI_zero_init_nomemset:__TI_zero_init_nomemset)
                  0000313c    0000001c                                   : memory.c.obj (.text:free_list_remove)
                  00003158    0000001c                                   : memccpy.c.obj (.text:memccpy)
                  00003174    0000001a                                   : s_copysign.c.obj (.text:copysign)
                  0000318e    00000018                                   : strcmp.c.obj (.text:strcmp)
                  000031a6    00000016                                   : strchr.c.obj (.text:strchr)
                  000031bc    00000014                                   : strcpy.c.obj (.text:strcpy)
                  000031d0    00000014                                   : strlen.c.obj (.text:strlen)
                  000031e4    00000012                                   : wcslen.c.obj (.text:wcslen)
                  000031f6    0000000e                                   : copy_decompress_none.c.obj (.text:decompress:none:__TI_decompress_none)
                  00003204    0000000e     startup_msp432p401r_ccs.obj (.text)
                  00003212    00000002     --HOLE-- [fill = 0]
                  00003214    00000008     rtsv7M4_T_le_v4SPD16_eabi.lib : errno.c.obj (.text:__aeabi_errno_addr)
                  0000321c    00000008                                   : memory.c.obj (.text:malloc)
                  00003224    00000004                                   : printf.c.obj (.text:_outc)
                  00003228    00000004                                   : printf.c.obj (.text:_outs)
                  0000322c    00000004                                   : pre_init.c.obj (.text:_system_pre_init)
                  00003230    00000004                                   : exit.c.obj (.text:abort:abort)

.const     0    00003234    0000010c     
                  00003234    00000101     rtsv7M4_T_le_v4SPD16_eabi.lib : ctype.c.obj (.const:.string:_ctypes_)
                  00003335    00000003     --HOLE-- [fill = 0]
                  00003338    00000008     main.obj (.const:state)

.cinit     0    00003340    00000090     
                  00003340    0000006c     (.cinit..data.load) [load image, compression = lzss]
                  000033ac    0000000c     (__TI_handler_table)
                  000033b8    00000008     (.cinit..bss.load) [load image, compression = zero_init]
                  000033c0    00000010     (__TI_cinit_table)

.init_array 
*          0    00000000    00000000     UNINITIALIZED

.binit     0    00000000    00000000     

.sysmem    0    20000000    00000400     UNINITIALIZED
                  20000000    00000010     rtsv7M4_T_le_v4SPD16_eabi.lib : memory.c.obj (.sysmem)
                  20000010    000003f0     --HOLE--

.data      0    20000400    000001f0     UNINITIALIZED
                  20000400    000000f0     rtsv7M4_T_le_v4SPD16_eabi.lib : defs.c.obj (.data:_ftable)
                  200004f0    00000078                                   : host_device.c.obj (.data:_device)
                  20000568    00000050                                   : host_device.c.obj (.data:_stream)
                  200005b8    00000010                                   : defs.c.obj (.data)
                  200005c8    0000000c                                   : exit.c.obj (.data:$O1$$)
                  200005d4    00000008                                   : _lock.c.obj (.data:$O1$$)
                  200005dc    00000008                                   : memory.c.obj (.data:$O1$$)
                  200005e4    00000004     main.obj (.data)
                  200005e8    00000004     rtsv7M4_T_le_v4SPD16_eabi.lib : errno.c.obj (.data)
                  200005ec    00000004     system_msp432p401r.obj (.data)

.bss       0    200005f0    000001cb     UNINITIALIZED
                  200005f0    00000120     rtsv7M4_T_le_v4SPD16_eabi.lib : trgmsg.c.obj (.bss:_CIOBUF_)
                  20000710    000000a0     (.common:__TI_tmpnams)
                  200007b0    00000008     (.common:parmbuf)
                  200007b8    00000001     (.common:done)
                  200007b9    00000001     (.common:key)
                  200007ba    00000001     (.common:pressed)

.stack     0    2000fe00    00000200     UNINITIALIZED
                  2000fe00    00000004     rtsv7M4_T_le_v4SPD16_eabi.lib : boot_cortex_m.c.obj (.stack)
                  2000fe04    000001fc     --HOLE--

__llvm_prf_cnts 
*          0    20000000    00000000     UNINITIALIZED

MODULE SUMMARY

       Module                        code    ro data   rw data
       ------                        ----    -------   -------
    .\
       system_msp432p401r.obj        820     0         8      
       Read_Keypad.obj               356     0         2      
       startup_msp432p401r_ccs.obj   14      228       0      
       stepperMotor.obj              236     0         0      
       GPIO_Interrupt.obj            200     0         4      
       main.obj                      180     8         8      
       SysTickTimer.obj              80      0         0      
    +--+-----------------------------+-------+---------+---------+
       Total:                        1886    236       22     
                                                              
    C:\ti\ccs1040\ccs\tools\compiler\ti-cgt-arm_20.2.7.LTS\lib\rtsv7M4_T_le_v4SPD16_eabi.lib
       _printfi.c.obj                4851    0         0      
       defs.c.obj                    0       0         832    
       memory.c.obj                  672     0         16     
       trgmsg.c.obj                  108     0         576    
       fd_add_t2.asm.obj             438     0         0      
       host_device.c.obj             0       0         400    
       fd_div_t2.asm.obj             310     0         0      
       fputs.c.obj                   276     0         0      
       s_scalbn.c.obj                272     0         0      
       fd_cmp_t2.asm.obj             268     0         0      
       ctype.c.obj                   0       257       0      
       fd_mul_t2.asm.obj             252     0         0      
       setvbuf.c.obj                 220     0         0      
       memcpy_t2.asm.obj             156     0         0      
       ull_div_t2.asm.obj            150     0         0      
       fputc.c.obj                   140     0         0      
       memset_t2.asm.obj             122     0         0      
       fclose.c.obj                  116     0         0      
       getdevice.c.obj               116     0         0      
       hostopen.c.obj                96      0         16     
       printf.c.obj                  112     0         0      
       hostrename.c.obj              108     0         0      
       copy_decompress_lzss.c.obj    104     0         0      
       hostlseek.c.obj               104     0         0      
       exit.c.obj                    76      0         24     
       fseek.c.obj                   100     0         0      
       s_frexp.c.obj                 100     0         0      
       _io_perm.c.obj                98      0         0      
       close.c.obj                   92      0         0      
       hostread.c.obj                88      0         0      
       hostwrite.c.obj               88      0         0      
       _ltoa.c.obj                   84      0         0      
       atoi.c.obj                    76      0         0      
       fflush.c.obj                  76      0         0      
       fd_toi_t2.asm.obj             72      0         0      
       autoinit.c.obj                68      0         0      
       hostclose.c.obj               68      0         0      
       hostunlink.c.obj              68      0         0      
       strncpy.c.obj                 54      0         0      
       boot_cortex_m.c.obj           52      0         0      
       fopen.c.obj                   52      0         0      
       i_tofd_t2.asm.obj             46      0         0      
       unlink.c.obj                  44      0         0      
       lseek.c.obj                   40      0         0      
       write.c.obj                   40      0         0      
       memchr.c.obj                  32      0         0      
       copy_zero_init.c.obj          28      0         0      
       memccpy.c.obj                 28      0         0      
       s_copysign.c.obj              26      0         0      
       strcmp.c.obj                  24      0         0      
       strchr.c.obj                  22      0         0      
       strcpy.c.obj                  20      0         0      
       strlen.c.obj                  20      0         0      
       _lock.c.obj                   2       0         16     
       wcslen.c.obj                  18      0         0      
       errno.c.obj                   8       0         8      
       copy_decompress_none.c.obj    14      0         0      
       pre_init.c.obj                4       0         0      
       div0.asm.obj                  2       0         0      
    +--+-----------------------------+-------+---------+---------+
       Total:                        10721   257       1888   
                                                              
       Heap:                         0       0         2048   
       Stack:                        0       0         1024   
       Linker Generated:             0       144       0      
    +--+-----------------------------+-------+---------+---------+
       Grand Total:                  12607   637       4982   


LINKER GENERATED COPY TABLES

__TI_cinit_table @ 000033c0 records: 2, size/record: 8, table size: 16
	.data: load addr=00003340, load size=0000006c bytes, run addr=20000400, run size=000001f0 bytes, compression=lzss
	.bss: load addr=000033b8, load size=00000008 bytes, run addr=200005f0, run size=000001cb bytes, compression=zero_init


LINKER GENERATED HANDLER TABLE

__TI_handler_table @ 000033ac records: 3, size/record: 4, table size: 12
	index: 0, handler: __TI_decompress_lzss
	index: 1, handler: __TI_decompress_none
	index: 2, handler: __TI_zero_init


GLOBAL SYMBOLS: SORTED ALPHABETICALLY BY Name 

address   name                           
-------   ----                           
00003211  ADC14_IRQHandler               
00003211  AES256_IRQHandler              
00003211  BusFault_Handler               
00003231  C$$EXIT                        
00002f1f  C$$IO$$                        
00003211  COMP_E0_IRQHandler             
00003211  COMP_E1_IRQHandler             
00003211  CS_IRQHandler                  
00003211  DMA_ERR_IRQHandler             
00003211  DMA_INT0_IRQHandler            
00003211  DMA_INT1_IRQHandler            
00003211  DMA_INT2_IRQHandler            
00003211  DMA_INT3_IRQHandler            
00003211  DebugMon_Handler               
00003211  Default_Handler                
00003211  EUSCIA0_IRQHandler             
00003211  EUSCIA1_IRQHandler             
00003211  EUSCIA2_IRQHandler             
00003211  EUSCIA3_IRQHandler             
00003211  EUSCIB0_IRQHandler             
00003211  EUSCIB1_IRQHandler             
00003211  EUSCIB2_IRQHandler             
00003211  EUSCIB3_IRQHandler             
00003211  FLCTL_IRQHandler               
00003211  FPU_IRQHandler                 
00002da1  HOSTclose                      
0000275d  HOSTlseek                      
000029c1  HOSTopen                       
00002a7d  HOSTread                       
000026f1  HOSTrename                     
00002de5  HOSTunlink                     
00002ad5  HOSTwrite                      
00003211  HardFault_Handler              
00003211  MemManage_Handler              
00003211  NMI_Handler                    
00003211  PCM_IRQHandler                 
00002029  PORT1_IRQHandler               
00002029  PORT1_IRQHandler               
00003211  PORT2_IRQHandler               
00003211  PORT3_IRQHandler               
00003211  PORT4_IRQHandler               
00003211  PORT5_IRQHandler               
00003211  PORT6_IRQHandler               
00003211  PSS_IRQHandler                 
00003211  PendSV_Handler                 
00003211  RTC_C_IRQHandler               
00001495  Read_Keypad                    
00003205  Reset_Handler                  
00003211  SVC_Handler                    
00002c4f  SysTickInit                    
00002c29  SysTickTimer                   
00003211  SysTick_Handler                
200005ec  SystemCoreClock                
00000b35  SystemCoreClockUpdate          
00000dad  SystemInit                     
00003211  T32_INT1_IRQHandler            
00003211  T32_INT2_IRQHandler            
00003211  T32_INTC_IRQHandler            
00003211  TA0_0_IRQHandler               
00003211  TA0_N_IRQHandler               
00003211  TA1_0_IRQHandler               
00003211  TA1_N_IRQHandler               
00003211  TA2_0_IRQHandler               
00003211  TA2_N_IRQHandler               
00003211  TA3_0_IRQHandler               
00003211  TA3_N_IRQHandler               
00003211  UsageFault_Handler             
4000480c  WDTCTL_SYM                     
00003211  WDT_A_IRQHandler               
200005f0  __CIOBUF_                      
20010000  __STACK_END                    
00000200  __STACK_SIZE                   
00000400  __SYSMEM_SIZE                  
000033c0  __TI_CINIT_Base                
000033d0  __TI_CINIT_Limit               
000033ac  __TI_Handler_Table_Base        
000033b8  __TI_Handler_Table_Limit       
00002e29  __TI_auto_init_nobinit_nopinit 
00002f61  __TI_cleanup                   
200005c8  __TI_cleanup_ptr               
0000259d  __TI_closefile                 
000027c5  __TI_decompress_lzss           
000031f7  __TI_decompress_none           
00002c79  __TI_doflush                   
200005cc  __TI_dtors_ptr                 
200005d0  __TI_enable_exit_profile_output
200005b8  __TI_ft_end                    
00002b83  __TI_ltoa                      
ffffffff  __TI_pprof_out_hndl            
000000e5  __TI_printfi                   
ffffffff  __TI_prof_data_size            
ffffffff  __TI_prof_data_start           
00002f95  __TI_readmsg                   
00000000  __TI_static_base__             
20000710  __TI_tmpnams                   
00002ef1  __TI_writemsg                  
0000295d  __TI_wrt_ok                    
00003121  __TI_zero_init_nomemset        
00002415  __aeabi_cdcmpeq                
00002415  __aeabi_cdcmple                
0000249b  __aeabi_cdrcmple               
00002d59  __aeabi_d2iz                   
000012b3  __aeabi_dadd                   
00001701  __aeabi_ddiv                   
00001c81  __aeabi_dmul                   
000012a9  __aeabi_dsub                   
00003215  __aeabi_errno_addr             
0000302d  __aeabi_i2d                    
0000145f  __aeabi_idiv0                  
0000145f  __aeabi_ldiv0                  
00002521  __aeabi_memclr                 
00002521  __aeabi_memclr4                
00002521  __aeabi_memclr8                
00002257  __aeabi_memcpy                 
00002257  __aeabi_memcpy4                
00002257  __aeabi_memcpy8                
00002523  __aeabi_memset                 
00002523  __aeabi_memset4                
00002523  __aeabi_memset8                
200005c4  __aeabi_stderr                 
200005bc  __aeabi_stdin                  
200005c0  __aeabi_stdout                 
000022f3  __aeabi_uldivmod               
ffffffff  __binit__                      
ffffffff  __c_args__                     
UNDEFED   __mpu_init                     
2000fe00  __stack                        
20000000  __start___llvm_prf_cnts        
20000000  __stop___llvm_prf_cnts         
00002fc9  _c_int00_noargs                
00003234  _ctypes_                       
200004f0  _device                        
20000400  _ftable                        
200005d4  _lock                          
00000b33  _nop                           
20000568  _stream                        
20000000  _sys_memory                    
UNDEFED   _system_post_cinit             
0000322d  _system_pre_init               
200005d8  _unlock                        
00003231  abort                          
00001b81  aligned_alloc                  
00002cc5  atoi                           
ffffffff  binit                          
00002a21  close                          
00003175  copysign                       
00003175  copysignl                      
200007b8  done                           
200005e8  errno                          
00002d11  exit                           
00002ffd  finddevice                     
00002389  fputc                          
0000195d  fputs                          
00001e69  free                           
00002895  frexp                          
00002895  frexpl                         
000028f9  fseek                          
00002e6d  getdevice                      
00000000  interruptVectors               
200007b9  key                            
00001461  keypad_initialize              
00001a71  ldexp                          
00001a71  ldexpl                         
000030b1  lseek                          
000020f1  main                           
0000321d  malloc                         
00001b81  memalign                       
00003159  memccpy                        
00003101  memchr                         
00002257  memcpy                         
00002529  memset                         
00001d7d  motorPinInitialize             
00001d9d  motorTurn                      
200005e4  motorTurned                    
200007b0  parmbuf                        
00002071  pin_init                       
200007ba  pressed                        
0000282d  printf                         
00002389  putc                           
0000305d  remove                         
00001a71  scalbn                         
00001a71  scalbnl                        
00001f4d  setvbuf                        
000031a7  strchr                         
0000318f  strcmp                         
000031bd  strcpy                         
000031d1  strlen                         
00002f29  strncpy                        
0000305d  unlink                         
0000213d  vMain_spinbackwards            
0000215b  vMain_spinfowards              
000031e5  wcslen                         
000030d9  write                          


GLOBAL SYMBOLS: SORTED BY Symbol Address 

address   name                           
-------   ----                           
00000000  __TI_static_base__             
00000000  interruptVectors               
000000e5  __TI_printfi                   
00000200  __STACK_SIZE                   
00000400  __SYSMEM_SIZE                  
00000b33  _nop                           
00000b35  SystemCoreClockUpdate          
00000dad  SystemInit                     
000012a9  __aeabi_dsub                   
000012b3  __aeabi_dadd                   
0000145f  __aeabi_idiv0                  
0000145f  __aeabi_ldiv0                  
00001461  keypad_initialize              
00001495  Read_Keypad                    
00001701  __aeabi_ddiv                   
0000195d  fputs                          
00001a71  ldexp                          
00001a71  ldexpl                         
00001a71  scalbn                         
00001a71  scalbnl                        
00001b81  aligned_alloc                  
00001b81  memalign                       
00001c81  __aeabi_dmul                   
00001d7d  motorPinInitialize             
00001d9d  motorTurn                      
00001e69  free                           
00001f4d  setvbuf                        
00002029  PORT1_IRQHandler               
00002029  PORT1_IRQHandler               
00002071  pin_init                       
000020f1  main                           
0000213d  vMain_spinbackwards            
0000215b  vMain_spinfowards              
00002257  __aeabi_memcpy                 
00002257  __aeabi_memcpy4                
00002257  __aeabi_memcpy8                
00002257  memcpy                         
000022f3  __aeabi_uldivmod               
00002389  fputc                          
00002389  putc                           
00002415  __aeabi_cdcmpeq                
00002415  __aeabi_cdcmple                
0000249b  __aeabi_cdrcmple               
00002521  __aeabi_memclr                 
00002521  __aeabi_memclr4                
00002521  __aeabi_memclr8                
00002523  __aeabi_memset                 
00002523  __aeabi_memset4                
00002523  __aeabi_memset8                
00002529  memset                         
0000259d  __TI_closefile                 
000026f1  HOSTrename                     
0000275d  HOSTlseek                      
000027c5  __TI_decompress_lzss           
0000282d  printf                         
00002895  frexp                          
00002895  frexpl                         
000028f9  fseek                          
0000295d  __TI_wrt_ok                    
000029c1  HOSTopen                       
00002a21  close                          
00002a7d  HOSTread                       
00002ad5  HOSTwrite                      
00002b83  __TI_ltoa                      
00002c29  SysTickTimer                   
00002c4f  SysTickInit                    
00002c79  __TI_doflush                   
00002cc5  atoi                           
00002d11  exit                           
00002d59  __aeabi_d2iz                   
00002da1  HOSTclose                      
00002de5  HOSTunlink                     
00002e29  __TI_auto_init_nobinit_nopinit 
00002e6d  getdevice                      
00002ef1  __TI_writemsg                  
00002f1f  C$$IO$$                        
00002f29  strncpy                        
00002f61  __TI_cleanup                   
00002f95  __TI_readmsg                   
00002fc9  _c_int00_noargs                
00002ffd  finddevice                     
0000302d  __aeabi_i2d                    
0000305d  remove                         
0000305d  unlink                         
000030b1  lseek                          
000030d9  write                          
00003101  memchr                         
00003121  __TI_zero_init_nomemset        
00003159  memccpy                        
00003175  copysign                       
00003175  copysignl                      
0000318f  strcmp                         
000031a7  strchr                         
000031bd  strcpy                         
000031d1  strlen                         
000031e5  wcslen                         
000031f7  __TI_decompress_none           
00003205  Reset_Handler                  
00003211  ADC14_IRQHandler               
00003211  AES256_IRQHandler              
00003211  BusFault_Handler               
00003211  COMP_E0_IRQHandler             
00003211  COMP_E1_IRQHandler             
00003211  CS_IRQHandler                  
00003211  DMA_ERR_IRQHandler             
00003211  DMA_INT0_IRQHandler            
00003211  DMA_INT1_IRQHandler            
00003211  DMA_INT2_IRQHandler            
00003211  DMA_INT3_IRQHandler            
00003211  DebugMon_Handler               
00003211  Default_Handler                
00003211  EUSCIA0_IRQHandler             
00003211  EUSCIA1_IRQHandler             
00003211  EUSCIA2_IRQHandler             
00003211  EUSCIA3_IRQHandler             
00003211  EUSCIB0_IRQHandler             
00003211  EUSCIB1_IRQHandler             
00003211  EUSCIB2_IRQHandler             
00003211  EUSCIB3_IRQHandler             
00003211  FLCTL_IRQHandler               
00003211  FPU_IRQHandler                 
00003211  HardFault_Handler              
00003211  MemManage_Handler              
00003211  NMI_Handler                    
00003211  PCM_IRQHandler                 
00003211  PORT2_IRQHandler               
00003211  PORT3_IRQHandler               
00003211  PORT4_IRQHandler               
00003211  PORT5_IRQHandler               
00003211  PORT6_IRQHandler               
00003211  PSS_IRQHandler                 
00003211  PendSV_Handler                 
00003211  RTC_C_IRQHandler               
00003211  SVC_Handler                    
00003211  SysTick_Handler                
00003211  T32_INT1_IRQHandler            
00003211  T32_INT2_IRQHandler            
00003211  T32_INTC_IRQHandler            
00003211  TA0_0_IRQHandler               
00003211  TA0_N_IRQHandler               
00003211  TA1_0_IRQHandler               
00003211  TA1_N_IRQHandler               
00003211  TA2_0_IRQHandler               
00003211  TA2_N_IRQHandler               
00003211  TA3_0_IRQHandler               
00003211  TA3_N_IRQHandler               
00003211  UsageFault_Handler             
00003211  WDT_A_IRQHandler               
00003215  __aeabi_errno_addr             
0000321d  malloc                         
0000322d  _system_pre_init               
00003231  C$$EXIT                        
00003231  abort                          
00003234  _ctypes_                       
000033ac  __TI_Handler_Table_Base        
000033b8  __TI_Handler_Table_Limit       
000033c0  __TI_CINIT_Base                
000033d0  __TI_CINIT_Limit               
20000000  __start___llvm_prf_cnts        
20000000  __stop___llvm_prf_cnts         
20000000  _sys_memory                    
20000400  _ftable                        
200004f0  _device                        
20000568  _stream                        
200005b8  __TI_ft_end                    
200005bc  __aeabi_stdin                  
200005c0  __aeabi_stdout                 
200005c4  __aeabi_stderr                 
200005c8  __TI_cleanup_ptr               
200005cc  __TI_dtors_ptr                 
200005d0  __TI_enable_exit_profile_output
200005d4  _lock                          
200005d8  _unlock                        
200005e4  motorTurned                    
200005e8  errno                          
200005ec  SystemCoreClock                
200005f0  __CIOBUF_                      
20000710  __TI_tmpnams                   
200007b0  parmbuf                        
200007b8  done                           
200007b9  key                            
200007ba  pressed                        
2000fe00  __stack                        
20010000  __STACK_END                    
4000480c  WDTCTL_SYM                     
ffffffff  __TI_pprof_out_hndl            
ffffffff  __TI_prof_data_size            
ffffffff  __TI_prof_data_start           
ffffffff  __binit__                      
ffffffff  __c_args__                     
ffffffff  binit                          
UNDEFED   __mpu_init                     
UNDEFED   _system_post_cinit             

[193 symbols]
