******************************************************************************
                  TI ARM Linker PC v20.2.7                     
******************************************************************************
>> Linked Thu Sep 15 21:32:11 2022

OUTPUT FILE NAME:   <EGR326_Lab1_Part02.out>
ENTRY POINT SYMBOL: "_c_int00_noargs"  address: 00000889


MEMORY CONFIGURATION

         name            origin    length      used     unused   attr    fill
----------------------  --------  ---------  --------  --------  ----  --------
  MAIN                  00000000   00040000  000008fc  0003f704  R  X
  INFO                  00200000   00004000  00000000  00004000  R  X
  SRAM_CODE             01000000   00010000  0000020c  0000fdf4  RW X
  SRAM_DATA             20000000   00010000  0000020c  0000fdf4  RW  


SEGMENT ALLOCATION MAP

run origin  load origin   length   init length attrs members
----------  ----------- ---------- ----------- ----- -------
00000000    00000000    000008fc   000008fc    r-x
  00000000    00000000    000000e4   000000e4    r-- .intvecs
  000000e4    000000e4    000007fc   000007fc    r-x .text
  000008e0    000008e0    0000001c   0000001c    r-- .cinit
20000000    20000000    0000000c   00000000    rw-
  20000000    20000000    0000000c   00000000    rw- .data
2000fe00    2000fe00    00000200   00000000    rw-
  2000fe00    2000fe00    00000200   00000000    rw- .stack


SECTION ALLOCATION MAP

 output                                  attributes/
section   page    origin      length       input sections
--------  ----  ----------  ----------   ----------------
.intvecs   0    00000000    000000e4     
                  00000000    000000e4     startup_msp432p401r_ccs.obj (.intvecs:retain)

.text      0    000000e4    000007fc     
                  000000e4    00000334     system_msp432p401r.obj (.text)
                  00000418    000001d0     main.obj (.text)
                  000005e8    00000108     debounce.obj (.text)
                  000006f0    0000009c     rtsv7M4_T_le_v4SPD16_eabi.lib : memcpy_t2.asm.obj (.text)
                  0000078c    00000068                                   : copy_decompress_lzss.c.obj (.text:decompress:lzss:__TI_decompress_lzss)
                  000007f4    00000050     SysTickTimer.obj (.text)
                  00000844    00000044     rtsv7M4_T_le_v4SPD16_eabi.lib : autoinit.c.obj (.text:__TI_auto_init_nobinit_nopinit:__TI_auto_init_nobinit_nopinit)
                  00000888    00000034                                   : boot_cortex_m.c.obj (.text:_c_int00_noargs:_c_int00_noargs)
                  000008bc    0000000e                                   : copy_decompress_none.c.obj (.text:decompress:none:__TI_decompress_none)
                  000008ca    0000000e     startup_msp432p401r_ccs.obj (.text)
                  000008d8    00000004     rtsv7M4_T_le_v4SPD16_eabi.lib : pre_init.c.obj (.text:_system_pre_init)
                  000008dc    00000004                                   : exit.c.obj (.text:abort:abort)

.cinit     0    000008e0    0000001c     
                  000008e0    0000000b     (.cinit..data.load) [load image, compression = lzss]
                  000008eb    00000001     --HOLE-- [fill = 0]
                  000008ec    00000008     (__TI_handler_table)
                  000008f4    00000008     (__TI_cinit_table)

.init_array 
*          0    00000000    00000000     UNINITIALIZED

.binit     0    00000000    00000000     

.data      0    20000000    0000000c     UNINITIALIZED
                  20000000    00000008     debounce.obj (.data)
                  20000008    00000004     system_msp432p401r.obj (.data)

.stack     0    2000fe00    00000200     UNINITIALIZED
                  2000fe00    00000004     rtsv7M4_T_le_v4SPD16_eabi.lib : boot_cortex_m.c.obj (.stack)
                  2000fe04    000001fc     --HOLE--

__llvm_prf_cnts 
*          0    20000000    00000000     UNINITIALIZED

MODULE SUMMARY

       Module                        code   ro data   rw data
       ------                        ----   -------   -------
    .\
       system_msp432p401r.obj        820    0         8      
       main.obj                      464    0         0      
       debounce.obj                  264    0         16     
       startup_msp432p401r_ccs.obj   14     228       0      
       SysTickTimer.obj              80     0         0      
    +--+-----------------------------+------+---------+---------+
       Total:                        1642   228       24     
                                                             
    C:\ti\ccs1040\ccs\tools\compiler\ti-cgt-arm_20.2.7.LTS\lib\rtsv7M4_T_le_v4SPD16_eabi.lib
       memcpy_t2.asm.obj             156    0         0      
       copy_decompress_lzss.c.obj    104    0         0      
       autoinit.c.obj                68     0         0      
       boot_cortex_m.c.obj           52     0         0      
       copy_decompress_none.c.obj    14     0         0      
       exit.c.obj                    4      0         0      
       pre_init.c.obj                4      0         0      
    +--+-----------------------------+------+---------+---------+
       Total:                        402    0         0      
                                                             
       Stack:                        0      0         1024   
       Linker Generated:             0      27        0      
    +--+-----------------------------+------+---------+---------+
       Grand Total:                  2044   255       1048   


LINKER GENERATED COPY TABLES

__TI_cinit_table @ 000008f4 records: 1, size/record: 8, table size: 8
	.data: load addr=000008e0, load size=0000000b bytes, run addr=20000000, run size=0000000c bytes, compression=lzss


LINKER GENERATED HANDLER TABLE

__TI_handler_table @ 000008ec records: 2, size/record: 4, table size: 8
	index: 0, handler: __TI_decompress_lzss
	index: 1, handler: __TI_decompress_none


GLOBAL SYMBOLS: SORTED ALPHABETICALLY BY Name 

address   name                          
-------   ----                          
000008d7  ADC14_IRQHandler              
000008d7  AES256_IRQHandler             
000008d7  BusFault_Handler              
000008dd  C$$EXIT                       
000008d7  COMP_E0_IRQHandler            
000008d7  COMP_E1_IRQHandler            
000008d7  CS_IRQHandler                 
000008d7  DMA_ERR_IRQHandler            
000008d7  DMA_INT0_IRQHandler           
000008d7  DMA_INT1_IRQHandler           
000008d7  DMA_INT2_IRQHandler           
000008d7  DMA_INT3_IRQHandler           
000008d7  DebugMon_Handler              
000008d7  Default_Handler               
000008d7  EUSCIA0_IRQHandler            
000008d7  EUSCIA1_IRQHandler            
000008d7  EUSCIA2_IRQHandler            
000008d7  EUSCIA3_IRQHandler            
000008d7  EUSCIB0_IRQHandler            
000008d7  EUSCIB1_IRQHandler            
000008d7  EUSCIB2_IRQHandler            
000008d7  EUSCIB3_IRQHandler            
000008d7  FLCTL_IRQHandler              
000008d7  FPU_IRQHandler                
000008d7  HardFault_Handler             
000008d7  MemManage_Handler             
000008d7  NMI_Handler                   
000008d7  PCM_IRQHandler                
000008d7  PORT1_IRQHandler              
000008d7  PORT2_IRQHandler              
000008d7  PORT3_IRQHandler              
000008d7  PORT4_IRQHandler              
000008d7  PORT5_IRQHandler              
000008d7  PORT6_IRQHandler              
000008d7  PSS_IRQHandler                
000008d7  PendSV_Handler                
000008d7  RTC_C_IRQHandler              
000008cb  Reset_Handler                 
000008d7  SVC_Handler                   
000007f5  SysTickInit                   
00000811  SysTickTimer                  
000008d7  SysTick_Handler               
20000008  SystemCoreClock               
000000e5  SystemCoreClockUpdate         
0000035d  SystemInit                    
000008d7  T32_INT1_IRQHandler           
000008d7  T32_INT2_IRQHandler           
000008d7  T32_INTC_IRQHandler           
000008d7  TA0_0_IRQHandler              
000008d7  TA0_N_IRQHandler              
000008d7  TA1_0_IRQHandler              
000008d7  TA1_N_IRQHandler              
000008d7  TA2_0_IRQHandler              
000008d7  TA2_N_IRQHandler              
000008d7  TA3_0_IRQHandler              
000008d7  TA3_N_IRQHandler              
000008d7  UsageFault_Handler            
4000480c  WDTCTL_SYM                    
000008d7  WDT_A_IRQHandler              
20010000  __STACK_END                   
00000200  __STACK_SIZE                  
000008f4  __TI_CINIT_Base               
000008fc  __TI_CINIT_Limit              
000008ec  __TI_Handler_Table_Base       
000008f4  __TI_Handler_Table_Limit      
00000845  __TI_auto_init_nobinit_nopinit
0000078d  __TI_decompress_lzss          
000008bd  __TI_decompress_none          
ffffffff  __TI_pprof_out_hndl           
ffffffff  __TI_prof_data_size           
ffffffff  __TI_prof_data_start          
00000000  __TI_static_base__            
000006f1  __aeabi_memcpy                
000006f1  __aeabi_memcpy4               
000006f1  __aeabi_memcpy8               
ffffffff  __binit__                     
ffffffff  __c_args__                    
UNDEFED   __mpu_init                    
2000fe00  __stack                       
20000000  __start___llvm_prf_cnts       
20000000  __stop___llvm_prf_cnts        
00000889  _c_int00_noargs               
UNDEFED   _system_post_cinit            
000008d9  _system_pre_init              
000008dd  abort                         
ffffffff  binit                         
00000651  debounce_sw1_press            
000005e9  debounce_sw1_press_os         
00000687  debounce_sw2_press            
0000061d  debounce_sw2_press_os         
00000000  interruptVectors              
00000419  main                          
000006f1  memcpy                        
000004ef  pin_initialize                
000006bd  release                       


GLOBAL SYMBOLS: SORTED BY Symbol Address 

address   name                          
-------   ----                          
00000000  __TI_static_base__            
00000000  interruptVectors              
000000e5  SystemCoreClockUpdate         
00000200  __STACK_SIZE                  
0000035d  SystemInit                    
00000419  main                          
000004ef  pin_initialize                
000005e9  debounce_sw1_press_os         
0000061d  debounce_sw2_press_os         
00000651  debounce_sw1_press            
00000687  debounce_sw2_press            
000006bd  release                       
000006f1  __aeabi_memcpy                
000006f1  __aeabi_memcpy4               
000006f1  __aeabi_memcpy8               
000006f1  memcpy                        
0000078d  __TI_decompress_lzss          
000007f5  SysTickInit                   
00000811  SysTickTimer                  
00000845  __TI_auto_init_nobinit_nopinit
00000889  _c_int00_noargs               
000008bd  __TI_decompress_none          
000008cb  Reset_Handler                 
000008d7  ADC14_IRQHandler              
000008d7  AES256_IRQHandler             
000008d7  BusFault_Handler              
000008d7  COMP_E0_IRQHandler            
000008d7  COMP_E1_IRQHandler            
000008d7  CS_IRQHandler                 
000008d7  DMA_ERR_IRQHandler            
000008d7  DMA_INT0_IRQHandler           
000008d7  DMA_INT1_IRQHandler           
000008d7  DMA_INT2_IRQHandler           
000008d7  DMA_INT3_IRQHandler           
000008d7  DebugMon_Handler              
000008d7  Default_Handler               
000008d7  EUSCIA0_IRQHandler            
000008d7  EUSCIA1_IRQHandler            
000008d7  EUSCIA2_IRQHandler            
000008d7  EUSCIA3_IRQHandler            
000008d7  EUSCIB0_IRQHandler            
000008d7  EUSCIB1_IRQHandler            
000008d7  EUSCIB2_IRQHandler            
000008d7  EUSCIB3_IRQHandler            
000008d7  FLCTL_IRQHandler              
000008d7  FPU_IRQHandler                
000008d7  HardFault_Handler             
000008d7  MemManage_Handler             
000008d7  NMI_Handler                   
000008d7  PCM_IRQHandler                
000008d7  PORT1_IRQHandler              
000008d7  PORT2_IRQHandler              
000008d7  PORT3_IRQHandler              
000008d7  PORT4_IRQHandler              
000008d7  PORT5_IRQHandler              
000008d7  PORT6_IRQHandler              
000008d7  PSS_IRQHandler                
000008d7  PendSV_Handler                
000008d7  RTC_C_IRQHandler              
000008d7  SVC_Handler                   
000008d7  SysTick_Handler               
000008d7  T32_INT1_IRQHandler           
000008d7  T32_INT2_IRQHandler           
000008d7  T32_INTC_IRQHandler           
000008d7  TA0_0_IRQHandler              
000008d7  TA0_N_IRQHandler              
000008d7  TA1_0_IRQHandler              
000008d7  TA1_N_IRQHandler              
000008d7  TA2_0_IRQHandler              
000008d7  TA2_N_IRQHandler              
000008d7  TA3_0_IRQHandler              
000008d7  TA3_N_IRQHandler              
000008d7  UsageFault_Handler            
000008d7  WDT_A_IRQHandler              
000008d9  _system_pre_init              
000008dd  C$$EXIT                       
000008dd  abort                         
000008ec  __TI_Handler_Table_Base       
000008f4  __TI_CINIT_Base               
000008f4  __TI_Handler_Table_Limit      
000008fc  __TI_CINIT_Limit              
20000000  __start___llvm_prf_cnts       
20000000  __stop___llvm_prf_cnts        
20000008  SystemCoreClock               
2000fe00  __stack                       
20010000  __STACK_END                   
4000480c  WDTCTL_SYM                    
ffffffff  __TI_pprof_out_hndl           
ffffffff  __TI_prof_data_size           
ffffffff  __TI_prof_data_start          
ffffffff  __binit__                     
ffffffff  __c_args__                    
ffffffff  binit                         
UNDEFED   __mpu_init                    
UNDEFED   _system_post_cinit            

[95 symbols]
