******************************************************************************
                  TI ARM Linker PC v20.2.7                     
******************************************************************************
>> Linked Thu Oct 27 14:36:59 2022

OUTPUT FILE NAME:   <slave.out>
ENTRY POINT SYMBOL: "_c_int00_noargs"  address: 000008cd


MEMORY CONFIGURATION

         name            origin    length      used     unused   attr    fill
----------------------  --------  ---------  --------  --------  ----  --------
  MAIN                  00000000   00040000  00000970  0003f690  R  X
  INFO                  00200000   00004000  00000000  00004000  R  X
  SRAM_CODE             01000000   00010000  00000213  0000fded  RW X
  SRAM_DATA             20000000   00010000  00000213  0000fded  RW  


SEGMENT ALLOCATION MAP

run origin  load origin   length   init length attrs members
----------  ----------- ---------- ----------- ----- -------
00000000    00000000    00000970   00000970    r-x
  00000000    00000000    000000e4   000000e4    r-- .intvecs
  000000e4    000000e4    0000085c   0000085c    r-x .text
  00000940    00000940    00000030   00000030    r-- .cinit
20000000    20000000    00000013   00000000    rw-
  20000000    20000000    00000010   00000000    rw- .data
  20000010    20000010    00000003   00000000    rw- .bss
2000fe00    2000fe00    00000200   00000000    rw-
  2000fe00    2000fe00    00000200   00000000    rw- .stack


SECTION ALLOCATION MAP

 output                                  attributes/
section   page    origin      length       input sections
--------  ----  ----------  ----------   ----------------
.intvecs   0    00000000    000000e4     
                  00000000    000000e4     startup_msp432p401r_ccs.obj (.intvecs:retain)

.text      0    000000e4    0000085c     
                  000000e4    0000036c     main.obj (.text)
                  00000450    00000334     system_msp432p401r.obj (.text)
                  00000784    0000009c     rtsv7M4_T_le_v4SPD16_eabi.lib : memcpy_t2.asm.obj (.text)
                  00000820    00000068                                   : copy_decompress_lzss.c.obj (.text:decompress:lzss:__TI_decompress_lzss)
                  00000888    00000044                                   : autoinit.c.obj (.text:__TI_auto_init_nobinit_nopinit:__TI_auto_init_nobinit_nopinit)
                  000008cc    00000034                                   : boot_cortex_m.c.obj (.text:_c_int00_noargs:_c_int00_noargs)
                  00000900    0000001c                                   : copy_zero_init.c.obj (.text:decompress:ZI:__TI_zero_init_nomemset:__TI_zero_init_nomemset)
                  0000091c    0000000e                                   : copy_decompress_none.c.obj (.text:decompress:none:__TI_decompress_none)
                  0000092a    0000000e     startup_msp432p401r_ccs.obj (.text)
                  00000938    00000004     rtsv7M4_T_le_v4SPD16_eabi.lib : pre_init.c.obj (.text:_system_pre_init)
                  0000093c    00000004                                   : exit.c.obj (.text:abort:abort)

.cinit     0    00000940    00000030     
                  00000940    0000000c     (__TI_handler_table)
                  0000094c    0000000b     (.cinit..data.load) [load image, compression = lzss]
                  00000957    00000001     --HOLE-- [fill = 0]
                  00000958    00000008     (.cinit..bss.load) [load image, compression = zero_init]
                  00000960    00000010     (__TI_cinit_table)

.init_array 
*          0    00000000    00000000     UNINITIALIZED

.binit     0    00000000    00000000     

.data      0    20000000    00000010     UNINITIALIZED
                  20000000    0000000c     main.obj (.data)
                  2000000c    00000004     system_msp432p401r.obj (.data)

.bss       0    20000010    00000003     UNINITIALIZED
                  20000010    00000001     (.common:RXData)
                  20000011    00000001     (.common:RXData2)
                  20000012    00000001     (.common:RXData3)

.stack     0    2000fe00    00000200     UNINITIALIZED
                  2000fe00    00000004     rtsv7M4_T_le_v4SPD16_eabi.lib : boot_cortex_m.c.obj (.stack)
                  2000fe04    000001fc     --HOLE--

__llvm_prf_cnts 
*          0    20000000    00000000     UNINITIALIZED

MODULE SUMMARY

       Module                        code   ro data   rw data
       ------                        ----   -------   -------
    .\
       main.obj                      876    0         30     
       system_msp432p401r.obj        820    0         8      
       startup_msp432p401r_ccs.obj   14     228       0      
    +--+-----------------------------+------+---------+---------+
       Total:                        1710   228       38     
                                                             
    C:\ti\ccs1200\ccs\tools\compiler\ti-cgt-arm_20.2.7.LTS\lib\rtsv7M4_T_le_v4SPD16_eabi.lib
       memcpy_t2.asm.obj             156    0         0      
       copy_decompress_lzss.c.obj    104    0         0      
       autoinit.c.obj                68     0         0      
       boot_cortex_m.c.obj           52     0         0      
       copy_zero_init.c.obj          28     0         0      
       copy_decompress_none.c.obj    14     0         0      
       exit.c.obj                    4      0         0      
       pre_init.c.obj                4      0         0      
    +--+-----------------------------+------+---------+---------+
       Total:                        430    0         0      
                                                             
       Stack:                        0      0         1024   
       Linker Generated:             0      47        0      
    +--+-----------------------------+------+---------+---------+
       Grand Total:                  2140   275       1062   


LINKER GENERATED COPY TABLES

__TI_cinit_table @ 00000960 records: 2, size/record: 8, table size: 16
	.data: load addr=0000094c, load size=0000000b bytes, run addr=20000000, run size=00000010 bytes, compression=lzss
	.bss: load addr=00000958, load size=00000008 bytes, run addr=20000010, run size=00000003 bytes, compression=zero_init


LINKER GENERATED HANDLER TABLE

__TI_handler_table @ 00000940 records: 3, size/record: 4, table size: 12
	index: 0, handler: __TI_decompress_lzss
	index: 1, handler: __TI_decompress_none
	index: 2, handler: __TI_zero_init


GLOBAL SYMBOLS: SORTED ALPHABETICALLY BY Name 

address   name                          
-------   ----                          
00000937  ADC14_IRQHandler              
00000937  AES256_IRQHandler             
00000937  BusFault_Handler              
0000093d  C$$EXIT                       
00000937  COMP_E0_IRQHandler            
00000937  COMP_E1_IRQHandler            
00000937  CS_IRQHandler                 
00000937  DMA_ERR_IRQHandler            
00000937  DMA_INT0_IRQHandler           
00000937  DMA_INT1_IRQHandler           
00000937  DMA_INT2_IRQHandler           
00000937  DMA_INT3_IRQHandler           
00000937  DebugMon_Handler              
00000937  Default_Handler               
00000937  EUSCIA0_IRQHandler            
00000937  EUSCIA1_IRQHandler            
00000937  EUSCIA2_IRQHandler            
00000937  EUSCIA3_IRQHandler            
00000181  EUSCIB0_IRQHandler            
00000181  EUSCIB0_IRQHandler            
00000937  EUSCIB1_IRQHandler            
00000937  EUSCIB2_IRQHandler            
00000937  EUSCIB3_IRQHandler            
00000937  FLCTL_IRQHandler              
00000937  FPU_IRQHandler                
00000937  HardFault_Handler             
00000937  MemManage_Handler             
00000937  NMI_Handler                   
00000937  PCM_IRQHandler                
00000937  PORT1_IRQHandler              
00000937  PORT2_IRQHandler              
00000937  PORT3_IRQHandler              
00000937  PORT4_IRQHandler              
00000937  PORT5_IRQHandler              
00000937  PORT6_IRQHandler              
00000937  PSS_IRQHandler                
00000937  PendSV_Handler                
00000937  RTC_C_IRQHandler              
20000010  RXData                        
20000011  RXData2                       
20000012  RXData3                       
0000092b  Reset_Handler                 
00000937  SVC_Handler                   
000003cb  SysTick_Delay_ms              
00000937  SysTick_Handler               
000003af  SysTick_Initialize            
2000000c  SystemCoreClock               
00000451  SystemCoreClockUpdate         
000006c9  SystemInit                    
00000937  T32_INT1_IRQHandler           
00000937  T32_INT2_IRQHandler           
00000937  T32_INTC_IRQHandler           
00000937  TA0_0_IRQHandler              
00000937  TA0_N_IRQHandler              
00000937  TA1_0_IRQHandler              
00000937  TA1_N_IRQHandler              
00000937  TA2_0_IRQHandler              
00000937  TA2_N_IRQHandler              
00000937  TA3_0_IRQHandler              
00000937  TA3_N_IRQHandler              
00000937  UsageFault_Handler            
4000480c  WDTCTL_SYM                    
00000937  WDT_A_IRQHandler              
20010000  __STACK_END                   
00000200  __STACK_SIZE                  
00000960  __TI_CINIT_Base               
00000970  __TI_CINIT_Limit              
00000940  __TI_Handler_Table_Base       
0000094c  __TI_Handler_Table_Limit      
00000889  __TI_auto_init_nobinit_nopinit
00000821  __TI_decompress_lzss          
0000091d  __TI_decompress_none          
ffffffff  __TI_pprof_out_hndl           
ffffffff  __TI_prof_data_size           
ffffffff  __TI_prof_data_start          
00000000  __TI_static_base__            
00000901  __TI_zero_init_nomemset       
00000785  __aeabi_memcpy                
00000785  __aeabi_memcpy4               
00000785  __aeabi_memcpy8               
ffffffff  __binit__                     
ffffffff  __c_args__                    
UNDEFED   __mpu_init                    
2000fe00  __stack                       
20000000  __start___llvm_prf_cnts       
20000000  __stop___llvm_prf_cnts        
000008cd  _c_int00_noargs               
UNDEFED   _system_post_cinit            
00000939  _system_pre_init              
0000093d  abort                         
ffffffff  binit                         
20000000  degree                        
00000000  interruptVectors              
20000008  j                             
000000e5  main                          
00000785  memcpy                        
20000004  total                         


GLOBAL SYMBOLS: SORTED BY Symbol Address 

address   name                          
-------   ----                          
00000000  __TI_static_base__            
00000000  interruptVectors              
000000e5  main                          
00000181  EUSCIB0_IRQHandler            
00000181  EUSCIB0_IRQHandler            
00000200  __STACK_SIZE                  
000003af  SysTick_Initialize            
000003cb  SysTick_Delay_ms              
00000451  SystemCoreClockUpdate         
000006c9  SystemInit                    
00000785  __aeabi_memcpy                
00000785  __aeabi_memcpy4               
00000785  __aeabi_memcpy8               
00000785  memcpy                        
00000821  __TI_decompress_lzss          
00000889  __TI_auto_init_nobinit_nopinit
000008cd  _c_int00_noargs               
00000901  __TI_zero_init_nomemset       
0000091d  __TI_decompress_none          
0000092b  Reset_Handler                 
00000937  ADC14_IRQHandler              
00000937  AES256_IRQHandler             
00000937  BusFault_Handler              
00000937  COMP_E0_IRQHandler            
00000937  COMP_E1_IRQHandler            
00000937  CS_IRQHandler                 
00000937  DMA_ERR_IRQHandler            
00000937  DMA_INT0_IRQHandler           
00000937  DMA_INT1_IRQHandler           
00000937  DMA_INT2_IRQHandler           
00000937  DMA_INT3_IRQHandler           
00000937  DebugMon_Handler              
00000937  Default_Handler               
00000937  EUSCIA0_IRQHandler            
00000937  EUSCIA1_IRQHandler            
00000937  EUSCIA2_IRQHandler            
00000937  EUSCIA3_IRQHandler            
00000937  EUSCIB1_IRQHandler            
00000937  EUSCIB2_IRQHandler            
00000937  EUSCIB3_IRQHandler            
00000937  FLCTL_IRQHandler              
00000937  FPU_IRQHandler                
00000937  HardFault_Handler             
00000937  MemManage_Handler             
00000937  NMI_Handler                   
00000937  PCM_IRQHandler                
00000937  PORT1_IRQHandler              
00000937  PORT2_IRQHandler              
00000937  PORT3_IRQHandler              
00000937  PORT4_IRQHandler              
00000937  PORT5_IRQHandler              
00000937  PORT6_IRQHandler              
00000937  PSS_IRQHandler                
00000937  PendSV_Handler                
00000937  RTC_C_IRQHandler              
00000937  SVC_Handler                   
00000937  SysTick_Handler               
00000937  T32_INT1_IRQHandler           
00000937  T32_INT2_IRQHandler           
00000937  T32_INTC_IRQHandler           
00000937  TA0_0_IRQHandler              
00000937  TA0_N_IRQHandler              
00000937  TA1_0_IRQHandler              
00000937  TA1_N_IRQHandler              
00000937  TA2_0_IRQHandler              
00000937  TA2_N_IRQHandler              
00000937  TA3_0_IRQHandler              
00000937  TA3_N_IRQHandler              
00000937  UsageFault_Handler            
00000937  WDT_A_IRQHandler              
00000939  _system_pre_init              
0000093d  C$$EXIT                       
0000093d  abort                         
00000940  __TI_Handler_Table_Base       
0000094c  __TI_Handler_Table_Limit      
00000960  __TI_CINIT_Base               
00000970  __TI_CINIT_Limit              
20000000  __start___llvm_prf_cnts       
20000000  __stop___llvm_prf_cnts        
20000000  degree                        
20000004  total                         
20000008  j                             
2000000c  SystemCoreClock               
20000010  RXData                        
20000011  RXData2                       
20000012  RXData3                       
2000fe00  __stack                       
20010000  __STACK_END                   
4000480c  WDTCTL_SYM                    
ffffffff  __TI_pprof_out_hndl           
ffffffff  __TI_prof_data_size           
ffffffff  __TI_prof_data_start          
ffffffff  __binit__                     
ffffffff  __c_args__                    
ffffffff  binit                         
UNDEFED   __mpu_init                    
UNDEFED   _system_post_cinit            

[97 symbols]
