******************************************************************************
                  TI ARM Linker PC v20.2.7                     
******************************************************************************
>> Linked Fri Sep 16 14:46:43 2022

OUTPUT FILE NAME:   <EGR326_Lab2_Part1.out>
ENTRY POINT SYMBOL: "_c_int00_noargs"  address: 00000925


MEMORY CONFIGURATION

         name            origin    length      used     unused   attr    fill
----------------------  --------  ---------  --------  --------  ----  --------
  MAIN                  00000000   00040000  000009d0  0003f630  R  X
  INFO                  00200000   00004000  00000000  00004000  R  X
  SRAM_CODE             01000000   00010000  00000224  0000fddc  RW X
  SRAM_DATA             20000000   00010000  00000224  0000fddc  RW  


SEGMENT ALLOCATION MAP

run origin  load origin   length   init length attrs members
----------  ----------- ---------- ----------- ----- -------
00000000    00000000    000009d0   000009d0    r-x
  00000000    00000000    000000e4   000000e4    r-- .intvecs
  000000e4    000000e4    000008b4   000008b4    r-x .text
  00000998    00000998    00000038   00000038    r-- .cinit
20000000    20000000    00000024   00000000    rw-
  20000000    20000000    0000001c   00000000    rw- .data
  2000001c    2000001c    00000008   00000000    rw- .bss
2000fe00    2000fe00    00000200   00000000    rw-
  2000fe00    2000fe00    00000200   00000000    rw- .stack


SECTION ALLOCATION MAP

 output                                  attributes/
section   page    origin      length       input sections
--------  ----  ----------  ----------   ----------------
.intvecs   0    00000000    000000e4     
                  00000000    000000e4     startup_msp432p401r_ccs.obj (.intvecs:retain)

.text      0    000000e4    000008b4     
                  000000e4    00000334     system_msp432p401r.obj (.text)
                  00000418    000001c4     EGR326_Lab2_Part1.obj (.text)
                  000005dc    00000134     debounce.obj (.text)
                  00000710    0000009c     rtsv7M4_T_le_v4SPD16_eabi.lib : memcpy_t2.asm.obj (.text)
                  000007ac    00000084     SysTickTimer.obj (.text)
                  00000830    00000068     rtsv7M4_T_le_v4SPD16_eabi.lib : copy_decompress_lzss.c.obj (.text:decompress:lzss:__TI_decompress_lzss)
                  00000898    00000048     GPIO_Interrupt.obj (.text)
                  000008e0    00000044     rtsv7M4_T_le_v4SPD16_eabi.lib : autoinit.c.obj (.text:__TI_auto_init_nobinit_nopinit:__TI_auto_init_nobinit_nopinit)
                  00000924    00000034                                   : boot_cortex_m.c.obj (.text:_c_int00_noargs:_c_int00_noargs)
                  00000958    0000001c                                   : copy_zero_init.c.obj (.text:decompress:ZI:__TI_zero_init_nomemset:__TI_zero_init_nomemset)
                  00000974    0000000e                                   : copy_decompress_none.c.obj (.text:decompress:none:__TI_decompress_none)
                  00000982    0000000e     startup_msp432p401r_ccs.obj (.text)
                  00000990    00000004     rtsv7M4_T_le_v4SPD16_eabi.lib : pre_init.c.obj (.text:_system_pre_init)
                  00000994    00000004                                   : exit.c.obj (.text:abort:abort)

.cinit     0    00000998    00000038     
                  00000998    00000012     (.cinit..data.load) [load image, compression = lzss]
                  000009aa    00000002     --HOLE-- [fill = 0]
                  000009ac    0000000c     (__TI_handler_table)
                  000009b8    00000008     (.cinit..bss.load) [load image, compression = zero_init]
                  000009c0    00000010     (__TI_cinit_table)

.init_array 
*          0    00000000    00000000     UNINITIALIZED

.binit     0    00000000    00000000     

.data      0    20000000    0000001c     UNINITIALIZED
                  20000000    00000008     EGR326_Lab2_Part1.obj (.data)
                  20000008    00000008     SysTickTimer.obj (.data)
                  20000010    00000008     debounce.obj (.data)
                  20000018    00000004     system_msp432p401r.obj (.data)

.bss       0    2000001c    00000008     UNINITIALIZED
                  2000001c    00000004     (.common:freqDouble)
                  20000020    00000004     (.common:freqHalf)

.stack     0    2000fe00    00000200     UNINITIALIZED
                  2000fe00    00000004     rtsv7M4_T_le_v4SPD16_eabi.lib : boot_cortex_m.c.obj (.stack)
                  2000fe04    000001fc     --HOLE--

__llvm_prf_cnts 
*          0    20000000    00000000     UNINITIALIZED

MODULE SUMMARY

       Module                        code   ro data   rw data
       ------                        ----   -------   -------
    .\
       system_msp432p401r.obj        820    0         8      
       EGR326_Lab2_Part1.obj         452    0         32     
       debounce.obj                  308    0         16     
       startup_msp432p401r_ccs.obj   14     228       0      
       SysTickTimer.obj              132    0         16     
       GPIO_Interrupt.obj            72     0         0      
    +--+-----------------------------+------+---------+---------+
       Total:                        1798   228       72     
                                                             
    C:\ti\ccs1040\ccs\tools\compiler\ti-cgt-arm_20.2.7.LTS\lib\rtsv7M4_T_le_v4SPD16_eabi.lib
       memcpy_t2.asm.obj             156    0         0      
       copy_decompress_lzss.c.obj    104    0         0      
       autoinit.c.obj                68     0         0      
       boot_cortex_m.c.obj           52     0         0      
       copy_zero_init.c.obj          28     0         0      
       copy_decompress_none.c.obj    14     0         0      
       exit.c.obj                    4      0         0      
       pre_init.c.obj                4      0         0      
    +--+-----------------------------+------+---------+---------+
       Total:                        430    0         0      
                                                             
       Stack:                        0      0         1024   
       Linker Generated:             0      54        0      
    +--+-----------------------------+------+---------+---------+
       Grand Total:                  2228   282       1096   


LINKER GENERATED COPY TABLES

__TI_cinit_table @ 000009c0 records: 2, size/record: 8, table size: 16
	.data: load addr=00000998, load size=00000012 bytes, run addr=20000000, run size=0000001c bytes, compression=lzss
	.bss: load addr=000009b8, load size=00000008 bytes, run addr=2000001c, run size=00000008 bytes, compression=zero_init


LINKER GENERATED HANDLER TABLE

__TI_handler_table @ 000009ac records: 3, size/record: 4, table size: 12
	index: 0, handler: __TI_decompress_lzss
	index: 1, handler: __TI_decompress_none
	index: 2, handler: __TI_zero_init


GLOBAL SYMBOLS: SORTED ALPHABETICALLY BY Name 

address   name                          
-------   ----                          
0000098f  ADC14_IRQHandler              
0000098f  AES256_IRQHandler             
0000098f  BusFault_Handler              
00000995  C$$EXIT                       
0000098f  COMP_E0_IRQHandler            
0000098f  COMP_E1_IRQHandler            
0000098f  CS_IRQHandler                 
0000098f  DMA_ERR_IRQHandler            
0000098f  DMA_INT0_IRQHandler           
0000098f  DMA_INT1_IRQHandler           
0000098f  DMA_INT2_IRQHandler           
0000098f  DMA_INT3_IRQHandler           
0000098f  DebugMon_Handler              
0000098f  Default_Handler               
0000098f  EUSCIA0_IRQHandler            
0000098f  EUSCIA1_IRQHandler            
0000098f  EUSCIA2_IRQHandler            
0000098f  EUSCIA3_IRQHandler            
0000098f  EUSCIB0_IRQHandler            
0000098f  EUSCIB1_IRQHandler            
0000098f  EUSCIB2_IRQHandler            
0000098f  EUSCIB3_IRQHandler            
0000098f  FLCTL_IRQHandler              
0000098f  FPU_IRQHandler                
0000098f  HardFault_Handler             
0000098f  MemManage_Handler             
0000098f  NMI_Handler                   
0000098f  PCM_IRQHandler                
0000098f  PORT1_IRQHandler              
0000098f  PORT2_IRQHandler              
0000098f  PORT3_IRQHandler              
00000899  PORT4_IRQHandler              
00000899  PORT4_IRQHandler              
0000098f  PORT5_IRQHandler              
0000098f  PORT6_IRQHandler              
0000098f  PSS_IRQHandler                
0000098f  PendSV_Handler                
0000098f  RTC_C_IRQHandler              
00000983  Reset_Handler                 
0000098f  SVC_Handler                   
000007ad  SysTickTimer                  
00000809  SysTick_Handler               
00000809  SysTick_Handler               
000007d3  SysTick_init                  
000007ef  SysTick_init_interrupt        
20000018  SystemCoreClock               
000000e5  SystemCoreClockUpdate         
0000035d  SystemInit                    
0000098f  T32_INT1_IRQHandler           
0000098f  T32_INT2_IRQHandler           
0000098f  T32_INTC_IRQHandler           
0000098f  TA0_0_IRQHandler              
0000098f  TA0_N_IRQHandler              
0000098f  TA1_0_IRQHandler              
0000098f  TA1_N_IRQHandler              
0000098f  TA2_0_IRQHandler              
0000098f  TA2_N_IRQHandler              
0000098f  TA3_0_IRQHandler              
0000098f  TA3_N_IRQHandler              
0000098f  UsageFault_Handler            
4000480c  WDTCTL_SYM                    
0000098f  WDT_A_IRQHandler              
20010000  __STACK_END                   
00000200  __STACK_SIZE                  
000009c0  __TI_CINIT_Base               
000009d0  __TI_CINIT_Limit              
000009ac  __TI_Handler_Table_Base       
000009b8  __TI_Handler_Table_Limit      
000008e1  __TI_auto_init_nobinit_nopinit
00000831  __TI_decompress_lzss          
00000975  __TI_decompress_none          
ffffffff  __TI_pprof_out_hndl           
ffffffff  __TI_prof_data_size           
ffffffff  __TI_prof_data_start          
00000000  __TI_static_base__            
00000959  __TI_zero_init_nomemset       
00000711  __aeabi_memcpy                
00000711  __aeabi_memcpy4               
00000711  __aeabi_memcpy8               
ffffffff  __binit__                     
ffffffff  __c_args__                    
UNDEFED   __mpu_init                    
2000fe00  __stack                       
20000000  __start___llvm_prf_cnts       
20000000  __stop___llvm_prf_cnts        
00000925  _c_int00_noargs               
UNDEFED   _system_post_cinit            
00000991  _system_pre_init              
00000995  abort                         
ffffffff  binit                         
00000645  debounce_sw1_press            
000005dd  debounce_sw1_press_os         
00000691  debounce_sw2_press            
00000611  debounce_sw2_press_os         
20000004  delay                         
20000000  freq                          
2000001c  freqDouble                    
20000020  freqHalf                      
00000000  interruptVectors              
00000419  main                          
00000711  memcpy                        
000004ab  pin_initialize                
000006dd  release                       


GLOBAL SYMBOLS: SORTED BY Symbol Address 

address   name                          
-------   ----                          
00000000  __TI_static_base__            
00000000  interruptVectors              
000000e5  SystemCoreClockUpdate         
00000200  __STACK_SIZE                  
0000035d  SystemInit                    
00000419  main                          
000004ab  pin_initialize                
000005dd  debounce_sw1_press_os         
00000611  debounce_sw2_press_os         
00000645  debounce_sw1_press            
00000691  debounce_sw2_press            
000006dd  release                       
00000711  __aeabi_memcpy                
00000711  __aeabi_memcpy4               
00000711  __aeabi_memcpy8               
00000711  memcpy                        
000007ad  SysTickTimer                  
000007d3  SysTick_init                  
000007ef  SysTick_init_interrupt        
00000809  SysTick_Handler               
00000809  SysTick_Handler               
00000831  __TI_decompress_lzss          
00000899  PORT4_IRQHandler              
00000899  PORT4_IRQHandler              
000008e1  __TI_auto_init_nobinit_nopinit
00000925  _c_int00_noargs               
00000959  __TI_zero_init_nomemset       
00000975  __TI_decompress_none          
00000983  Reset_Handler                 
0000098f  ADC14_IRQHandler              
0000098f  AES256_IRQHandler             
0000098f  BusFault_Handler              
0000098f  COMP_E0_IRQHandler            
0000098f  COMP_E1_IRQHandler            
0000098f  CS_IRQHandler                 
0000098f  DMA_ERR_IRQHandler            
0000098f  DMA_INT0_IRQHandler           
0000098f  DMA_INT1_IRQHandler           
0000098f  DMA_INT2_IRQHandler           
0000098f  DMA_INT3_IRQHandler           
0000098f  DebugMon_Handler              
0000098f  Default_Handler               
0000098f  EUSCIA0_IRQHandler            
0000098f  EUSCIA1_IRQHandler            
0000098f  EUSCIA2_IRQHandler            
0000098f  EUSCIA3_IRQHandler            
0000098f  EUSCIB0_IRQHandler            
0000098f  EUSCIB1_IRQHandler            
0000098f  EUSCIB2_IRQHandler            
0000098f  EUSCIB3_IRQHandler            
0000098f  FLCTL_IRQHandler              
0000098f  FPU_IRQHandler                
0000098f  HardFault_Handler             
0000098f  MemManage_Handler             
0000098f  NMI_Handler                   
0000098f  PCM_IRQHandler                
0000098f  PORT1_IRQHandler              
0000098f  PORT2_IRQHandler              
0000098f  PORT3_IRQHandler              
0000098f  PORT5_IRQHandler              
0000098f  PORT6_IRQHandler              
0000098f  PSS_IRQHandler                
0000098f  PendSV_Handler                
0000098f  RTC_C_IRQHandler              
0000098f  SVC_Handler                   
0000098f  T32_INT1_IRQHandler           
0000098f  T32_INT2_IRQHandler           
0000098f  T32_INTC_IRQHandler           
0000098f  TA0_0_IRQHandler              
0000098f  TA0_N_IRQHandler              
0000098f  TA1_0_IRQHandler              
0000098f  TA1_N_IRQHandler              
0000098f  TA2_0_IRQHandler              
0000098f  TA2_N_IRQHandler              
0000098f  TA3_0_IRQHandler              
0000098f  TA3_N_IRQHandler              
0000098f  UsageFault_Handler            
0000098f  WDT_A_IRQHandler              
00000991  _system_pre_init              
00000995  C$$EXIT                       
00000995  abort                         
000009ac  __TI_Handler_Table_Base       
000009b8  __TI_Handler_Table_Limit      
000009c0  __TI_CINIT_Base               
000009d0  __TI_CINIT_Limit              
20000000  __start___llvm_prf_cnts       
20000000  __stop___llvm_prf_cnts        
20000000  freq                          
20000004  delay                         
20000018  SystemCoreClock               
2000001c  freqDouble                    
20000020  freqHalf                      
2000fe00  __stack                       
20010000  __STACK_END                   
4000480c  WDTCTL_SYM                    
ffffffff  __TI_pprof_out_hndl           
ffffffff  __TI_prof_data_size           
ffffffff  __TI_prof_data_start          
ffffffff  __binit__                     
ffffffff  __c_args__                    
ffffffff  binit                         
UNDEFED   __mpu_init                    
UNDEFED   _system_post_cinit            

[103 symbols]
