******************************************************************************
                  TI ARM Linker PC v20.2.7                     
******************************************************************************
>> Linked Fri Oct  7 13:26:48 2022

OUTPUT FILE NAME:   <EGR326_Lab5_Part01.out>
ENTRY POINT SYMBOL: "_c_int00_noargs"  address: 000030d9


MEMORY CONFIGURATION

         name            origin    length      used     unused   attr    fill
----------------------  --------  ---------  --------  --------  ----  --------
  MAIN                  00000000   00040000  000034e4  0003cb1c  R  X
  INFO                  00200000   00004000  00000000  00004000  R  X
  SRAM_CODE             01000000   00010000  000009b5  0000f64b  RW X
  SRAM_DATA             20000000   00010000  000009b5  0000f64b  RW  


SEGMENT ALLOCATION MAP

run origin  load origin   length   init length attrs members
----------  ----------- ---------- ----------- ----- -------
00000000    00000000    000034e8   000034e8    r-x
  00000000    00000000    000000e4   000000e4    r-- .intvecs
  000000e4    000000e4    00003260   00003260    r-x .text
  00003344    00003344    00000108   00000108    r-- .const
  00003450    00003450    00000098   00000098    r-- .cinit
20000000    20000000    000007b5   00000000    rw-
  20000000    20000000    00000400   00000000    rw- .sysmem
  20000400    20000400    000001ec   00000000    rw- .data
  200005ec    200005ec    000001c9   00000000    rw- .bss
2000fe00    2000fe00    00000200   00000000    rw-
  2000fe00    2000fe00    00000200   00000000    rw- .stack


SECTION ALLOCATION MAP

 output                                  attributes/
section   page    origin      length       input sections
--------  ----  ----------  ----------   ----------------
.intvecs   0    00000000    000000e4     
                  00000000    000000e4     startup_msp432p401r_ccs.obj (.intvecs:retain)

.text      0    000000e4    00003260     
                  000000e4    00000a4e     rtsv7M4_T_le_v4SPD16_eabi.lib : _printfi.c.obj (.text:__TI_printfi)
                  00000b32    00000002                                   : _lock.c.obj (.text:_nop)
                  00000b34    00000334     system_msp432p401r.obj (.text)
                  00000e68    000002ec     I2C.obj (.text)
                  00001154    00000270     rtsv7M4_T_le_v4SPD16_eabi.lib : _printfi.c.obj (.text:_pconv_a)
                  000013c4    000001d0                                   : _printfi.c.obj (.text:_pconv_g)
                  00001594    000001b6                                   : fd_add_t2.asm.obj (.text)
                  0000174a    00000002                                   : div0.asm.obj (.text)
                  0000174c    00000164     Read_Keypad.obj (.text)
                  000018b0    0000013c     rtsv7M4_T_le_v4SPD16_eabi.lib : _printfi.c.obj (.text:_pconv_e)
                  000019ec    00000136                                   : fd_div_t2.asm.obj (.text)
                  00001b22    00000002     --HOLE-- [fill = 0]
                  00001b24    00000124                                   : _printfi.c.obj (.text:fcvt)
                  00001c48    00000114                                   : fputs.c.obj (.text:fputs)
                  00001d5c    00000110                                   : s_scalbn.c.obj (.text:scalbn)
                  00001e6c    00000100                                   : memory.c.obj (.text:aligned_alloc)
                  00001f6c    000000fc                                   : fd_mul_t2.asm.obj (.text)
                  00002068    000000e4                                   : memory.c.obj (.text:free)
                  0000214c    000000dc                                   : setvbuf.c.obj (.text:setvbuf)
                  00002228    000000b1                                   : _printfi.c.obj (.text:_ltostr)
                  000022d9    00000001     --HOLE-- [fill = 0]
                  000022da    0000009c                                   : memcpy_t2.asm.obj (.text)
                  00002376    00000096                                   : ull_div_t2.asm.obj (.text)
                  0000240c    0000008c                                   : fputc.c.obj (.text:fputc)
                  00002498    0000008c     main.obj (.text)
                  00002524    00000086     rtsv7M4_T_le_v4SPD16_eabi.lib : fd_cmp_t2.asm.obj (.text:__aeabi_cdcmple)
                  000025aa    00000086                                   : fd_cmp_t2.asm.obj (.text:__aeabi_cdrcmple)
                  00002630    0000007a                                   : memset_t2.asm.obj (.text)
                  000026aa    00000002     --HOLE-- [fill = 0]
                  000026ac    00000074                                   : fclose.c.obj (.text:__TI_closefile)
                  00002720    00000070                                   : memory.c.obj (.text:split)
                  00002790    0000006e                                   : _printfi.c.obj (.text:_mcpy)
                  000027fe    00000002     --HOLE-- [fill = 0]
                  00002800    0000006c                                   : hostrename.c.obj (.text:HOSTrename)
                  0000286c    00000068                                   : hostlseek.c.obj (.text:HOSTlseek)
                  000028d4    00000068                                   : copy_decompress_lzss.c.obj (.text:decompress:lzss:__TI_decompress_lzss)
                  0000293c    00000068                                   : printf.c.obj (.text:printf)
                  000029a4    00000064                                   : s_frexp.c.obj (.text:frexp)
                  00002a08    00000064                                   : fseek.c.obj (.text:fseek)
                  00002a6c    00000062                                   : _io_perm.c.obj (.text:__TI_wrt_ok)
                  00002ace    00000002     --HOLE-- [fill = 0]
                  00002ad0    00000060                                   : hostopen.c.obj (.text:HOSTopen)
                  00002b30    0000005c                                   : close.c.obj (.text:close)
                  00002b8c    00000058                                   : hostread.c.obj (.text:HOSTread)
                  00002be4    00000058                                   : hostwrite.c.obj (.text:HOSTwrite)
                  00002c3c    00000056                                   : _printfi.c.obj (.text:_pconv_f)
                  00002c92    00000054                                   : _ltoa.c.obj (.text:__TI_ltoa)
                  00002ce6    00000052                                   : _printfi.c.obj (.text:_ecpy)
                  00002d38    00000050     SysTickTimer.obj (.text)
                  00002d88    0000004c     rtsv7M4_T_le_v4SPD16_eabi.lib : fflush.c.obj (.text:__TI_doflush)
                  00002dd4    0000004c                                   : atoi.c.obj (.text:atoi)
                  00002e20    00000048                                   : exit.c.obj (.text:exit)
                  00002e68    00000048                                   : fd_toi_t2.asm.obj (.text)
                  00002eb0    00000044                                   : hostclose.c.obj (.text:HOSTclose)
                  00002ef4    00000044                                   : hostunlink.c.obj (.text:HOSTunlink)
                  00002f38    00000044                                   : autoinit.c.obj (.text:__TI_auto_init_nobinit_nopinit:__TI_auto_init_nobinit_nopinit)
                  00002f7c    00000044                                   : getdevice.c.obj (.text:getdevice)
                  00002fc0    0000003e                                   : _printfi.c.obj (.text:_fcpy)
                  00002ffe    00000002     --HOLE-- [fill = 0]
                  00003000    00000038                                   : trgmsg.c.obj (.text:__TI_writemsg)
                  00003038    00000036                                   : strncpy.c.obj (.text:strncpy)
                  0000306e    00000002     --HOLE-- [fill = 0]
                  00003070    00000034                                   : fopen.c.obj (.text:__TI_cleanup)
                  000030a4    00000034                                   : trgmsg.c.obj (.text:__TI_readmsg)
                  000030d8    00000034                                   : boot_cortex_m.c.obj (.text:_c_int00_noargs:_c_int00_noargs)
                  0000310c    00000030                                   : getdevice.c.obj (.text:finddevice)
                  0000313c    0000002e                                   : i_tofd_t2.asm.obj (.text)
                  0000316a    00000002     --HOLE-- [fill = 0]
                  0000316c    0000002c                                   : unlink.c.obj (.text:unlink)
                  00003198    00000028                                   : memory.c.obj (.text:free_list_insert)
                  000031c0    00000028                                   : lseek.c.obj (.text:lseek)
                  000031e8    00000028                                   : write.c.obj (.text:write)
                  00003210    00000020                                   : memchr.c.obj (.text:memchr)
                  00003230    0000001c                                   : copy_zero_init.c.obj (.text:decompress:ZI:__TI_zero_init_nomemset:__TI_zero_init_nomemset)
                  0000324c    0000001c                                   : memory.c.obj (.text:free_list_remove)
                  00003268    0000001c                                   : memccpy.c.obj (.text:memccpy)
                  00003284    0000001a                                   : s_copysign.c.obj (.text:copysign)
                  0000329e    00000018                                   : strcmp.c.obj (.text:strcmp)
                  000032b6    00000016                                   : strchr.c.obj (.text:strchr)
                  000032cc    00000014                                   : strcpy.c.obj (.text:strcpy)
                  000032e0    00000014                                   : strlen.c.obj (.text:strlen)
                  000032f4    00000012                                   : wcslen.c.obj (.text:wcslen)
                  00003306    0000000e                                   : copy_decompress_none.c.obj (.text:decompress:none:__TI_decompress_none)
                  00003314    0000000e     startup_msp432p401r_ccs.obj (.text)
                  00003322    00000002     --HOLE-- [fill = 0]
                  00003324    00000008     rtsv7M4_T_le_v4SPD16_eabi.lib : errno.c.obj (.text:__aeabi_errno_addr)
                  0000332c    00000008                                   : memory.c.obj (.text:malloc)
                  00003334    00000004                                   : printf.c.obj (.text:_outc)
                  00003338    00000004                                   : printf.c.obj (.text:_outs)
                  0000333c    00000004                                   : pre_init.c.obj (.text:_system_pre_init)
                  00003340    00000004                                   : exit.c.obj (.text:abort:abort)

.const     0    00003344    00000108     
                  00003344    00000101     rtsv7M4_T_le_v4SPD16_eabi.lib : ctype.c.obj (.const:.string:_ctypes_)
                  00003445    00000007     main.obj (.const:.string:$P$T0$1)

.cinit     0    00003450    00000098     
                  00003450    0000006d     (.cinit..data.load) [load image, compression = lzss]
                  000034bd    00000003     --HOLE-- [fill = 0]
                  000034c0    0000000c     (__TI_handler_table)
                  000034cc    00000004     --HOLE-- [fill = 0]
                  000034d0    00000008     (.cinit..bss.load) [load image, compression = zero_init]
                  000034d8    00000010     (__TI_cinit_table)

.init_array 
*          0    00000000    00000000     UNINITIALIZED

.binit     0    00000000    00000000     

.sysmem    0    20000000    00000400     UNINITIALIZED
                  20000000    00000010     rtsv7M4_T_le_v4SPD16_eabi.lib : memory.c.obj (.sysmem)
                  20000010    000003f0     --HOLE--

.data      0    20000400    000001ec     UNINITIALIZED
                  20000400    000000f0     rtsv7M4_T_le_v4SPD16_eabi.lib : defs.c.obj (.data:_ftable)
                  200004f0    00000078                                   : host_device.c.obj (.data:_device)
                  20000568    00000050                                   : host_device.c.obj (.data:_stream)
                  200005b8    00000010                                   : defs.c.obj (.data)
                  200005c8    0000000c                                   : exit.c.obj (.data:$O1$$)
                  200005d4    00000008                                   : _lock.c.obj (.data:$O1$$)
                  200005dc    00000008                                   : memory.c.obj (.data:$O1$$)
                  200005e4    00000004                                   : errno.c.obj (.data)
                  200005e8    00000004     system_msp432p401r.obj (.data)

.bss       0    200005ec    000001c9     UNINITIALIZED
                  200005ec    00000120     rtsv7M4_T_le_v4SPD16_eabi.lib : trgmsg.c.obj (.bss:_CIOBUF_)
                  2000070c    000000a0     (.common:__TI_tmpnams)
                  200007ac    00000008     (.common:parmbuf)
                  200007b4    00000001     (.common:key)

.stack     0    2000fe00    00000200     UNINITIALIZED
                  2000fe00    00000004     rtsv7M4_T_le_v4SPD16_eabi.lib : boot_cortex_m.c.obj (.stack)
                  2000fe04    000001fc     --HOLE--

__llvm_prf_cnts 
*          0    20000000    00000000     UNINITIALIZED

MODULE SUMMARY

       Module                        code    ro data   rw data
       ------                        ----    -------   -------
    .\
       system_msp432p401r.obj        820     0         8      
       I2C.obj                       748     0         0      
       Read_Keypad.obj               356     0         2      
       startup_msp432p401r_ccs.obj   14      228       0      
       main.obj                      140     7         0      
       SysTickTimer.obj              80      0         0      
    +--+-----------------------------+-------+---------+---------+
       Total:                        2158    235       10     
                                                              
    C:\ti\ccs1040\ccs\tools\compiler\ti-cgt-arm_20.2.7.LTS\lib\rtsv7M4_T_le_v4SPD16_eabi.lib
       _printfi.c.obj                4851    0         0      
       defs.c.obj                    0       0         832    
       memory.c.obj                  672     0         16     
       trgmsg.c.obj                  108     0         576    
       fd_add_t2.asm.obj             438     0         0      
       host_device.c.obj             0       0         400    
       fd_div_t2.asm.obj             310     0         0      
       fputs.c.obj                   276     0         0      
       s_scalbn.c.obj                272     0         0      
       fd_cmp_t2.asm.obj             268     0         0      
       ctype.c.obj                   0       257       0      
       fd_mul_t2.asm.obj             252     0         0      
       setvbuf.c.obj                 220     0         0      
       memcpy_t2.asm.obj             156     0         0      
       ull_div_t2.asm.obj            150     0         0      
       fputc.c.obj                   140     0         0      
       memset_t2.asm.obj             122     0         0      
       fclose.c.obj                  116     0         0      
       getdevice.c.obj               116     0         0      
       hostopen.c.obj                96      0         16     
       printf.c.obj                  112     0         0      
       hostrename.c.obj              108     0         0      
       copy_decompress_lzss.c.obj    104     0         0      
       hostlseek.c.obj               104     0         0      
       exit.c.obj                    76      0         24     
       fseek.c.obj                   100     0         0      
       s_frexp.c.obj                 100     0         0      
       _io_perm.c.obj                98      0         0      
       close.c.obj                   92      0         0      
       hostread.c.obj                88      0         0      
       hostwrite.c.obj               88      0         0      
       _ltoa.c.obj                   84      0         0      
       atoi.c.obj                    76      0         0      
       fflush.c.obj                  76      0         0      
       fd_toi_t2.asm.obj             72      0         0      
       autoinit.c.obj                68      0         0      
       hostclose.c.obj               68      0         0      
       hostunlink.c.obj              68      0         0      
       strncpy.c.obj                 54      0         0      
       boot_cortex_m.c.obj           52      0         0      
       fopen.c.obj                   52      0         0      
       i_tofd_t2.asm.obj             46      0         0      
       unlink.c.obj                  44      0         0      
       lseek.c.obj                   40      0         0      
       write.c.obj                   40      0         0      
       memchr.c.obj                  32      0         0      
       copy_zero_init.c.obj          28      0         0      
       memccpy.c.obj                 28      0         0      
       s_copysign.c.obj              26      0         0      
       strcmp.c.obj                  24      0         0      
       strchr.c.obj                  22      0         0      
       strcpy.c.obj                  20      0         0      
       strlen.c.obj                  20      0         0      
       _lock.c.obj                   2       0         16     
       wcslen.c.obj                  18      0         0      
       errno.c.obj                   8       0         8      
       copy_decompress_none.c.obj    14      0         0      
       pre_init.c.obj                4       0         0      
       div0.asm.obj                  2       0         0      
    +--+-----------------------------+-------+---------+---------+
       Total:                        10721   257       1888   
                                                              
       Heap:                         0       0         2048   
       Stack:                        0       0         1024   
       Linker Generated:             0       145       0      
    +--+-----------------------------+-------+---------+---------+
       Grand Total:                  12879   637       4970   


LINKER GENERATED COPY TABLES

__TI_cinit_table @ 000034d8 records: 2, size/record: 8, table size: 16
	.data: load addr=00003450, load size=0000006d bytes, run addr=20000400, run size=000001ec bytes, compression=lzss
	.bss: load addr=000034d0, load size=00000008 bytes, run addr=200005ec, run size=000001c9 bytes, compression=zero_init


LINKER GENERATED HANDLER TABLE

__TI_handler_table @ 000034c0 records: 3, size/record: 4, table size: 12
	index: 0, handler: __TI_decompress_lzss
	index: 1, handler: __TI_decompress_none
	index: 2, handler: __TI_zero_init


GLOBAL SYMBOLS: SORTED ALPHABETICALLY BY Name 

address   name                           
-------   ----                           
00003321  ADC14_IRQHandler               
00003321  AES256_IRQHandler              
00003321  BusFault_Handler               
00003341  C$$EXIT                        
0000302f  C$$IO$$                        
00003321  COMP_E0_IRQHandler             
00003321  COMP_E1_IRQHandler             
00003321  CS_IRQHandler                  
00003321  DMA_ERR_IRQHandler             
00003321  DMA_INT0_IRQHandler            
00003321  DMA_INT1_IRQHandler            
00003321  DMA_INT2_IRQHandler            
00003321  DMA_INT3_IRQHandler            
00003321  DebugMon_Handler               
00003321  Default_Handler                
00003321  EUSCIA0_IRQHandler             
00003321  EUSCIA1_IRQHandler             
00003321  EUSCIA2_IRQHandler             
00003321  EUSCIA3_IRQHandler             
00003321  EUSCIB0_IRQHandler             
00003321  EUSCIB1_IRQHandler             
00003321  EUSCIB2_IRQHandler             
00003321  EUSCIB3_IRQHandler             
00003321  FLCTL_IRQHandler               
00003321  FPU_IRQHandler                 
00002eb1  HOSTclose                      
0000286d  HOSTlseek                      
00002ad1  HOSTopen                       
00002b8d  HOSTread                       
00002801  HOSTrename                     
00002ef5  HOSTunlink                     
00002be5  HOSTwrite                      
00003321  HardFault_Handler              
00003321  MemManage_Handler              
00003321  NMI_Handler                    
00003321  PCM_IRQHandler                 
00003321  PORT1_IRQHandler               
00003321  PORT2_IRQHandler               
00003321  PORT3_IRQHandler               
00003321  PORT4_IRQHandler               
00003321  PORT5_IRQHandler               
00003321  PORT6_IRQHandler               
00003321  PSS_IRQHandler                 
00003321  PendSV_Handler                 
00003321  RTC_C_IRQHandler               
0000174d  Read_Keypad                    
00003315  Reset_Handler                  
00003321  SVC_Handler                    
00002d5f  SysTickInit                    
00002d39  SysTickTimer                   
00003321  SysTick_Handler                
200005e8  SystemCoreClock                
00000b35  SystemCoreClockUpdate          
00000dad  SystemInit                     
00003321  T32_INT1_IRQHandler            
00003321  T32_INT2_IRQHandler            
00003321  T32_INTC_IRQHandler            
00003321  TA0_0_IRQHandler               
00003321  TA0_N_IRQHandler               
00003321  TA1_0_IRQHandler               
00003321  TA1_N_IRQHandler               
00003321  TA2_0_IRQHandler               
00003321  TA2_N_IRQHandler               
00003321  TA3_0_IRQHandler               
00003321  TA3_N_IRQHandler               
00003321  UsageFault_Handler             
4000480c  WDTCTL_SYM                     
00003321  WDT_A_IRQHandler               
200005ec  __CIOBUF_                      
20010000  __STACK_END                    
00000200  __STACK_SIZE                   
00000400  __SYSMEM_SIZE                  
000034d8  __TI_CINIT_Base                
000034e8  __TI_CINIT_Limit               
000034c0  __TI_Handler_Table_Base        
000034cc  __TI_Handler_Table_Limit       
00002f39  __TI_auto_init_nobinit_nopinit 
00003071  __TI_cleanup                   
200005c8  __TI_cleanup_ptr               
000026ad  __TI_closefile                 
000028d5  __TI_decompress_lzss           
00003307  __TI_decompress_none           
00002d89  __TI_doflush                   
200005cc  __TI_dtors_ptr                 
200005d0  __TI_enable_exit_profile_output
200005b8  __TI_ft_end                    
00002c93  __TI_ltoa                      
ffffffff  __TI_pprof_out_hndl            
000000e5  __TI_printfi                   
ffffffff  __TI_prof_data_size            
ffffffff  __TI_prof_data_start           
000030a5  __TI_readmsg                   
00000000  __TI_static_base__             
2000070c  __TI_tmpnams                   
00003001  __TI_writemsg                  
00002a6d  __TI_wrt_ok                    
00003231  __TI_zero_init_nomemset        
00002525  __aeabi_cdcmpeq                
00002525  __aeabi_cdcmple                
000025ab  __aeabi_cdrcmple               
00002e69  __aeabi_d2iz                   
0000159f  __aeabi_dadd                   
000019ed  __aeabi_ddiv                   
00001f6d  __aeabi_dmul                   
00001595  __aeabi_dsub                   
00003325  __aeabi_errno_addr             
0000313d  __aeabi_i2d                    
0000174b  __aeabi_idiv0                  
0000174b  __aeabi_ldiv0                  
00002631  __aeabi_memclr                 
00002631  __aeabi_memclr4                
00002631  __aeabi_memclr8                
000022db  __aeabi_memcpy                 
000022db  __aeabi_memcpy4                
000022db  __aeabi_memcpy8                
00002633  __aeabi_memset                 
00002633  __aeabi_memset4                
00002633  __aeabi_memset8                
200005c4  __aeabi_stderr                 
200005bc  __aeabi_stdin                  
200005c0  __aeabi_stdout                 
00002377  __aeabi_uldivmod               
ffffffff  __binit__                      
ffffffff  __c_args__                     
UNDEFED   __mpu_init                     
2000fe00  __stack                        
20000000  __start___llvm_prf_cnts        
20000000  __stop___llvm_prf_cnts         
000030d9  _c_int00_noargs                
00003344  _ctypes_                       
200004f0  _device                        
20000400  _ftable                        
200005d4  _lock                          
00000b33  _nop                           
20000568  _stream                        
20000000  _sys_memory                    
UNDEFED   _system_post_cinit             
0000333d  _system_pre_init               
200005d8  _unlock                        
00003341  abort                          
00001e6d  aligned_alloc                  
00002dd5  atoi                           
ffffffff  binit                          
00002b31  close                          
00003285  copysign                       
00003285  copysignl                      
200005e4  errno                          
00002e21  exit                           
0000310d  finddevice                     
0000240d  fputc                          
00001c49  fputs                          
00002069  free                           
000029a5  frexp                          
000029a5  frexpl                         
00002a09  fseek                          
00002f7d  getdevice                      
0000107b  i2c_burstRead                  
00000f4b  i2c_burstWrite                 
00000e69  i2c_init                       
00000000  interruptVectors               
200007b4  key                            
00001861  keypad_initialize              
00001d5d  ldexp                          
00001d5d  ldexpl                         
000031c1  lseek                          
00002499  main                           
0000332d  malloc                         
00001e6d  memalign                       
00003269  memccpy                        
00003211  memchr                         
000022db  memcpy                         
00002639  memset                         
200007ac  parmbuf                        
0000293d  printf                         
0000240d  putc                           
0000316d  remove                         
00001d5d  scalbn                         
00001d5d  scalbnl                        
0000214d  setvbuf                        
000032b7  strchr                         
0000329f  strcmp                         
000032cd  strcpy                         
000032e1  strlen                         
00003039  strncpy                        
0000316d  unlink                         
00000ea3  vI2C_Initlize                  
000032f5  wcslen                         
000031e9  write                          
00000ff5  xI2C_Read                      
00000edf  xI2C_Write                     


GLOBAL SYMBOLS: SORTED BY Symbol Address 

address   name                           
-------   ----                           
00000000  __TI_static_base__             
00000000  interruptVectors               
000000e5  __TI_printfi                   
00000200  __STACK_SIZE                   
00000400  __SYSMEM_SIZE                  
00000b33  _nop                           
00000b35  SystemCoreClockUpdate          
00000dad  SystemInit                     
00000e69  i2c_init                       
00000ea3  vI2C_Initlize                  
00000edf  xI2C_Write                     
00000f4b  i2c_burstWrite                 
00000ff5  xI2C_Read                      
0000107b  i2c_burstRead                  
00001595  __aeabi_dsub                   
0000159f  __aeabi_dadd                   
0000174b  __aeabi_idiv0                  
0000174b  __aeabi_ldiv0                  
0000174d  Read_Keypad                    
00001861  keypad_initialize              
000019ed  __aeabi_ddiv                   
00001c49  fputs                          
00001d5d  ldexp                          
00001d5d  ldexpl                         
00001d5d  scalbn                         
00001d5d  scalbnl                        
00001e6d  aligned_alloc                  
00001e6d  memalign                       
00001f6d  __aeabi_dmul                   
00002069  free                           
0000214d  setvbuf                        
000022db  __aeabi_memcpy                 
000022db  __aeabi_memcpy4                
000022db  __aeabi_memcpy8                
000022db  memcpy                         
00002377  __aeabi_uldivmod               
0000240d  fputc                          
0000240d  putc                           
00002499  main                           
00002525  __aeabi_cdcmpeq                
00002525  __aeabi_cdcmple                
000025ab  __aeabi_cdrcmple               
00002631  __aeabi_memclr                 
00002631  __aeabi_memclr4                
00002631  __aeabi_memclr8                
00002633  __aeabi_memset                 
00002633  __aeabi_memset4                
00002633  __aeabi_memset8                
00002639  memset                         
000026ad  __TI_closefile                 
00002801  HOSTrename                     
0000286d  HOSTlseek                      
000028d5  __TI_decompress_lzss           
0000293d  printf                         
000029a5  frexp                          
000029a5  frexpl                         
00002a09  fseek                          
00002a6d  __TI_wrt_ok                    
00002ad1  HOSTopen                       
00002b31  close                          
00002b8d  HOSTread                       
00002be5  HOSTwrite                      
00002c93  __TI_ltoa                      
00002d39  SysTickTimer                   
00002d5f  SysTickInit                    
00002d89  __TI_doflush                   
00002dd5  atoi                           
00002e21  exit                           
00002e69  __aeabi_d2iz                   
00002eb1  HOSTclose                      
00002ef5  HOSTunlink                     
00002f39  __TI_auto_init_nobinit_nopinit 
00002f7d  getdevice                      
00003001  __TI_writemsg                  
0000302f  C$$IO$$                        
00003039  strncpy                        
00003071  __TI_cleanup                   
000030a5  __TI_readmsg                   
000030d9  _c_int00_noargs                
0000310d  finddevice                     
0000313d  __aeabi_i2d                    
0000316d  remove                         
0000316d  unlink                         
000031c1  lseek                          
000031e9  write                          
00003211  memchr                         
00003231  __TI_zero_init_nomemset        
00003269  memccpy                        
00003285  copysign                       
00003285  copysignl                      
0000329f  strcmp                         
000032b7  strchr                         
000032cd  strcpy                         
000032e1  strlen                         
000032f5  wcslen                         
00003307  __TI_decompress_none           
00003315  Reset_Handler                  
00003321  ADC14_IRQHandler               
00003321  AES256_IRQHandler              
00003321  BusFault_Handler               
00003321  COMP_E0_IRQHandler             
00003321  COMP_E1_IRQHandler             
00003321  CS_IRQHandler                  
00003321  DMA_ERR_IRQHandler             
00003321  DMA_INT0_IRQHandler            
00003321  DMA_INT1_IRQHandler            
00003321  DMA_INT2_IRQHandler            
00003321  DMA_INT3_IRQHandler            
00003321  DebugMon_Handler               
00003321  Default_Handler                
00003321  EUSCIA0_IRQHandler             
00003321  EUSCIA1_IRQHandler             
00003321  EUSCIA2_IRQHandler             
00003321  EUSCIA3_IRQHandler             
00003321  EUSCIB0_IRQHandler             
00003321  EUSCIB1_IRQHandler             
00003321  EUSCIB2_IRQHandler             
00003321  EUSCIB3_IRQHandler             
00003321  FLCTL_IRQHandler               
00003321  FPU_IRQHandler                 
00003321  HardFault_Handler              
00003321  MemManage_Handler              
00003321  NMI_Handler                    
00003321  PCM_IRQHandler                 
00003321  PORT1_IRQHandler               
00003321  PORT2_IRQHandler               
00003321  PORT3_IRQHandler               
00003321  PORT4_IRQHandler               
00003321  PORT5_IRQHandler               
00003321  PORT6_IRQHandler               
00003321  PSS_IRQHandler                 
00003321  PendSV_Handler                 
00003321  RTC_C_IRQHandler               
00003321  SVC_Handler                    
00003321  SysTick_Handler                
00003321  T32_INT1_IRQHandler            
00003321  T32_INT2_IRQHandler            
00003321  T32_INTC_IRQHandler            
00003321  TA0_0_IRQHandler               
00003321  TA0_N_IRQHandler               
00003321  TA1_0_IRQHandler               
00003321  TA1_N_IRQHandler               
00003321  TA2_0_IRQHandler               
00003321  TA2_N_IRQHandler               
00003321  TA3_0_IRQHandler               
00003321  TA3_N_IRQHandler               
00003321  UsageFault_Handler             
00003321  WDT_A_IRQHandler               
00003325  __aeabi_errno_addr             
0000332d  malloc                         
0000333d  _system_pre_init               
00003341  C$$EXIT                        
00003341  abort                          
00003344  _ctypes_                       
000034c0  __TI_Handler_Table_Base        
000034cc  __TI_Handler_Table_Limit       
000034d8  __TI_CINIT_Base                
000034e8  __TI_CINIT_Limit               
20000000  __start___llvm_prf_cnts        
20000000  __stop___llvm_prf_cnts         
20000000  _sys_memory                    
20000400  _ftable                        
200004f0  _device                        
20000568  _stream                        
200005b8  __TI_ft_end                    
200005bc  __aeabi_stdin                  
200005c0  __aeabi_stdout                 
200005c4  __aeabi_stderr                 
200005c8  __TI_cleanup_ptr               
200005cc  __TI_dtors_ptr                 
200005d0  __TI_enable_exit_profile_output
200005d4  _lock                          
200005d8  _unlock                        
200005e4  errno                          
200005e8  SystemCoreClock                
200005ec  __CIOBUF_                      
2000070c  __TI_tmpnams                   
200007ac  parmbuf                        
200007b4  key                            
2000fe00  __stack                        
20010000  __STACK_END                    
4000480c  WDTCTL_SYM                     
ffffffff  __TI_pprof_out_hndl            
ffffffff  __TI_prof_data_size            
ffffffff  __TI_prof_data_start           
ffffffff  __binit__                      
ffffffff  __c_args__                     
ffffffff  binit                          
UNDEFED   __mpu_init                     
UNDEFED   _system_post_cinit             

[190 symbols]
