******************************************************************************
                  TI ARM Linker PC v20.2.7                     
******************************************************************************
>> Linked Mon Oct 10 14:49:44 2022

OUTPUT FILE NAME:   <EGR326_Lab5_Part1_v00.out>
ENTRY POINT SYMBOL: "_c_int00_noargs"  address: 00000ba9


MEMORY CONFIGURATION

         name            origin    length      used     unused   attr    fill
----------------------  --------  ---------  --------  --------  ----  --------
  MAIN                  00000000   00040000  00000c53  0003f3ad  R  X
  INFO                  00200000   00004000  00000000  00004000  R  X
  SRAM_CODE             01000000   00010000  00000205  0000fdfb  RW X
  SRAM_DATA             20000000   00010000  00000205  0000fdfb  RW  


SEGMENT ALLOCATION MAP

run origin  load origin   length   init length attrs members
----------  ----------- ---------- ----------- ----- -------
00000000    00000000    00000c58   00000c58    r-x
  00000000    00000000    000000e4   000000e4    r-- .intvecs
  000000e4    000000e4    00000b38   00000b38    r-x .text
  00000c1c    00000c1c    00000007   00000007    r-- .const
  00000c28    00000c28    00000030   00000030    r-- .cinit
20000000    20000000    00000005   00000000    rw-
  20000000    20000000    00000004   00000000    rw- .data
  20000004    20000004    00000001   00000000    rw- .bss
2000fe00    2000fe00    00000200   00000000    rw-
  2000fe00    2000fe00    00000200   00000000    rw- .stack


SECTION ALLOCATION MAP

 output                                  attributes/
section   page    origin      length       input sections
--------  ----  ----------  ----------   ----------------
.intvecs   0    00000000    000000e4     
                  00000000    000000e4     startup_msp432p401r_ccs.obj (.intvecs:retain)

.text      0    000000e4    00000b38     
                  000000e4    00000430     I2C.obj (.text)
                  00000514    00000334     system_msp432p401r.obj (.text)
                  00000848    00000164     Read_Keypad.obj (.text)
                  000009ac    0000009c     rtsv7M4_T_le_v4SPD16_eabi.lib : memcpy_t2.asm.obj (.text)
                  00000a48    00000068                                   : copy_decompress_lzss.c.obj (.text:decompress:lzss:__TI_decompress_lzss)
                  00000ab0    00000064     main.obj (.text)
                  00000b14    00000050     SysTickTimer.obj (.text)
                  00000b64    00000044     rtsv7M4_T_le_v4SPD16_eabi.lib : autoinit.c.obj (.text:__TI_auto_init_nobinit_nopinit:__TI_auto_init_nobinit_nopinit)
                  00000ba8    00000034                                   : boot_cortex_m.c.obj (.text:_c_int00_noargs:_c_int00_noargs)
                  00000bdc    0000001c                                   : copy_zero_init.c.obj (.text:decompress:ZI:__TI_zero_init_nomemset:__TI_zero_init_nomemset)
                  00000bf8    0000000e                                   : copy_decompress_none.c.obj (.text:decompress:none:__TI_decompress_none)
                  00000c06    0000000e     startup_msp432p401r_ccs.obj (.text)
                  00000c14    00000004     rtsv7M4_T_le_v4SPD16_eabi.lib : pre_init.c.obj (.text:_system_pre_init)
                  00000c18    00000004                                   : exit.c.obj (.text:abort:abort)

.const     0    00000c1c    00000007     
                  00000c1c    00000007     main.obj (.const:.string:$P$T0$1)

.cinit     0    00000c28    00000030     
                  00000c28    0000000c     (__TI_handler_table)
                  00000c34    00000004     --HOLE-- [fill = 0]
                  00000c38    00000008     (.cinit..bss.load) [load image, compression = zero_init]
                  00000c40    00000008     (.cinit..data.load) [load image, compression = lzss]
                  00000c48    00000010     (__TI_cinit_table)

.init_array 
*          0    00000000    00000000     UNINITIALIZED

.binit     0    00000000    00000000     

.data      0    20000000    00000004     UNINITIALIZED
                  20000000    00000004     system_msp432p401r.obj (.data)

.bss       0    20000004    00000001     UNINITIALIZED
                  20000004    00000001     (.common:key)

.stack     0    2000fe00    00000200     UNINITIALIZED
                  2000fe00    00000004     rtsv7M4_T_le_v4SPD16_eabi.lib : boot_cortex_m.c.obj (.stack)
                  2000fe04    000001fc     --HOLE--

__llvm_prf_cnts 
*          0    20000000    00000000     UNINITIALIZED

MODULE SUMMARY

       Module                        code   ro data   rw data
       ------                        ----   -------   -------
    .\
       I2C.obj                       1072   0         0      
       system_msp432p401r.obj        820    0         8      
       Read_Keypad.obj               356    0         2      
       startup_msp432p401r_ccs.obj   14     228       0      
       main.obj                      100    7         0      
       SysTickTimer.obj              80     0         0      
    +--+-----------------------------+------+---------+---------+
       Total:                        2442   235       10     
                                                             
    C:\ti\ccs1040\ccs\tools\compiler\ti-cgt-arm_20.2.7.LTS\lib\rtsv7M4_T_le_v4SPD16_eabi.lib
       memcpy_t2.asm.obj             156    0         0      
       copy_decompress_lzss.c.obj    104    0         0      
       autoinit.c.obj                68     0         0      
       boot_cortex_m.c.obj           52     0         0      
       copy_zero_init.c.obj          28     0         0      
       copy_decompress_none.c.obj    14     0         0      
       exit.c.obj                    4      0         0      
       pre_init.c.obj                4      0         0      
    +--+-----------------------------+------+---------+---------+
       Total:                        430    0         0      
                                                             
       Stack:                        0      0         1024   
       Linker Generated:             0      44        0      
    +--+-----------------------------+------+---------+---------+
       Grand Total:                  2872   279       1034   


LINKER GENERATED COPY TABLES

__TI_cinit_table @ 00000c48 records: 2, size/record: 8, table size: 16
	.bss: load addr=00000c38, load size=00000008 bytes, run addr=20000004, run size=00000001 bytes, compression=zero_init
	.data: load addr=00000c40, load size=00000008 bytes, run addr=20000000, run size=00000004 bytes, compression=lzss


LINKER GENERATED HANDLER TABLE

__TI_handler_table @ 00000c28 records: 3, size/record: 4, table size: 12
	index: 0, handler: __TI_decompress_lzss
	index: 1, handler: __TI_decompress_none
	index: 2, handler: __TI_zero_init


GLOBAL SYMBOLS: SORTED ALPHABETICALLY BY Name 

address   name                          
-------   ----                          
00000c13  ADC14_IRQHandler              
00000c13  AES256_IRQHandler             
00000c13  BusFault_Handler              
00000c19  C$$EXIT                       
00000c13  COMP_E0_IRQHandler            
00000c13  COMP_E1_IRQHandler            
00000c13  CS_IRQHandler                 
00000c13  DMA_ERR_IRQHandler            
00000c13  DMA_INT0_IRQHandler           
00000c13  DMA_INT1_IRQHandler           
00000c13  DMA_INT2_IRQHandler           
00000c13  DMA_INT3_IRQHandler           
00000c13  DebugMon_Handler              
00000c13  Default_Handler               
00000c13  EUSCIA0_IRQHandler            
00000c13  EUSCIA1_IRQHandler            
00000c13  EUSCIA2_IRQHandler            
00000c13  EUSCIA3_IRQHandler            
00000c13  EUSCIB0_IRQHandler            
00000c13  EUSCIB1_IRQHandler            
00000c13  EUSCIB2_IRQHandler            
00000c13  EUSCIB3_IRQHandler            
00000c13  FLCTL_IRQHandler              
00000c13  FPU_IRQHandler                
00000c13  HardFault_Handler             
000003a9  I2C_Recv                      
0000042d  I2C_Recv2                     
0000012b  I2C_Send1                     
000002f9  I2C_Send2                     
00000c13  MemManage_Handler             
00000c13  NMI_Handler                   
00000c13  PCM_IRQHandler                
00000c13  PORT1_IRQHandler              
00000c13  PORT2_IRQHandler              
00000c13  PORT3_IRQHandler              
00000c13  PORT4_IRQHandler              
00000c13  PORT5_IRQHandler              
00000c13  PORT6_IRQHandler              
00000c13  PSS_IRQHandler                
00000c13  PendSV_Handler                
00000c13  RTC_C_IRQHandler              
00000849  Read_Keypad                   
00000c07  Reset_Handler                 
00000c13  SVC_Handler                   
00000b3b  SysTickInit                   
00000b15  SysTickTimer                  
00000c13  SysTick_Handler               
20000000  SystemCoreClock               
00000515  SystemCoreClockUpdate         
0000078d  SystemInit                    
00000c13  T32_INT1_IRQHandler           
00000c13  T32_INT2_IRQHandler           
00000c13  T32_INTC_IRQHandler           
00000c13  TA0_0_IRQHandler              
00000c13  TA0_N_IRQHandler              
00000c13  TA1_0_IRQHandler              
00000c13  TA1_N_IRQHandler              
00000c13  TA2_0_IRQHandler              
00000c13  TA2_N_IRQHandler              
00000c13  TA3_0_IRQHandler              
00000c13  TA3_N_IRQHandler              
00000c13  UsageFault_Handler            
4000480c  WDTCTL_SYM                    
00000c13  WDT_A_IRQHandler              
20010000  __STACK_END                   
00000200  __STACK_SIZE                  
00000c48  __TI_CINIT_Base               
00000c58  __TI_CINIT_Limit              
00000c28  __TI_Handler_Table_Base       
00000c34  __TI_Handler_Table_Limit      
00000b65  __TI_auto_init_nobinit_nopinit
00000a49  __TI_decompress_lzss          
00000bf9  __TI_decompress_none          
ffffffff  __TI_pprof_out_hndl           
ffffffff  __TI_prof_data_size           
ffffffff  __TI_prof_data_start          
00000000  __TI_static_base__            
00000bdd  __TI_zero_init_nomemset       
000009ad  __aeabi_memcpy                
000009ad  __aeabi_memcpy4               
000009ad  __aeabi_memcpy8               
ffffffff  __binit__                     
ffffffff  __c_args__                    
UNDEFED   __mpu_init                    
2000fe00  __stack                       
20000000  __start___llvm_prf_cnts       
20000000  __stop___llvm_prf_cnts        
00000ba9  _c_int00_noargs               
UNDEFED   _system_post_cinit            
00000c15  _system_pre_init              
00000c19  abort                         
ffffffff  binit                         
00000237  i2c_burstRead                 
000000e5  i2c_init                      
00000000  interruptVectors              
20000004  key                           
0000095d  keypad_initialize             
00000ab1  main                          
000009ad  memcpy                        
UNDEFED   vI2C_Initlize                 
000001b1  xI2C_Read                     


GLOBAL SYMBOLS: SORTED BY Symbol Address 

address   name                          
-------   ----                          
00000000  __TI_static_base__            
00000000  interruptVectors              
000000e5  i2c_init                      
0000012b  I2C_Send1                     
000001b1  xI2C_Read                     
00000200  __STACK_SIZE                  
00000237  i2c_burstRead                 
000002f9  I2C_Send2                     
000003a9  I2C_Recv                      
0000042d  I2C_Recv2                     
00000515  SystemCoreClockUpdate         
0000078d  SystemInit                    
00000849  Read_Keypad                   
0000095d  keypad_initialize             
000009ad  __aeabi_memcpy                
000009ad  __aeabi_memcpy4               
000009ad  __aeabi_memcpy8               
000009ad  memcpy                        
00000a49  __TI_decompress_lzss          
00000ab1  main                          
00000b15  SysTickTimer                  
00000b3b  SysTickInit                   
00000b65  __TI_auto_init_nobinit_nopinit
00000ba9  _c_int00_noargs               
00000bdd  __TI_zero_init_nomemset       
00000bf9  __TI_decompress_none          
00000c07  Reset_Handler                 
00000c13  ADC14_IRQHandler              
00000c13  AES256_IRQHandler             
00000c13  BusFault_Handler              
00000c13  COMP_E0_IRQHandler            
00000c13  COMP_E1_IRQHandler            
00000c13  CS_IRQHandler                 
00000c13  DMA_ERR_IRQHandler            
00000c13  DMA_INT0_IRQHandler           
00000c13  DMA_INT1_IRQHandler           
00000c13  DMA_INT2_IRQHandler           
00000c13  DMA_INT3_IRQHandler           
00000c13  DebugMon_Handler              
00000c13  Default_Handler               
00000c13  EUSCIA0_IRQHandler            
00000c13  EUSCIA1_IRQHandler            
00000c13  EUSCIA2_IRQHandler            
00000c13  EUSCIA3_IRQHandler            
00000c13  EUSCIB0_IRQHandler            
00000c13  EUSCIB1_IRQHandler            
00000c13  EUSCIB2_IRQHandler            
00000c13  EUSCIB3_IRQHandler            
00000c13  FLCTL_IRQHandler              
00000c13  FPU_IRQHandler                
00000c13  HardFault_Handler             
00000c13  MemManage_Handler             
00000c13  NMI_Handler                   
00000c13  PCM_IRQHandler                
00000c13  PORT1_IRQHandler              
00000c13  PORT2_IRQHandler              
00000c13  PORT3_IRQHandler              
00000c13  PORT4_IRQHandler              
00000c13  PORT5_IRQHandler              
00000c13  PORT6_IRQHandler              
00000c13  PSS_IRQHandler                
00000c13  PendSV_Handler                
00000c13  RTC_C_IRQHandler              
00000c13  SVC_Handler                   
00000c13  SysTick_Handler               
00000c13  T32_INT1_IRQHandler           
00000c13  T32_INT2_IRQHandler           
00000c13  T32_INTC_IRQHandler           
00000c13  TA0_0_IRQHandler              
00000c13  TA0_N_IRQHandler              
00000c13  TA1_0_IRQHandler              
00000c13  TA1_N_IRQHandler              
00000c13  TA2_0_IRQHandler              
00000c13  TA2_N_IRQHandler              
00000c13  TA3_0_IRQHandler              
00000c13  TA3_N_IRQHandler              
00000c13  UsageFault_Handler            
00000c13  WDT_A_IRQHandler              
00000c15  _system_pre_init              
00000c19  C$$EXIT                       
00000c19  abort                         
00000c28  __TI_Handler_Table_Base       
00000c34  __TI_Handler_Table_Limit      
00000c48  __TI_CINIT_Base               
00000c58  __TI_CINIT_Limit              
20000000  SystemCoreClock               
20000000  __start___llvm_prf_cnts       
20000000  __stop___llvm_prf_cnts        
20000004  key                           
2000fe00  __stack                       
20010000  __STACK_END                   
4000480c  WDTCTL_SYM                    
ffffffff  __TI_pprof_out_hndl           
ffffffff  __TI_prof_data_size           
ffffffff  __TI_prof_data_start          
ffffffff  __binit__                     
ffffffff  __c_args__                    
ffffffff  binit                         
UNDEFED   __mpu_init                    
UNDEFED   _system_post_cinit            
UNDEFED   vI2C_Initlize                 

[101 symbols]
