******************************************************************************
                  TI ARM Linker PC v20.2.6                     
******************************************************************************
>> Linked Thu Sep  8 21:33:46 2022

OUTPUT FILE NAME:   <EGR326_Lab1_Part2.out>
ENTRY POINT SYMBOL: "_c_int00_noargs"  address: 00000895


MEMORY CONFIGURATION

         name            origin    length      used     unused   attr    fill
----------------------  --------  ---------  --------  --------  ----  --------
  MAIN                  00000000   00040000  00000908  0003f6f8  R  X
  INFO                  00200000   00004000  00000000  00004000  R  X
  SRAM_CODE             01000000   00010000  0000020c  0000fdf4  RW X
  SRAM_DATA             20000000   00010000  0000020c  0000fdf4  RW  


SEGMENT ALLOCATION MAP

run origin  load origin   length   init length attrs members
----------  ----------- ---------- ----------- ----- -------
00000000    00000000    0000090c   0000090c    r-x
  00000000    00000000    000000e4   000000e4    r-- .intvecs
  000000e4    000000e4    00000808   00000808    r-x .text
  000008f0    000008f0    0000001c   0000001c    r-- .cinit
20000000    20000000    0000000c   00000000    rw-
  20000000    20000000    0000000c   00000000    rw- .data
2000fe00    2000fe00    00000200   00000000    rw-
  2000fe00    2000fe00    00000200   00000000    rw- .stack


SECTION ALLOCATION MAP

 output                                  attributes/
section   page    origin      length       input sections
--------  ----  ----------  ----------   ----------------
.intvecs   0    00000000    000000e4     
                  00000000    000000e4     startup_msp432p401r_ccs.obj (.intvecs:retain)

.text      0    000000e4    00000808     
                  000000e4    00000334     system_msp432p401r.obj (.text)
                  00000418    000001f8     main.obj (.text)
                  00000610    00000108     debounce.obj (.text)
                  00000718    0000009c     rtsv7M4_T_le_v4SPD16_eabi.lib : memcpy_t2.asm.obj (.text)
                  000007b4    00000068                                   : copy_decompress_lzss.c.obj (.text:decompress:lzss:__TI_decompress_lzss)
                  0000081c    00000044                                   : autoinit.c.obj (.text:__TI_auto_init_nobinit_nopinit:__TI_auto_init_nobinit_nopinit)
                  00000860    00000034     SysTickTimer.obj (.text)
                  00000894    00000034     rtsv7M4_T_le_v4SPD16_eabi.lib : boot_cortex_m.c.obj (.text:_c_int00_noargs:_c_int00_noargs)
                  000008c8    0000000e                                   : copy_decompress_none.c.obj (.text:decompress:none:__TI_decompress_none)
                  000008d6    0000000e     startup_msp432p401r_ccs.obj (.text)
                  000008e4    00000004     rtsv7M4_T_le_v4SPD16_eabi.lib : pre_init.c.obj (.text:_system_pre_init)
                  000008e8    00000004                                   : exit.c.obj (.text:abort:abort)

.cinit     0    000008f0    0000001c     
                  000008f0    0000000b     (.cinit..data.load) [load image, compression = lzss]
                  000008fb    00000001     --HOLE-- [fill = 0]
                  000008fc    00000008     (__TI_handler_table)
                  00000904    00000008     (__TI_cinit_table)

.init_array 
*          0    00000000    00000000     UNINITIALIZED

.binit     0    00000000    00000000     

.data      0    20000000    0000000c     UNINITIALIZED
                  20000000    00000008     debounce.obj (.data)
                  20000008    00000004     system_msp432p401r.obj (.data)

.stack     0    2000fe00    00000200     UNINITIALIZED
                  2000fe00    00000004     rtsv7M4_T_le_v4SPD16_eabi.lib : boot_cortex_m.c.obj (.stack)
                  2000fe04    000001fc     --HOLE--

__llvm_prf_cnts 
*          0    20000000    00000000     UNINITIALIZED

MODULE SUMMARY

       Module                        code   ro data   rw data
       ------                        ----   -------   -------
    .\
       system_msp432p401r.obj        820    0         8      
       main.obj                      504    0         0      
       debounce.obj                  264    0         16     
       startup_msp432p401r_ccs.obj   14     228       0      
       SysTickTimer.obj              52     0         0      
    +--+-----------------------------+------+---------+---------+
       Total:                        1654   228       24     
                                                             
    C:\ti\ccs1040\ccs\tools\compiler\ti-cgt-arm_20.2.6.LTS\lib\rtsv7M4_T_le_v4SPD16_eabi.lib
       memcpy_t2.asm.obj             156    0         0      
       copy_decompress_lzss.c.obj    104    0         0      
       autoinit.c.obj                68     0         0      
       boot_cortex_m.c.obj           52     0         0      
       copy_decompress_none.c.obj    14     0         0      
       exit.c.obj                    4      0         0      
       pre_init.c.obj                4      0         0      
    +--+-----------------------------+------+---------+---------+
       Total:                        402    0         0      
                                                             
       Stack:                        0      0         1024   
       Linker Generated:             0      27        0      
    +--+-----------------------------+------+---------+---------+
       Grand Total:                  2056   255       1048   


LINKER GENERATED COPY TABLES

__TI_cinit_table @ 00000904 records: 1, size/record: 8, table size: 8
	.data: load addr=000008f0, load size=0000000b bytes, run addr=20000000, run size=0000000c bytes, compression=lzss


LINKER GENERATED HANDLER TABLE

__TI_handler_table @ 000008fc records: 2, size/record: 4, table size: 8
	index: 0, handler: __TI_decompress_lzss
	index: 1, handler: __TI_decompress_none


GLOBAL SYMBOLS: SORTED ALPHABETICALLY BY Name 

address   name                          
-------   ----                          
000008e3  ADC14_IRQHandler              
000008e3  AES256_IRQHandler             
000008e3  BusFault_Handler              
000008e9  C$$EXIT                       
000008e3  COMP_E0_IRQHandler            
000008e3  COMP_E1_IRQHandler            
000008e3  CS_IRQHandler                 
000008e3  DMA_ERR_IRQHandler            
000008e3  DMA_INT0_IRQHandler           
000008e3  DMA_INT1_IRQHandler           
000008e3  DMA_INT2_IRQHandler           
000008e3  DMA_INT3_IRQHandler           
000008e3  DebugMon_Handler              
000008e3  Default_Handler               
000008e3  EUSCIA0_IRQHandler            
000008e3  EUSCIA1_IRQHandler            
000008e3  EUSCIA2_IRQHandler            
000008e3  EUSCIA3_IRQHandler            
000008e3  EUSCIB0_IRQHandler            
000008e3  EUSCIB1_IRQHandler            
000008e3  EUSCIB2_IRQHandler            
000008e3  EUSCIB3_IRQHandler            
000008e3  FLCTL_IRQHandler              
000008e3  FPU_IRQHandler                
000008e3  HardFault_Handler             
000008e3  MemManage_Handler             
000008e3  NMI_Handler                   
000008e3  PCM_IRQHandler                
000008e3  PORT1_IRQHandler              
000008e3  PORT2_IRQHandler              
000008e3  PORT3_IRQHandler              
000008e3  PORT4_IRQHandler              
000008e3  PORT5_IRQHandler              
000008e3  PORT6_IRQHandler              
000008e3  PSS_IRQHandler                
000008e3  PendSV_Handler                
000008e3  RTC_C_IRQHandler              
000008d7  Reset_Handler                 
000008e3  SVC_Handler                   
000004ef  SysTickInit                   
00000861  SysTickTimer                  
000008e3  SysTick_Handler               
20000008  SystemCoreClock               
000000e5  SystemCoreClockUpdate         
0000035d  SystemInit                    
000008e3  T32_INT1_IRQHandler           
000008e3  T32_INT2_IRQHandler           
000008e3  T32_INTC_IRQHandler           
000008e3  TA0_0_IRQHandler              
000008e3  TA0_N_IRQHandler              
000008e3  TA1_0_IRQHandler              
000008e3  TA1_N_IRQHandler              
000008e3  TA2_0_IRQHandler              
000008e3  TA2_N_IRQHandler              
000008e3  TA3_0_IRQHandler              
000008e3  TA3_N_IRQHandler              
000008e3  UsageFault_Handler            
4000480c  WDTCTL_SYM                    
000008e3  WDT_A_IRQHandler              
20010000  __STACK_END                   
00000200  __STACK_SIZE                  
00000904  __TI_CINIT_Base               
0000090c  __TI_CINIT_Limit              
000008fc  __TI_Handler_Table_Base       
00000904  __TI_Handler_Table_Limit      
0000081d  __TI_auto_init_nobinit_nopinit
000007b5  __TI_decompress_lzss          
000008c9  __TI_decompress_none          
ffffffff  __TI_pprof_out_hndl           
ffffffff  __TI_prof_data_size           
ffffffff  __TI_prof_data_start          
00000000  __TI_static_base__            
00000719  __aeabi_memcpy                
00000719  __aeabi_memcpy4               
00000719  __aeabi_memcpy8               
ffffffff  __binit__                     
ffffffff  __c_args__                    
UNDEFED   __mpu_init                    
2000fe00  __stack                       
20000000  __start___llvm_prf_cnts       
20000000  __stop___llvm_prf_cnts        
00000895  _c_int00_noargs               
UNDEFED   _system_post_cinit            
000008e5  _system_pre_init              
000008e9  abort                         
ffffffff  binit                         
00000679  debounce_sw1_press            
00000611  debounce_sw1_press_os         
000006af  debounce_sw2_press            
00000645  debounce_sw2_press_os         
00000000  interruptVectors              
00000419  main                          
00000719  memcpy                        
0000050b  pin_initialize                
000006e5  release                       


GLOBAL SYMBOLS: SORTED BY Symbol Address 

address   name                          
-------   ----                          
00000000  __TI_static_base__            
00000000  interruptVectors              
000000e5  SystemCoreClockUpdate         
00000200  __STACK_SIZE                  
0000035d  SystemInit                    
00000419  main                          
000004ef  SysTickInit                   
0000050b  pin_initialize                
00000611  debounce_sw1_press_os         
00000645  debounce_sw2_press_os         
00000679  debounce_sw1_press            
000006af  debounce_sw2_press            
000006e5  release                       
00000719  __aeabi_memcpy                
00000719  __aeabi_memcpy4               
00000719  __aeabi_memcpy8               
00000719  memcpy                        
000007b5  __TI_decompress_lzss          
0000081d  __TI_auto_init_nobinit_nopinit
00000861  SysTickTimer                  
00000895  _c_int00_noargs               
000008c9  __TI_decompress_none          
000008d7  Reset_Handler                 
000008e3  ADC14_IRQHandler              
000008e3  AES256_IRQHandler             
000008e3  BusFault_Handler              
000008e3  COMP_E0_IRQHandler            
000008e3  COMP_E1_IRQHandler            
000008e3  CS_IRQHandler                 
000008e3  DMA_ERR_IRQHandler            
000008e3  DMA_INT0_IRQHandler           
000008e3  DMA_INT1_IRQHandler           
000008e3  DMA_INT2_IRQHandler           
000008e3  DMA_INT3_IRQHandler           
000008e3  DebugMon_Handler              
000008e3  Default_Handler               
000008e3  EUSCIA0_IRQHandler            
000008e3  EUSCIA1_IRQHandler            
000008e3  EUSCIA2_IRQHandler            
000008e3  EUSCIA3_IRQHandler            
000008e3  EUSCIB0_IRQHandler            
000008e3  EUSCIB1_IRQHandler            
000008e3  EUSCIB2_IRQHandler            
000008e3  EUSCIB3_IRQHandler            
000008e3  FLCTL_IRQHandler              
000008e3  FPU_IRQHandler                
000008e3  HardFault_Handler             
000008e3  MemManage_Handler             
000008e3  NMI_Handler                   
000008e3  PCM_IRQHandler                
000008e3  PORT1_IRQHandler              
000008e3  PORT2_IRQHandler              
000008e3  PORT3_IRQHandler              
000008e3  PORT4_IRQHandler              
000008e3  PORT5_IRQHandler              
000008e3  PORT6_IRQHandler              
000008e3  PSS_IRQHandler                
000008e3  PendSV_Handler                
000008e3  RTC_C_IRQHandler              
000008e3  SVC_Handler                   
000008e3  SysTick_Handler               
000008e3  T32_INT1_IRQHandler           
000008e3  T32_INT2_IRQHandler           
000008e3  T32_INTC_IRQHandler           
000008e3  TA0_0_IRQHandler              
000008e3  TA0_N_IRQHandler              
000008e3  TA1_0_IRQHandler              
000008e3  TA1_N_IRQHandler              
000008e3  TA2_0_IRQHandler              
000008e3  TA2_N_IRQHandler              
000008e3  TA3_0_IRQHandler              
000008e3  TA3_N_IRQHandler              
000008e3  UsageFault_Handler            
000008e3  WDT_A_IRQHandler              
000008e5  _system_pre_init              
000008e9  C$$EXIT                       
000008e9  abort                         
000008fc  __TI_Handler_Table_Base       
00000904  __TI_CINIT_Base               
00000904  __TI_Handler_Table_Limit      
0000090c  __TI_CINIT_Limit              
20000000  __start___llvm_prf_cnts       
20000000  __stop___llvm_prf_cnts        
20000008  SystemCoreClock               
2000fe00  __stack                       
20010000  __STACK_END                   
4000480c  WDTCTL_SYM                    
ffffffff  __TI_pprof_out_hndl           
ffffffff  __TI_prof_data_size           
ffffffff  __TI_prof_data_start          
ffffffff  __binit__                     
ffffffff  __c_args__                    
ffffffff  binit                         
UNDEFED   __mpu_init                    
UNDEFED   _system_post_cinit            

[95 symbols]
