******************************************************************************
                  TI ARM Linker PC v20.2.7                     
******************************************************************************
>> Linked Mon Oct 10 18:01:11 2022

OUTPUT FILE NAME:   <EGR326_Lab5_Part03.out>
ENTRY POINT SYMBOL: "_c_int00_noargs"  address: 0000323d


MEMORY CONFIGURATION

         name            origin    length      used     unused   attr    fill
----------------------  --------  ---------  --------  --------  ----  --------
  MAIN                  00000000   00040000  00003648  0003c9b8  R  X
  INFO                  00200000   00004000  00000000  00004000  R  X
  SRAM_CODE             01000000   00010000  000009cf  0000f631  RW X
  SRAM_DATA             20000000   00010000  000009cf  0000f631  RW  


SEGMENT ALLOCATION MAP

run origin  load origin   length   init length attrs members
----------  ----------- ---------- ----------- ----- -------
00000000    00000000    00003648   00003648    r-x
  00000000    00000000    000000e4   000000e4    r-- .intvecs
  000000e4    000000e4    000033c4   000033c4    r-x .text
  000034a8    000034a8    00000108   00000108    r-- .const
  000035b0    000035b0    00000098   00000098    r-- .cinit
20000000    20000000    000007d3   00000000    rw-
  20000000    20000000    00000400   00000000    rw- .sysmem
  20000400    20000400    000001ec   00000000    rw- .data
  200005f0    200005f0    000001e3   00000000    rw- .bss
2000fe00    2000fe00    00000200   00000000    rw-
  2000fe00    2000fe00    00000200   00000000    rw- .stack


SECTION ALLOCATION MAP

 output                                  attributes/
section   page    origin      length       input sections
--------  ----  ----------  ----------   ----------------
.intvecs   0    00000000    000000e4     
                  00000000    000000e4     startup_msp432p401r_ccs.obj (.intvecs:retain)

.text      0    000000e4    000033c4     
                  000000e4    00000a4e     rtsv7M4_T_le_v4SPD16_eabi.lib : _printfi.c.obj (.text:__TI_printfi)
                  00000b32    00000002                                   : _lock.c.obj (.text:_nop)
                  00000b34    00000334     system_msp432p401r.obj (.text)
                  00000e68    00000328     main.obj (.text)
                  00001190    00000270     rtsv7M4_T_le_v4SPD16_eabi.lib : _printfi.c.obj (.text:_pconv_a)
                  00001400    000001d0                                   : _printfi.c.obj (.text:_pconv_g)
                  000015d0    000001b6                                   : fd_add_t2.asm.obj (.text)
                  00001786    00000002                                   : div0.asm.obj (.text)
                  00001788    000001b4     I2C.obj (.text)
                  0000193c    00000164     Read_Keypad.obj (.text)
                  00001aa0    0000013c     rtsv7M4_T_le_v4SPD16_eabi.lib : _printfi.c.obj (.text:_pconv_e)
                  00001bdc    00000136                                   : fd_div_t2.asm.obj (.text)
                  00001d12    00000002     --HOLE-- [fill = 0]
                  00001d14    00000124                                   : _printfi.c.obj (.text:fcvt)
                  00001e38    00000114                                   : fputs.c.obj (.text:fputs)
                  00001f4c    00000110                                   : s_scalbn.c.obj (.text:scalbn)
                  0000205c    00000100                                   : memory.c.obj (.text:aligned_alloc)
                  0000215c    000000fc                                   : fd_mul_t2.asm.obj (.text)
                  00002258    000000e4                                   : memory.c.obj (.text:free)
                  0000233c    000000dc                                   : setvbuf.c.obj (.text:setvbuf)
                  00002418    000000b1                                   : _printfi.c.obj (.text:_ltostr)
                  000024c9    00000001     --HOLE-- [fill = 0]
                  000024ca    0000009c                                   : memcpy_t2.asm.obj (.text)
                  00002566    00000096                                   : ull_div_t2.asm.obj (.text)
                  000025fc    0000008c                                   : fputc.c.obj (.text:fputc)
                  00002688    00000086                                   : fd_cmp_t2.asm.obj (.text:__aeabi_cdcmple)
                  0000270e    00000086                                   : fd_cmp_t2.asm.obj (.text:__aeabi_cdrcmple)
                  00002794    0000007a                                   : memset_t2.asm.obj (.text)
                  0000280e    00000002     --HOLE-- [fill = 0]
                  00002810    00000074                                   : fclose.c.obj (.text:__TI_closefile)
                  00002884    00000070                                   : memory.c.obj (.text:split)
                  000028f4    0000006e                                   : _printfi.c.obj (.text:_mcpy)
                  00002962    00000002     --HOLE-- [fill = 0]
                  00002964    0000006c                                   : hostrename.c.obj (.text:HOSTrename)
                  000029d0    00000068                                   : hostlseek.c.obj (.text:HOSTlseek)
                  00002a38    00000068                                   : copy_decompress_lzss.c.obj (.text:decompress:lzss:__TI_decompress_lzss)
                  00002aa0    00000068                                   : printf.c.obj (.text:printf)
                  00002b08    00000064                                   : s_frexp.c.obj (.text:frexp)
                  00002b6c    00000064                                   : fseek.c.obj (.text:fseek)
                  00002bd0    00000062                                   : _io_perm.c.obj (.text:__TI_wrt_ok)
                  00002c32    00000002     --HOLE-- [fill = 0]
                  00002c34    00000060                                   : hostopen.c.obj (.text:HOSTopen)
                  00002c94    0000005c                                   : close.c.obj (.text:close)
                  00002cf0    00000058                                   : hostread.c.obj (.text:HOSTread)
                  00002d48    00000058                                   : hostwrite.c.obj (.text:HOSTwrite)
                  00002da0    00000056                                   : _printfi.c.obj (.text:_pconv_f)
                  00002df6    00000054                                   : _ltoa.c.obj (.text:__TI_ltoa)
                  00002e4a    00000052                                   : _printfi.c.obj (.text:_ecpy)
                  00002e9c    00000050     SysTickTimer.obj (.text)
                  00002eec    0000004c     rtsv7M4_T_le_v4SPD16_eabi.lib : fflush.c.obj (.text:__TI_doflush)
                  00002f38    0000004c                                   : atoi.c.obj (.text:atoi)
                  00002f84    00000048                                   : exit.c.obj (.text:exit)
                  00002fcc    00000048                                   : fd_toi_t2.asm.obj (.text)
                  00003014    00000044                                   : hostclose.c.obj (.text:HOSTclose)
                  00003058    00000044                                   : hostunlink.c.obj (.text:HOSTunlink)
                  0000309c    00000044                                   : autoinit.c.obj (.text:__TI_auto_init_nobinit_nopinit:__TI_auto_init_nobinit_nopinit)
                  000030e0    00000044                                   : getdevice.c.obj (.text:getdevice)
                  00003124    0000003e                                   : _printfi.c.obj (.text:_fcpy)
                  00003162    00000002     --HOLE-- [fill = 0]
                  00003164    00000038                                   : trgmsg.c.obj (.text:__TI_writemsg)
                  0000319c    00000036                                   : strncpy.c.obj (.text:strncpy)
                  000031d2    00000002     --HOLE-- [fill = 0]
                  000031d4    00000034                                   : fopen.c.obj (.text:__TI_cleanup)
                  00003208    00000034                                   : trgmsg.c.obj (.text:__TI_readmsg)
                  0000323c    00000034                                   : boot_cortex_m.c.obj (.text:_c_int00_noargs:_c_int00_noargs)
                  00003270    00000030                                   : getdevice.c.obj (.text:finddevice)
                  000032a0    0000002e                                   : i_tofd_t2.asm.obj (.text)
                  000032ce    00000002     --HOLE-- [fill = 0]
                  000032d0    0000002c                                   : unlink.c.obj (.text:unlink)
                  000032fc    00000028                                   : memory.c.obj (.text:free_list_insert)
                  00003324    00000028                                   : lseek.c.obj (.text:lseek)
                  0000334c    00000028                                   : write.c.obj (.text:write)
                  00003374    00000020                                   : memchr.c.obj (.text:memchr)
                  00003394    0000001c                                   : copy_zero_init.c.obj (.text:decompress:ZI:__TI_zero_init_nomemset:__TI_zero_init_nomemset)
                  000033b0    0000001c                                   : memory.c.obj (.text:free_list_remove)
                  000033cc    0000001c                                   : memccpy.c.obj (.text:memccpy)
                  000033e8    0000001a                                   : s_copysign.c.obj (.text:copysign)
                  00003402    00000018                                   : strcmp.c.obj (.text:strcmp)
                  0000341a    00000016                                   : strchr.c.obj (.text:strchr)
                  00003430    00000014                                   : strcpy.c.obj (.text:strcpy)
                  00003444    00000014                                   : strlen.c.obj (.text:strlen)
                  00003458    00000012                                   : wcslen.c.obj (.text:wcslen)
                  0000346a    0000000e                                   : copy_decompress_none.c.obj (.text:decompress:none:__TI_decompress_none)
                  00003478    0000000e     startup_msp432p401r_ccs.obj (.text)
                  00003486    00000002     --HOLE-- [fill = 0]
                  00003488    00000008     rtsv7M4_T_le_v4SPD16_eabi.lib : errno.c.obj (.text:__aeabi_errno_addr)
                  00003490    00000008                                   : memory.c.obj (.text:malloc)
                  00003498    00000004                                   : printf.c.obj (.text:_outc)
                  0000349c    00000004                                   : printf.c.obj (.text:_outs)
                  000034a0    00000004                                   : pre_init.c.obj (.text:_system_pre_init)
                  000034a4    00000004                                   : exit.c.obj (.text:abort:abort)

.const     0    000034a8    00000108     
                  000034a8    00000101     rtsv7M4_T_le_v4SPD16_eabi.lib : ctype.c.obj (.const:.string:_ctypes_)
                  000035a9    00000007     main.obj (.const:.string:$P$T0$1)

.cinit     0    000035b0    00000098     
                  000035b0    0000006d     (.cinit..data.load) [load image, compression = lzss]
                  0000361d    00000003     --HOLE-- [fill = 0]
                  00003620    0000000c     (__TI_handler_table)
                  0000362c    00000004     --HOLE-- [fill = 0]
                  00003630    00000008     (.cinit..bss.load) [load image, compression = zero_init]
                  00003638    00000010     (__TI_cinit_table)

.init_array 
*          0    00000000    00000000     UNINITIALIZED

.binit     0    00000000    00000000     

.sysmem    0    20000000    00000400     UNINITIALIZED
                  20000000    00000010     rtsv7M4_T_le_v4SPD16_eabi.lib : memory.c.obj (.sysmem)
                  20000010    000003f0     --HOLE--

.data      0    20000400    000001ec     UNINITIALIZED
                  20000400    000000f0     rtsv7M4_T_le_v4SPD16_eabi.lib : defs.c.obj (.data:_ftable)
                  200004f0    00000078                                   : host_device.c.obj (.data:_device)
                  20000568    00000050                                   : host_device.c.obj (.data:_stream)
                  200005b8    00000010                                   : defs.c.obj (.data)
                  200005c8    0000000c                                   : exit.c.obj (.data:$O1$$)
                  200005d4    00000008                                   : _lock.c.obj (.data:$O1$$)
                  200005dc    00000008                                   : memory.c.obj (.data:$O1$$)
                  200005e4    00000004                                   : errno.c.obj (.data)
                  200005e8    00000004     system_msp432p401r.obj (.data)

.bss       0    200005f0    000001e3     UNINITIALIZED
                  200005f0    00000120     rtsv7M4_T_le_v4SPD16_eabi.lib : trgmsg.c.obj (.bss:_CIOBUF_)
                  20000710    000000a0     (.common:__TI_tmpnams)
                  200007b0    00000008     (.common:TempCelc)
                  200007b8    00000008     (.common:currDate)
                  200007c0    00000008     (.common:parmbuf)
                  200007c8    00000004     (.common:tempDec)
                  200007cc    00000004     (.common:tempInt)
                  200007d0    00000001     (.common:key)
                  200007d1    00000001     (.common:prevKey)
                  200007d2    00000001     (.common:recieveData)

.stack     0    2000fe00    00000200     UNINITIALIZED
                  2000fe00    00000004     rtsv7M4_T_le_v4SPD16_eabi.lib : boot_cortex_m.c.obj (.stack)
                  2000fe04    000001fc     --HOLE--

__llvm_prf_cnts 
*          0    20000000    00000000     UNINITIALIZED

MODULE SUMMARY

       Module                        code    ro data   rw data
       ------                        ----    -------   -------
    .\
       main.obj                      808     7         52     
       system_msp432p401r.obj        820     0         8      
       I2C.obj                       436     0         0      
       Read_Keypad.obj               356     0         2      
       startup_msp432p401r_ccs.obj   14      228       0      
       SysTickTimer.obj              80      0         0      
    +--+-----------------------------+-------+---------+---------+
       Total:                        2514    235       62     
                                                              
    C:\ti\ccs1040\ccs\tools\compiler\ti-cgt-arm_20.2.7.LTS\lib\rtsv7M4_T_le_v4SPD16_eabi.lib
       _printfi.c.obj                4851    0         0      
       defs.c.obj                    0       0         832    
       memory.c.obj                  672     0         16     
       trgmsg.c.obj                  108     0         576    
       fd_add_t2.asm.obj             438     0         0      
       host_device.c.obj             0       0         400    
       fd_div_t2.asm.obj             310     0         0      
       fputs.c.obj                   276     0         0      
       s_scalbn.c.obj                272     0         0      
       fd_cmp_t2.asm.obj             268     0         0      
       ctype.c.obj                   0       257       0      
       fd_mul_t2.asm.obj             252     0         0      
       setvbuf.c.obj                 220     0         0      
       memcpy_t2.asm.obj             156     0         0      
       ull_div_t2.asm.obj            150     0         0      
       fputc.c.obj                   140     0         0      
       memset_t2.asm.obj             122     0         0      
       fclose.c.obj                  116     0         0      
       getdevice.c.obj               116     0         0      
       hostopen.c.obj                96      0         16     
       printf.c.obj                  112     0         0      
       hostrename.c.obj              108     0         0      
       copy_decompress_lzss.c.obj    104     0         0      
       hostlseek.c.obj               104     0         0      
       exit.c.obj                    76      0         24     
       fseek.c.obj                   100     0         0      
       s_frexp.c.obj                 100     0         0      
       _io_perm.c.obj                98      0         0      
       close.c.obj                   92      0         0      
       hostread.c.obj                88      0         0      
       hostwrite.c.obj               88      0         0      
       _ltoa.c.obj                   84      0         0      
       atoi.c.obj                    76      0         0      
       fflush.c.obj                  76      0         0      
       fd_toi_t2.asm.obj             72      0         0      
       autoinit.c.obj                68      0         0      
       hostclose.c.obj               68      0         0      
       hostunlink.c.obj              68      0         0      
       strncpy.c.obj                 54      0         0      
       boot_cortex_m.c.obj           52      0         0      
       fopen.c.obj                   52      0         0      
       i_tofd_t2.asm.obj             46      0         0      
       unlink.c.obj                  44      0         0      
       lseek.c.obj                   40      0         0      
       write.c.obj                   40      0         0      
       memchr.c.obj                  32      0         0      
       copy_zero_init.c.obj          28      0         0      
       memccpy.c.obj                 28      0         0      
       s_copysign.c.obj              26      0         0      
       strcmp.c.obj                  24      0         0      
       strchr.c.obj                  22      0         0      
       strcpy.c.obj                  20      0         0      
       strlen.c.obj                  20      0         0      
       _lock.c.obj                   2       0         16     
       wcslen.c.obj                  18      0         0      
       errno.c.obj                   8       0         8      
       copy_decompress_none.c.obj    14      0         0      
       pre_init.c.obj                4       0         0      
       div0.asm.obj                  2       0         0      
    +--+-----------------------------+-------+---------+---------+
       Total:                        10721   257       1888   
                                                              
       Heap:                         0       0         2048   
       Stack:                        0       0         1024   
       Linker Generated:             0       145       0      
    +--+-----------------------------+-------+---------+---------+
       Grand Total:                  13235   637       5022   


LINKER GENERATED COPY TABLES

__TI_cinit_table @ 00003638 records: 2, size/record: 8, table size: 16
	.data: load addr=000035b0, load size=0000006d bytes, run addr=20000400, run size=000001ec bytes, compression=lzss
	.bss: load addr=00003630, load size=00000008 bytes, run addr=200005f0, run size=000001e3 bytes, compression=zero_init


LINKER GENERATED HANDLER TABLE

__TI_handler_table @ 00003620 records: 3, size/record: 4, table size: 12
	index: 0, handler: __TI_decompress_lzss
	index: 1, handler: __TI_decompress_none
	index: 2, handler: __TI_zero_init


GLOBAL SYMBOLS: SORTED ALPHABETICALLY BY Name 

address   name                           
-------   ----                           
00003485  ADC14_IRQHandler               
00003485  AES256_IRQHandler              
00003485  BusFault_Handler               
000034a5  C$$EXIT                        
00003193  C$$IO$$                        
00003485  COMP_E0_IRQHandler             
00003485  COMP_E1_IRQHandler             
00003485  CS_IRQHandler                  
00003485  DMA_ERR_IRQHandler             
00003485  DMA_INT0_IRQHandler            
00003485  DMA_INT1_IRQHandler            
00003485  DMA_INT2_IRQHandler            
00003485  DMA_INT3_IRQHandler            
00003485  DebugMon_Handler               
00003485  Default_Handler                
00003485  EUSCIA0_IRQHandler             
00003485  EUSCIA1_IRQHandler             
00003485  EUSCIA2_IRQHandler             
00003485  EUSCIA3_IRQHandler             
00003485  EUSCIB0_IRQHandler             
00003485  EUSCIB1_IRQHandler             
00003485  EUSCIB2_IRQHandler             
00003485  EUSCIB3_IRQHandler             
00003485  FLCTL_IRQHandler               
00003485  FPU_IRQHandler                 
00003015  HOSTclose                      
000029d1  HOSTlseek                      
00002c35  HOSTopen                       
00002cf1  HOSTread                       
00002965  HOSTrename                     
00003059  HOSTunlink                     
00002d49  HOSTwrite                      
00003485  HardFault_Handler              
00003485  MemManage_Handler              
00003485  NMI_Handler                    
00003485  PCM_IRQHandler                 
00003485  PORT1_IRQHandler               
00003485  PORT2_IRQHandler               
00003485  PORT3_IRQHandler               
00003485  PORT4_IRQHandler               
00003485  PORT5_IRQHandler               
00003485  PORT6_IRQHandler               
00003485  PSS_IRQHandler                 
00003485  PendSV_Handler                 
00003485  RTC_C_IRQHandler               
00001971  Read_Keypad                    
00003479  Reset_Handler                  
00003485  SVC_Handler                    
00002ec3  SysTickInit                    
00002e9d  SysTickTimer                   
00003485  SysTick_Handler                
200005e8  SystemCoreClock                
00000b35  SystemCoreClockUpdate          
00000dad  SystemInit                     
00003485  T32_INT1_IRQHandler            
00003485  T32_INT2_IRQHandler            
00003485  T32_INTC_IRQHandler            
00003485  TA0_0_IRQHandler               
00003485  TA0_N_IRQHandler               
00003485  TA1_0_IRQHandler               
00003485  TA1_N_IRQHandler               
00003485  TA2_0_IRQHandler               
00003485  TA2_N_IRQHandler               
00003485  TA3_0_IRQHandler               
00003485  TA3_N_IRQHandler               
200007b0  TempCelc                       
00003485  UsageFault_Handler             
4000480c  WDTCTL_SYM                     
00003485  WDT_A_IRQHandler               
200005f0  __CIOBUF_                      
20010000  __STACK_END                    
00000200  __STACK_SIZE                   
00000400  __SYSMEM_SIZE                  
00003638  __TI_CINIT_Base                
00003648  __TI_CINIT_Limit               
00003620  __TI_Handler_Table_Base        
0000362c  __TI_Handler_Table_Limit       
0000309d  __TI_auto_init_nobinit_nopinit 
000031d5  __TI_cleanup                   
200005c8  __TI_cleanup_ptr               
00002811  __TI_closefile                 
00002a39  __TI_decompress_lzss           
0000346b  __TI_decompress_none           
00002eed  __TI_doflush                   
200005cc  __TI_dtors_ptr                 
200005d0  __TI_enable_exit_profile_output
200005b8  __TI_ft_end                    
00002df7  __TI_ltoa                      
ffffffff  __TI_pprof_out_hndl            
000000e5  __TI_printfi                   
ffffffff  __TI_prof_data_size            
ffffffff  __TI_prof_data_start           
00003209  __TI_readmsg                   
00000000  __TI_static_base__             
20000710  __TI_tmpnams                   
00003165  __TI_writemsg                  
00002bd1  __TI_wrt_ok                    
00003395  __TI_zero_init_nomemset        
00002689  __aeabi_cdcmpeq                
00002689  __aeabi_cdcmple                
0000270f  __aeabi_cdrcmple               
00002fcd  __aeabi_d2iz                   
000015db  __aeabi_dadd                   
00001bdd  __aeabi_ddiv                   
0000215d  __aeabi_dmul                   
000015d1  __aeabi_dsub                   
00003489  __aeabi_errno_addr             
000032a1  __aeabi_i2d                    
00001787  __aeabi_idiv0                  
00001787  __aeabi_ldiv0                  
00002795  __aeabi_memclr                 
00002795  __aeabi_memclr4                
00002795  __aeabi_memclr8                
000024cb  __aeabi_memcpy                 
000024cb  __aeabi_memcpy4                
000024cb  __aeabi_memcpy8                
00002797  __aeabi_memset                 
00002797  __aeabi_memset4                
00002797  __aeabi_memset8                
200005c4  __aeabi_stderr                 
200005bc  __aeabi_stdin                  
200005c0  __aeabi_stdout                 
00002567  __aeabi_uldivmod               
ffffffff  __binit__                      
ffffffff  __c_args__                     
UNDEFED   __mpu_init                     
2000fe00  __stack                        
20000000  __start___llvm_prf_cnts        
20000000  __stop___llvm_prf_cnts         
0000323d  _c_int00_noargs                
000034a8  _ctypes_                       
200004f0  _device                        
20000400  _ftable                        
200005d4  _lock                          
00000b33  _nop                           
20000568  _stream                        
20000000  _sys_memory                    
UNDEFED   _system_post_cinit             
000034a1  _system_pre_init               
200005d8  _unlock                        
000034a5  abort                          
0000205d  aligned_alloc                  
00002f39  atoi                           
ffffffff  binit                          
00002c95  close                          
000033e9  copysign                       
000033e9  copysignl                      
200007b8  currDate                       
200005e4  errno                          
00002f85  exit                           
00003271  finddevice                     
000025fd  fputc                          
00001e39  fputs                          
00002259  free                           
00002b09  frexp                          
00002b09  frexpl                         
00002b6d  fseek                          
000030e1  getdevice                      
00000000  interruptVectors               
200007d0  key                            
0000193d  keypad_initialize              
00001f4d  ldexp                          
00001f4d  ldexpl                         
00003325  lseek                          
00000e69  main                           
00003491  malloc                         
0000205d  memalign                       
000033cd  memccpy                        
00003375  memchr                         
000024cb  memcpy                         
0000279d  memset                         
200007c0  parmbuf                        
200007d1  prevKey                        
00002aa1  printf                         
000025fd  putc                           
200007d2  recieveData                    
000032d1  remove                         
00001f4d  scalbn                         
00001f4d  scalbnl                        
0000233d  setvbuf                        
0000341b  strchr                         
00003403  strcmp                         
00003431  strcpy                         
00003445  strlen                         
0000319d  strncpy                        
200007c8  tempDec                        
200007cc  tempInt                        
000032d1  unlink                         
0000180f  vI2C_Initlize                  
00003459  wcslen                         
0000334d  write                          
00001789  xI2C_Read                      
00001855  xI2C_Write                     


GLOBAL SYMBOLS: SORTED BY Symbol Address 

address   name                           
-------   ----                           
00000000  __TI_static_base__             
00000000  interruptVectors               
000000e5  __TI_printfi                   
00000200  __STACK_SIZE                   
00000400  __SYSMEM_SIZE                  
00000b33  _nop                           
00000b35  SystemCoreClockUpdate          
00000dad  SystemInit                     
00000e69  main                           
000015d1  __aeabi_dsub                   
000015db  __aeabi_dadd                   
00001787  __aeabi_idiv0                  
00001787  __aeabi_ldiv0                  
00001789  xI2C_Read                      
0000180f  vI2C_Initlize                  
00001855  xI2C_Write                     
0000193d  keypad_initialize              
00001971  Read_Keypad                    
00001bdd  __aeabi_ddiv                   
00001e39  fputs                          
00001f4d  ldexp                          
00001f4d  ldexpl                         
00001f4d  scalbn                         
00001f4d  scalbnl                        
0000205d  aligned_alloc                  
0000205d  memalign                       
0000215d  __aeabi_dmul                   
00002259  free                           
0000233d  setvbuf                        
000024cb  __aeabi_memcpy                 
000024cb  __aeabi_memcpy4                
000024cb  __aeabi_memcpy8                
000024cb  memcpy                         
00002567  __aeabi_uldivmod               
000025fd  fputc                          
000025fd  putc                           
00002689  __aeabi_cdcmpeq                
00002689  __aeabi_cdcmple                
0000270f  __aeabi_cdrcmple               
00002795  __aeabi_memclr                 
00002795  __aeabi_memclr4                
00002795  __aeabi_memclr8                
00002797  __aeabi_memset                 
00002797  __aeabi_memset4                
00002797  __aeabi_memset8                
0000279d  memset                         
00002811  __TI_closefile                 
00002965  HOSTrename                     
000029d1  HOSTlseek                      
00002a39  __TI_decompress_lzss           
00002aa1  printf                         
00002b09  frexp                          
00002b09  frexpl                         
00002b6d  fseek                          
00002bd1  __TI_wrt_ok                    
00002c35  HOSTopen                       
00002c95  close                          
00002cf1  HOSTread                       
00002d49  HOSTwrite                      
00002df7  __TI_ltoa                      
00002e9d  SysTickTimer                   
00002ec3  SysTickInit                    
00002eed  __TI_doflush                   
00002f39  atoi                           
00002f85  exit                           
00002fcd  __aeabi_d2iz                   
00003015  HOSTclose                      
00003059  HOSTunlink                     
0000309d  __TI_auto_init_nobinit_nopinit 
000030e1  getdevice                      
00003165  __TI_writemsg                  
00003193  C$$IO$$                        
0000319d  strncpy                        
000031d5  __TI_cleanup                   
00003209  __TI_readmsg                   
0000323d  _c_int00_noargs                
00003271  finddevice                     
000032a1  __aeabi_i2d                    
000032d1  remove                         
000032d1  unlink                         
00003325  lseek                          
0000334d  write                          
00003375  memchr                         
00003395  __TI_zero_init_nomemset        
000033cd  memccpy                        
000033e9  copysign                       
000033e9  copysignl                      
00003403  strcmp                         
0000341b  strchr                         
00003431  strcpy                         
00003445  strlen                         
00003459  wcslen                         
0000346b  __TI_decompress_none           
00003479  Reset_Handler                  
00003485  ADC14_IRQHandler               
00003485  AES256_IRQHandler              
00003485  BusFault_Handler               
00003485  COMP_E0_IRQHandler             
00003485  COMP_E1_IRQHandler             
00003485  CS_IRQHandler                  
00003485  DMA_ERR_IRQHandler             
00003485  DMA_INT0_IRQHandler            
00003485  DMA_INT1_IRQHandler            
00003485  DMA_INT2_IRQHandler            
00003485  DMA_INT3_IRQHandler            
00003485  DebugMon_Handler               
00003485  Default_Handler                
00003485  EUSCIA0_IRQHandler             
00003485  EUSCIA1_IRQHandler             
00003485  EUSCIA2_IRQHandler             
00003485  EUSCIA3_IRQHandler             
00003485  EUSCIB0_IRQHandler             
00003485  EUSCIB1_IRQHandler             
00003485  EUSCIB2_IRQHandler             
00003485  EUSCIB3_IRQHandler             
00003485  FLCTL_IRQHandler               
00003485  FPU_IRQHandler                 
00003485  HardFault_Handler              
00003485  MemManage_Handler              
00003485  NMI_Handler                    
00003485  PCM_IRQHandler                 
00003485  PORT1_IRQHandler               
00003485  PORT2_IRQHandler               
00003485  PORT3_IRQHandler               
00003485  PORT4_IRQHandler               
00003485  PORT5_IRQHandler               
00003485  PORT6_IRQHandler               
00003485  PSS_IRQHandler                 
00003485  PendSV_Handler                 
00003485  RTC_C_IRQHandler               
00003485  SVC_Handler                    
00003485  SysTick_Handler                
00003485  T32_INT1_IRQHandler            
00003485  T32_INT2_IRQHandler            
00003485  T32_INTC_IRQHandler            
00003485  TA0_0_IRQHandler               
00003485  TA0_N_IRQHandler               
00003485  TA1_0_IRQHandler               
00003485  TA1_N_IRQHandler               
00003485  TA2_0_IRQHandler               
00003485  TA2_N_IRQHandler               
00003485  TA3_0_IRQHandler               
00003485  TA3_N_IRQHandler               
00003485  UsageFault_Handler             
00003485  WDT_A_IRQHandler               
00003489  __aeabi_errno_addr             
00003491  malloc                         
000034a1  _system_pre_init               
000034a5  C$$EXIT                        
000034a5  abort                          
000034a8  _ctypes_                       
00003620  __TI_Handler_Table_Base        
0000362c  __TI_Handler_Table_Limit       
00003638  __TI_CINIT_Base                
00003648  __TI_CINIT_Limit               
20000000  __start___llvm_prf_cnts        
20000000  __stop___llvm_prf_cnts         
20000000  _sys_memory                    
20000400  _ftable                        
200004f0  _device                        
20000568  _stream                        
200005b8  __TI_ft_end                    
200005bc  __aeabi_stdin                  
200005c0  __aeabi_stdout                 
200005c4  __aeabi_stderr                 
200005c8  __TI_cleanup_ptr               
200005cc  __TI_dtors_ptr                 
200005d0  __TI_enable_exit_profile_output
200005d4  _lock                          
200005d8  _unlock                        
200005e4  errno                          
200005e8  SystemCoreClock                
200005f0  __CIOBUF_                      
20000710  __TI_tmpnams                   
200007b0  TempCelc                       
200007b8  currDate                       
200007c0  parmbuf                        
200007c8  tempDec                        
200007cc  tempInt                        
200007d0  key                            
200007d1  prevKey                        
200007d2  recieveData                    
2000fe00  __stack                        
20010000  __STACK_END                    
4000480c  WDTCTL_SYM                     
ffffffff  __TI_pprof_out_hndl            
ffffffff  __TI_prof_data_size            
ffffffff  __TI_prof_data_start           
ffffffff  __binit__                      
ffffffff  __c_args__                     
ffffffff  binit                          
UNDEFED   __mpu_init                     
UNDEFED   _system_post_cinit             

[193 symbols]
