******************************************************************************
                  TI ARM Linker PC v20.2.7                     
******************************************************************************
>> Linked Fri Oct  7 02:03:55 2022

OUTPUT FILE NAME:   <EGR326_Lab5_Part01.out>
ENTRY POINT SYMBOL: "_c_int00_noargs"  address: 00002f8d


MEMORY CONFIGURATION

         name            origin    length      used     unused   attr    fill
----------------------  --------  ---------  --------  --------  ----  --------
  MAIN                  00000000   00040000  00003399  0003cc67  R  X
  INFO                  00200000   00004000  00000000  00004000  R  X
  SRAM_CODE             01000000   00010000  000009c5  0000f63b  RW X
  SRAM_DATA             20000000   00010000  000009c5  0000f63b  RW  


SEGMENT ALLOCATION MAP

run origin  load origin   length   init length attrs members
----------  ----------- ---------- ----------- ----- -------
00000000    00000000    000033a0   000033a0    r-x
  00000000    00000000    000000e4   000000e4    r-- .intvecs
  000000e4    000000e4    00003114   00003114    r-x .text
  000031f8    000031f8    00000101   00000101    r-- .const
  00003300    00003300    000000a0   000000a0    r-- .cinit
20000000    20000000    000007c5   00000000    rw-
  20000000    20000000    00000400   00000000    rw- .sysmem
  20000400    20000400    000001f4   00000000    rw- .data
  200005f4    200005f4    000001d1   00000000    rw- .bss
2000fe00    2000fe00    00000200   00000000    rw-
  2000fe00    2000fe00    00000200   00000000    rw- .stack


SECTION ALLOCATION MAP

 output                                  attributes/
section   page    origin      length       input sections
--------  ----  ----------  ----------   ----------------
.intvecs   0    00000000    000000e4     
                  00000000    000000e4     startup_msp432p401r_ccs.obj (.intvecs:retain)

.text      0    000000e4    00003114     
                  000000e4    00000a4e     rtsv7M4_T_le_v4SPD16_eabi.lib : _printfi.c.obj (.text:__TI_printfi)
                  00000b32    00000002                                   : _lock.c.obj (.text:_nop)
                  00000b34    00000334     system_msp432p401r.obj (.text)
                  00000e68    00000270     rtsv7M4_T_le_v4SPD16_eabi.lib : _printfi.c.obj (.text:_pconv_a)
                  000010d8    000001d0                                   : _printfi.c.obj (.text:_pconv_g)
                  000012a8    000001b6                                   : fd_add_t2.asm.obj (.text)
                  0000145e    00000002                                   : div0.asm.obj (.text)
                  00001460    000001a4     I2C.obj (.text)
                  00001604    00000164     Read_Keypad.obj (.text)
                  00001768    0000013c     rtsv7M4_T_le_v4SPD16_eabi.lib : _printfi.c.obj (.text:_pconv_e)
                  000018a4    00000136                                   : fd_div_t2.asm.obj (.text)
                  000019da    00000002     --HOLE-- [fill = 0]
                  000019dc    00000124                                   : _printfi.c.obj (.text:fcvt)
                  00001b00    00000114                                   : fputs.c.obj (.text:fputs)
                  00001c14    00000110                                   : s_scalbn.c.obj (.text:scalbn)
                  00001d24    00000100                                   : memory.c.obj (.text:aligned_alloc)
                  00001e24    000000fc                                   : fd_mul_t2.asm.obj (.text)
                  00001f20    000000e4                                   : memory.c.obj (.text:free)
                  00002004    000000dc                                   : setvbuf.c.obj (.text:setvbuf)
                  000020e0    000000b1                                   : _printfi.c.obj (.text:_ltostr)
                  00002191    00000001     --HOLE-- [fill = 0]
                  00002192    0000009c                                   : memcpy_t2.asm.obj (.text)
                  0000222e    00000096                                   : ull_div_t2.asm.obj (.text)
                  000022c4    0000008c                                   : fputc.c.obj (.text:fputc)
                  00002350    00000088     main.obj (.text)
                  000023d8    00000086     rtsv7M4_T_le_v4SPD16_eabi.lib : fd_cmp_t2.asm.obj (.text:__aeabi_cdcmple)
                  0000245e    00000086                                   : fd_cmp_t2.asm.obj (.text:__aeabi_cdrcmple)
                  000024e4    0000007a                                   : memset_t2.asm.obj (.text)
                  0000255e    00000002     --HOLE-- [fill = 0]
                  00002560    00000074                                   : fclose.c.obj (.text:__TI_closefile)
                  000025d4    00000070                                   : memory.c.obj (.text:split)
                  00002644    0000006e                                   : _printfi.c.obj (.text:_mcpy)
                  000026b2    00000002     --HOLE-- [fill = 0]
                  000026b4    0000006c                                   : hostrename.c.obj (.text:HOSTrename)
                  00002720    00000068                                   : hostlseek.c.obj (.text:HOSTlseek)
                  00002788    00000068                                   : copy_decompress_lzss.c.obj (.text:decompress:lzss:__TI_decompress_lzss)
                  000027f0    00000068                                   : printf.c.obj (.text:printf)
                  00002858    00000064                                   : s_frexp.c.obj (.text:frexp)
                  000028bc    00000064                                   : fseek.c.obj (.text:fseek)
                  00002920    00000062                                   : _io_perm.c.obj (.text:__TI_wrt_ok)
                  00002982    00000002     --HOLE-- [fill = 0]
                  00002984    00000060                                   : hostopen.c.obj (.text:HOSTopen)
                  000029e4    0000005c                                   : close.c.obj (.text:close)
                  00002a40    00000058                                   : hostread.c.obj (.text:HOSTread)
                  00002a98    00000058                                   : hostwrite.c.obj (.text:HOSTwrite)
                  00002af0    00000056                                   : _printfi.c.obj (.text:_pconv_f)
                  00002b46    00000054                                   : _ltoa.c.obj (.text:__TI_ltoa)
                  00002b9a    00000052                                   : _printfi.c.obj (.text:_ecpy)
                  00002bec    00000050     SysTickTimer.obj (.text)
                  00002c3c    0000004c     rtsv7M4_T_le_v4SPD16_eabi.lib : fflush.c.obj (.text:__TI_doflush)
                  00002c88    0000004c                                   : atoi.c.obj (.text:atoi)
                  00002cd4    00000048                                   : exit.c.obj (.text:exit)
                  00002d1c    00000048                                   : fd_toi_t2.asm.obj (.text)
                  00002d64    00000044                                   : hostclose.c.obj (.text:HOSTclose)
                  00002da8    00000044                                   : hostunlink.c.obj (.text:HOSTunlink)
                  00002dec    00000044                                   : autoinit.c.obj (.text:__TI_auto_init_nobinit_nopinit:__TI_auto_init_nobinit_nopinit)
                  00002e30    00000044                                   : getdevice.c.obj (.text:getdevice)
                  00002e74    0000003e                                   : _printfi.c.obj (.text:_fcpy)
                  00002eb2    00000002     --HOLE-- [fill = 0]
                  00002eb4    00000038                                   : trgmsg.c.obj (.text:__TI_writemsg)
                  00002eec    00000036                                   : strncpy.c.obj (.text:strncpy)
                  00002f22    00000002     --HOLE-- [fill = 0]
                  00002f24    00000034                                   : fopen.c.obj (.text:__TI_cleanup)
                  00002f58    00000034                                   : trgmsg.c.obj (.text:__TI_readmsg)
                  00002f8c    00000034                                   : boot_cortex_m.c.obj (.text:_c_int00_noargs:_c_int00_noargs)
                  00002fc0    00000030                                   : getdevice.c.obj (.text:finddevice)
                  00002ff0    0000002e                                   : i_tofd_t2.asm.obj (.text)
                  0000301e    00000002     --HOLE-- [fill = 0]
                  00003020    0000002c                                   : unlink.c.obj (.text:unlink)
                  0000304c    00000028                                   : memory.c.obj (.text:free_list_insert)
                  00003074    00000028                                   : lseek.c.obj (.text:lseek)
                  0000309c    00000028                                   : write.c.obj (.text:write)
                  000030c4    00000020                                   : memchr.c.obj (.text:memchr)
                  000030e4    0000001c                                   : copy_zero_init.c.obj (.text:decompress:ZI:__TI_zero_init_nomemset:__TI_zero_init_nomemset)
                  00003100    0000001c                                   : memory.c.obj (.text:free_list_remove)
                  0000311c    0000001c                                   : memccpy.c.obj (.text:memccpy)
                  00003138    0000001a                                   : s_copysign.c.obj (.text:copysign)
                  00003152    00000018                                   : strcmp.c.obj (.text:strcmp)
                  0000316a    00000016                                   : strchr.c.obj (.text:strchr)
                  00003180    00000014                                   : strcpy.c.obj (.text:strcpy)
                  00003194    00000014                                   : strlen.c.obj (.text:strlen)
                  000031a8    00000012                                   : wcslen.c.obj (.text:wcslen)
                  000031ba    0000000e                                   : copy_decompress_none.c.obj (.text:decompress:none:__TI_decompress_none)
                  000031c8    0000000e     startup_msp432p401r_ccs.obj (.text)
                  000031d6    00000002     --HOLE-- [fill = 0]
                  000031d8    00000008     rtsv7M4_T_le_v4SPD16_eabi.lib : errno.c.obj (.text:__aeabi_errno_addr)
                  000031e0    00000008                                   : memory.c.obj (.text:malloc)
                  000031e8    00000004                                   : printf.c.obj (.text:_outc)
                  000031ec    00000004                                   : printf.c.obj (.text:_outs)
                  000031f0    00000004                                   : pre_init.c.obj (.text:_system_pre_init)
                  000031f4    00000004                                   : exit.c.obj (.text:abort:abort)

.const     0    000031f8    00000101     
                  000031f8    00000101     rtsv7M4_T_le_v4SPD16_eabi.lib : ctype.c.obj (.const:.string:_ctypes_)

.cinit     0    00003300    000000a0     
                  00003300    00000076     (.cinit..data.load) [load image, compression = lzss]
                  00003376    00000002     --HOLE-- [fill = 0]
                  00003378    0000000c     (__TI_handler_table)
                  00003384    00000004     --HOLE-- [fill = 0]
                  00003388    00000008     (.cinit..bss.load) [load image, compression = zero_init]
                  00003390    00000010     (__TI_cinit_table)

.init_array 
*          0    00000000    00000000     UNINITIALIZED

.binit     0    00000000    00000000     

.sysmem    0    20000000    00000400     UNINITIALIZED
                  20000000    00000010     rtsv7M4_T_le_v4SPD16_eabi.lib : memory.c.obj (.sysmem)
                  20000010    000003f0     --HOLE--

.data      0    20000400    000001f4     UNINITIALIZED
                  20000400    000000f0     rtsv7M4_T_le_v4SPD16_eabi.lib : defs.c.obj (.data:_ftable)
                  200004f0    00000078                                   : host_device.c.obj (.data:_device)
                  20000568    00000050                                   : host_device.c.obj (.data:_stream)
                  200005b8    00000010                                   : defs.c.obj (.data)
                  200005c8    0000000c                                   : exit.c.obj (.data:$O1$$)
                  200005d4    00000008                                   : _lock.c.obj (.data:$O1$$)
                  200005dc    00000008                                   : memory.c.obj (.data:$O1$$)
                  200005e4    00000007     main.obj (.data:timeDateWrite)
                  200005eb    00000001     --HOLE--
                  200005ec    00000004     rtsv7M4_T_le_v4SPD16_eabi.lib : errno.c.obj (.data)
                  200005f0    00000004     system_msp432p401r.obj (.data)

.bss       0    200005f4    000001d1     UNINITIALIZED
                  200005f4    00000120     rtsv7M4_T_le_v4SPD16_eabi.lib : trgmsg.c.obj (.bss:_CIOBUF_)
                  20000714    000000a0     (.common:__TI_tmpnams)
                  200007b4    00000008     (.common:parmbuf)
                  200007bc    00000008     (.common:timeDateRead)
                  200007c4    00000001     (.common:key)

.stack     0    2000fe00    00000200     UNINITIALIZED
                  2000fe00    00000004     rtsv7M4_T_le_v4SPD16_eabi.lib : boot_cortex_m.c.obj (.stack)
                  2000fe04    000001fc     --HOLE--

__llvm_prf_cnts 
*          0    20000000    00000000     UNINITIALIZED

MODULE SUMMARY

       Module                        code    ro data   rw data
       ------                        ----    -------   -------
    .\
       system_msp432p401r.obj        820     0         8      
       I2C.obj                       420     0         0      
       Read_Keypad.obj               356     0         2      
       startup_msp432p401r_ccs.obj   14      228       0      
       main.obj                      136     0         30     
       SysTickTimer.obj              80      0         0      
    +--+-----------------------------+-------+---------+---------+
       Total:                        1826    228       40     
                                                              
    C:\ti\ccs1040\ccs\tools\compiler\ti-cgt-arm_20.2.7.LTS\lib\rtsv7M4_T_le_v4SPD16_eabi.lib
       _printfi.c.obj                4851    0         0      
       defs.c.obj                    0       0         832    
       memory.c.obj                  672     0         16     
       trgmsg.c.obj                  108     0         576    
       fd_add_t2.asm.obj             438     0         0      
       host_device.c.obj             0       0         400    
       fd_div_t2.asm.obj             310     0         0      
       fputs.c.obj                   276     0         0      
       s_scalbn.c.obj                272     0         0      
       fd_cmp_t2.asm.obj             268     0         0      
       ctype.c.obj                   0       257       0      
       fd_mul_t2.asm.obj             252     0         0      
       setvbuf.c.obj                 220     0         0      
       memcpy_t2.asm.obj             156     0         0      
       ull_div_t2.asm.obj            150     0         0      
       fputc.c.obj                   140     0         0      
       memset_t2.asm.obj             122     0         0      
       fclose.c.obj                  116     0         0      
       getdevice.c.obj               116     0         0      
       hostopen.c.obj                96      0         16     
       printf.c.obj                  112     0         0      
       hostrename.c.obj              108     0         0      
       copy_decompress_lzss.c.obj    104     0         0      
       hostlseek.c.obj               104     0         0      
       exit.c.obj                    76      0         24     
       fseek.c.obj                   100     0         0      
       s_frexp.c.obj                 100     0         0      
       _io_perm.c.obj                98      0         0      
       close.c.obj                   92      0         0      
       hostread.c.obj                88      0         0      
       hostwrite.c.obj               88      0         0      
       _ltoa.c.obj                   84      0         0      
       atoi.c.obj                    76      0         0      
       fflush.c.obj                  76      0         0      
       fd_toi_t2.asm.obj             72      0         0      
       autoinit.c.obj                68      0         0      
       hostclose.c.obj               68      0         0      
       hostunlink.c.obj              68      0         0      
       strncpy.c.obj                 54      0         0      
       boot_cortex_m.c.obj           52      0         0      
       fopen.c.obj                   52      0         0      
       i_tofd_t2.asm.obj             46      0         0      
       unlink.c.obj                  44      0         0      
       lseek.c.obj                   40      0         0      
       write.c.obj                   40      0         0      
       memchr.c.obj                  32      0         0      
       copy_zero_init.c.obj          28      0         0      
       memccpy.c.obj                 28      0         0      
       s_copysign.c.obj              26      0         0      
       strcmp.c.obj                  24      0         0      
       strchr.c.obj                  22      0         0      
       strcpy.c.obj                  20      0         0      
       strlen.c.obj                  20      0         0      
       _lock.c.obj                   2       0         16     
       wcslen.c.obj                  18      0         0      
       errno.c.obj                   8       0         8      
       copy_decompress_none.c.obj    14      0         0      
       pre_init.c.obj                4       0         0      
       div0.asm.obj                  2       0         0      
    +--+-----------------------------+-------+---------+---------+
       Total:                        10721   257       1888   
                                                              
       Heap:                         0       0         2048   
       Stack:                        0       0         1024   
       Linker Generated:             0       154       0      
    +--+-----------------------------+-------+---------+---------+
       Grand Total:                  12547   639       5000   


LINKER GENERATED COPY TABLES

__TI_cinit_table @ 00003390 records: 2, size/record: 8, table size: 16
	.data: load addr=00003300, load size=00000076 bytes, run addr=20000400, run size=000001f4 bytes, compression=lzss
	.bss: load addr=00003388, load size=00000008 bytes, run addr=200005f4, run size=000001d1 bytes, compression=zero_init


LINKER GENERATED HANDLER TABLE

__TI_handler_table @ 00003378 records: 3, size/record: 4, table size: 12
	index: 0, handler: __TI_decompress_lzss
	index: 1, handler: __TI_decompress_none
	index: 2, handler: __TI_zero_init


GLOBAL SYMBOLS: SORTED ALPHABETICALLY BY Name 

address   name                           
-------   ----                           
000031d5  ADC14_IRQHandler               
000031d5  AES256_IRQHandler              
000031d5  BusFault_Handler               
000031f5  C$$EXIT                        
00002ee3  C$$IO$$                        
000031d5  COMP_E0_IRQHandler             
000031d5  COMP_E1_IRQHandler             
000031d5  CS_IRQHandler                  
000031d5  DMA_ERR_IRQHandler             
000031d5  DMA_INT0_IRQHandler            
000031d5  DMA_INT1_IRQHandler            
000031d5  DMA_INT2_IRQHandler            
000031d5  DMA_INT3_IRQHandler            
000031d5  DebugMon_Handler               
000031d5  Default_Handler                
000031d5  EUSCIA0_IRQHandler             
000031d5  EUSCIA1_IRQHandler             
000031d5  EUSCIA2_IRQHandler             
000031d5  EUSCIA3_IRQHandler             
000031d5  EUSCIB0_IRQHandler             
000031d5  EUSCIB1_IRQHandler             
000031d5  EUSCIB2_IRQHandler             
000031d5  EUSCIB3_IRQHandler             
000031d5  FLCTL_IRQHandler               
000031d5  FPU_IRQHandler                 
00002d65  HOSTclose                      
00002721  HOSTlseek                      
00002985  HOSTopen                       
00002a41  HOSTread                       
000026b5  HOSTrename                     
00002da9  HOSTunlink                     
00002a99  HOSTwrite                      
000031d5  HardFault_Handler              
000031d5  MemManage_Handler              
000031d5  NMI_Handler                    
000031d5  PCM_IRQHandler                 
000031d5  PORT1_IRQHandler               
000031d5  PORT2_IRQHandler               
000031d5  PORT3_IRQHandler               
000031d5  PORT4_IRQHandler               
000031d5  PORT5_IRQHandler               
000031d5  PORT6_IRQHandler               
000031d5  PSS_IRQHandler                 
000031d5  PendSV_Handler                 
000031d5  RTC_C_IRQHandler               
00001605  Read_Keypad                    
000031c9  Reset_Handler                  
000031d5  SVC_Handler                    
00002c13  SysTickInit                    
00002bed  SysTickTimer                   
000031d5  SysTick_Handler                
200005f0  SystemCoreClock                
00000b35  SystemCoreClockUpdate          
00000dad  SystemInit                     
000031d5  T32_INT1_IRQHandler            
000031d5  T32_INT2_IRQHandler            
000031d5  T32_INTC_IRQHandler            
000031d5  TA0_0_IRQHandler               
000031d5  TA0_N_IRQHandler               
000031d5  TA1_0_IRQHandler               
000031d5  TA1_N_IRQHandler               
000031d5  TA2_0_IRQHandler               
000031d5  TA2_N_IRQHandler               
000031d5  TA3_0_IRQHandler               
000031d5  TA3_N_IRQHandler               
000031d5  UsageFault_Handler             
4000480c  WDTCTL_SYM                     
000031d5  WDT_A_IRQHandler               
200005f4  __CIOBUF_                      
20010000  __STACK_END                    
00000200  __STACK_SIZE                   
00000400  __SYSMEM_SIZE                  
00003390  __TI_CINIT_Base                
000033a0  __TI_CINIT_Limit               
00003378  __TI_Handler_Table_Base        
00003384  __TI_Handler_Table_Limit       
00002ded  __TI_auto_init_nobinit_nopinit 
00002f25  __TI_cleanup                   
200005c8  __TI_cleanup_ptr               
00002561  __TI_closefile                 
00002789  __TI_decompress_lzss           
000031bb  __TI_decompress_none           
00002c3d  __TI_doflush                   
200005cc  __TI_dtors_ptr                 
200005d0  __TI_enable_exit_profile_output
200005b8  __TI_ft_end                    
00002b47  __TI_ltoa                      
ffffffff  __TI_pprof_out_hndl            
000000e5  __TI_printfi                   
ffffffff  __TI_prof_data_size            
ffffffff  __TI_prof_data_start           
00002f59  __TI_readmsg                   
00000000  __TI_static_base__             
20000714  __TI_tmpnams                   
00002eb5  __TI_writemsg                  
00002921  __TI_wrt_ok                    
000030e5  __TI_zero_init_nomemset        
000023d9  __aeabi_cdcmpeq                
000023d9  __aeabi_cdcmple                
0000245f  __aeabi_cdrcmple               
00002d1d  __aeabi_d2iz                   
000012b3  __aeabi_dadd                   
000018a5  __aeabi_ddiv                   
00001e25  __aeabi_dmul                   
000012a9  __aeabi_dsub                   
000031d9  __aeabi_errno_addr             
00002ff1  __aeabi_i2d                    
0000145f  __aeabi_idiv0                  
0000145f  __aeabi_ldiv0                  
000024e5  __aeabi_memclr                 
000024e5  __aeabi_memclr4                
000024e5  __aeabi_memclr8                
00002193  __aeabi_memcpy                 
00002193  __aeabi_memcpy4                
00002193  __aeabi_memcpy8                
000024e7  __aeabi_memset                 
000024e7  __aeabi_memset4                
000024e7  __aeabi_memset8                
200005c4  __aeabi_stderr                 
200005bc  __aeabi_stdin                  
200005c0  __aeabi_stdout                 
0000222f  __aeabi_uldivmod               
ffffffff  __binit__                      
ffffffff  __c_args__                     
UNDEFED   __mpu_init                     
2000fe00  __stack                        
20000000  __start___llvm_prf_cnts        
20000000  __stop___llvm_prf_cnts         
00002f8d  _c_int00_noargs                
000031f8  _ctypes_                       
200004f0  _device                        
20000400  _ftable                        
200005d4  _lock                          
00000b33  _nop                           
20000568  _stream                        
20000000  _sys_memory                    
UNDEFED   _system_post_cinit             
000031f1  _system_pre_init               
200005d8  _unlock                        
000031f5  abort                          
00001d25  aligned_alloc                  
00002c89  atoi                           
ffffffff  binit                          
000029e5  close                          
00003139  copysign                       
00003139  copysignl                      
200005ec  errno                          
00002cd5  exit                           
00002fc1  finddevice                     
000022c5  fputc                          
00001b01  fputs                          
00001f21  free                           
00002859  frexp                          
00002859  frexpl                         
000028bd  fseek                          
00002e31  getdevice                      
00001539  i2c_burstRead                  
0000149b  i2c_burstWrite                 
00001461  i2c_init                       
00000000  interruptVectors               
200007c4  key                            
00001719  keypad_initialize              
00001c15  ldexp                          
00001c15  ldexpl                         
00003075  lseek                          
00002351  main                           
000031e1  malloc                         
00001d25  memalign                       
0000311d  memccpy                        
000030c5  memchr                         
00002193  memcpy                         
000024ed  memset                         
200007b4  parmbuf                        
000027f1  printf                         
000022c5  putc                           
00003021  remove                         
00001c15  scalbn                         
00001c15  scalbnl                        
00002005  setvbuf                        
0000316b  strchr                         
00003153  strcmp                         
00003181  strcpy                         
00003195  strlen                         
00002eed  strncpy                        
200007bc  timeDateRead                   
200005e4  timeDateWrite                  
00003021  unlink                         
000031a9  wcslen                         
0000309d  write                          


GLOBAL SYMBOLS: SORTED BY Symbol Address 

address   name                           
-------   ----                           
00000000  __TI_static_base__             
00000000  interruptVectors               
000000e5  __TI_printfi                   
00000200  __STACK_SIZE                   
00000400  __SYSMEM_SIZE                  
00000b33  _nop                           
00000b35  SystemCoreClockUpdate          
00000dad  SystemInit                     
000012a9  __aeabi_dsub                   
000012b3  __aeabi_dadd                   
0000145f  __aeabi_idiv0                  
0000145f  __aeabi_ldiv0                  
00001461  i2c_init                       
0000149b  i2c_burstWrite                 
00001539  i2c_burstRead                  
00001605  Read_Keypad                    
00001719  keypad_initialize              
000018a5  __aeabi_ddiv                   
00001b01  fputs                          
00001c15  ldexp                          
00001c15  ldexpl                         
00001c15  scalbn                         
00001c15  scalbnl                        
00001d25  aligned_alloc                  
00001d25  memalign                       
00001e25  __aeabi_dmul                   
00001f21  free                           
00002005  setvbuf                        
00002193  __aeabi_memcpy                 
00002193  __aeabi_memcpy4                
00002193  __aeabi_memcpy8                
00002193  memcpy                         
0000222f  __aeabi_uldivmod               
000022c5  fputc                          
000022c5  putc                           
00002351  main                           
000023d9  __aeabi_cdcmpeq                
000023d9  __aeabi_cdcmple                
0000245f  __aeabi_cdrcmple               
000024e5  __aeabi_memclr                 
000024e5  __aeabi_memclr4                
000024e5  __aeabi_memclr8                
000024e7  __aeabi_memset                 
000024e7  __aeabi_memset4                
000024e7  __aeabi_memset8                
000024ed  memset                         
00002561  __TI_closefile                 
000026b5  HOSTrename                     
00002721  HOSTlseek                      
00002789  __TI_decompress_lzss           
000027f1  printf                         
00002859  frexp                          
00002859  frexpl                         
000028bd  fseek                          
00002921  __TI_wrt_ok                    
00002985  HOSTopen                       
000029e5  close                          
00002a41  HOSTread                       
00002a99  HOSTwrite                      
00002b47  __TI_ltoa                      
00002bed  SysTickTimer                   
00002c13  SysTickInit                    
00002c3d  __TI_doflush                   
00002c89  atoi                           
00002cd5  exit                           
00002d1d  __aeabi_d2iz                   
00002d65  HOSTclose                      
00002da9  HOSTunlink                     
00002ded  __TI_auto_init_nobinit_nopinit 
00002e31  getdevice                      
00002eb5  __TI_writemsg                  
00002ee3  C$$IO$$                        
00002eed  strncpy                        
00002f25  __TI_cleanup                   
00002f59  __TI_readmsg                   
00002f8d  _c_int00_noargs                
00002fc1  finddevice                     
00002ff1  __aeabi_i2d                    
00003021  remove                         
00003021  unlink                         
00003075  lseek                          
0000309d  write                          
000030c5  memchr                         
000030e5  __TI_zero_init_nomemset        
0000311d  memccpy                        
00003139  copysign                       
00003139  copysignl                      
00003153  strcmp                         
0000316b  strchr                         
00003181  strcpy                         
00003195  strlen                         
000031a9  wcslen                         
000031bb  __TI_decompress_none           
000031c9  Reset_Handler                  
000031d5  ADC14_IRQHandler               
000031d5  AES256_IRQHandler              
000031d5  BusFault_Handler               
000031d5  COMP_E0_IRQHandler             
000031d5  COMP_E1_IRQHandler             
000031d5  CS_IRQHandler                  
000031d5  DMA_ERR_IRQHandler             
000031d5  DMA_INT0_IRQHandler            
000031d5  DMA_INT1_IRQHandler            
000031d5  DMA_INT2_IRQHandler            
000031d5  DMA_INT3_IRQHandler            
000031d5  DebugMon_Handler               
000031d5  Default_Handler                
000031d5  EUSCIA0_IRQHandler             
000031d5  EUSCIA1_IRQHandler             
000031d5  EUSCIA2_IRQHandler             
000031d5  EUSCIA3_IRQHandler             
000031d5  EUSCIB0_IRQHandler             
000031d5  EUSCIB1_IRQHandler             
000031d5  EUSCIB2_IRQHandler             
000031d5  EUSCIB3_IRQHandler             
000031d5  FLCTL_IRQHandler               
000031d5  FPU_IRQHandler                 
000031d5  HardFault_Handler              
000031d5  MemManage_Handler              
000031d5  NMI_Handler                    
000031d5  PCM_IRQHandler                 
000031d5  PORT1_IRQHandler               
000031d5  PORT2_IRQHandler               
000031d5  PORT3_IRQHandler               
000031d5  PORT4_IRQHandler               
000031d5  PORT5_IRQHandler               
000031d5  PORT6_IRQHandler               
000031d5  PSS_IRQHandler                 
000031d5  PendSV_Handler                 
000031d5  RTC_C_IRQHandler               
000031d5  SVC_Handler                    
000031d5  SysTick_Handler                
000031d5  T32_INT1_IRQHandler            
000031d5  T32_INT2_IRQHandler            
000031d5  T32_INTC_IRQHandler            
000031d5  TA0_0_IRQHandler               
000031d5  TA0_N_IRQHandler               
000031d5  TA1_0_IRQHandler               
000031d5  TA1_N_IRQHandler               
000031d5  TA2_0_IRQHandler               
000031d5  TA2_N_IRQHandler               
000031d5  TA3_0_IRQHandler               
000031d5  TA3_N_IRQHandler               
000031d5  UsageFault_Handler             
000031d5  WDT_A_IRQHandler               
000031d9  __aeabi_errno_addr             
000031e1  malloc                         
000031f1  _system_pre_init               
000031f5  C$$EXIT                        
000031f5  abort                          
000031f8  _ctypes_                       
00003378  __TI_Handler_Table_Base        
00003384  __TI_Handler_Table_Limit       
00003390  __TI_CINIT_Base                
000033a0  __TI_CINIT_Limit               
20000000  __start___llvm_prf_cnts        
20000000  __stop___llvm_prf_cnts         
20000000  _sys_memory                    
20000400  _ftable                        
200004f0  _device                        
20000568  _stream                        
200005b8  __TI_ft_end                    
200005bc  __aeabi_stdin                  
200005c0  __aeabi_stdout                 
200005c4  __aeabi_stderr                 
200005c8  __TI_cleanup_ptr               
200005cc  __TI_dtors_ptr                 
200005d0  __TI_enable_exit_profile_output
200005d4  _lock                          
200005d8  _unlock                        
200005e4  timeDateWrite                  
200005ec  errno                          
200005f0  SystemCoreClock                
200005f4  __CIOBUF_                      
20000714  __TI_tmpnams                   
200007b4  parmbuf                        
200007bc  timeDateRead                   
200007c4  key                            
2000fe00  __stack                        
20010000  __STACK_END                    
4000480c  WDTCTL_SYM                     
ffffffff  __TI_pprof_out_hndl            
ffffffff  __TI_prof_data_size            
ffffffff  __TI_prof_data_start           
ffffffff  __binit__                      
ffffffff  __c_args__                     
ffffffff  binit                          
UNDEFED   __mpu_init                     
UNDEFED   _system_post_cinit             

[189 symbols]
